Component: ARM Compiler 5.06 update 1 (build 61) Tool: armlink [4d35a8]

==============================================================================

Section Cross References

    main.o(i.app_error_handler) refers to printf8.o(i.__0printf$8) for __2printf
    main.o(i.app_error_handler) refers to strncpy.o(.text) for strncpy
    main.o(i.app_error_handler) refers to main.o(.bss) for .bss
    main.o(i.app_error_handler) refers to main.o(.data) for .data
    main.o(i.app_mqtt_evt_handler) refers to printf8.o(i.__0printf$8) for __2printf
    main.o(i.app_mqtt_evt_handler) refers to main.o(.data) for .data
    main.o(i.app_mqtt_publish) refers to strlen.o(.text) for strlen
    main.o(i.app_mqtt_publish) refers to mqtt.o(i.mqtt_publish) for mqtt_publish
    main.o(i.app_mqtt_publish) refers to printf8.o(i.__0printf$8) for __2printf
    main.o(i.app_mqtt_publish) refers to main.o(.data) for .data
    main.o(i.app_mqtt_publish) refers to main.o(.bss) for .bss
    main.o(i.assert_nrf_callback) refers to main.o(i.app_error_handler) for app_error_handler
    main.o(i.blink_timeout_handler) refers to main.o(.data) for .data
    main.o(i.button_event_handler) refers to mqtt.o(i.mqtt_disconnect) for mqtt_disconnect
    main.o(i.button_event_handler) refers to mqtt.o(i.mqtt_client_init) for mqtt_client_init
    main.o(i.button_event_handler) refers to strlen.o(.text) for strlen
    main.o(i.button_event_handler) refers to mqtt.o(i.mqtt_connect) for mqtt_connect
    main.o(i.button_event_handler) refers to main.o(i.app_error_handler) for app_error_handler
    main.o(i.button_event_handler) refers to main.o(i.app_mqtt_publish) for app_mqtt_publish
    main.o(i.button_event_handler) refers to main.o(.data) for .data
    main.o(i.button_event_handler) refers to main.o(.bss) for .bss
    main.o(i.button_event_handler) refers to main.o(.constdata) for .constdata
    main.o(i.button_event_handler) refers to main.o(i.app_mqtt_evt_handler) for app_mqtt_evt_handler
    main.o(i.connectable_mode_enter) refers to ipv6_medium_ble.o(i.ipv6_medium_connectable_mode_enter) for ipv6_medium_connectable_mode_enter
    main.o(i.connectable_mode_enter) refers to main.o(i.app_error_handler) for app_error_handler
    main.o(i.connectable_mode_enter) refers to printf8.o(i.__0printf$8) for __2printf
    main.o(i.connectable_mode_enter) refers to main.o(.data) for .data
    main.o(i.iot_timer_tick_callback) refers to iot_timer.o(i.iot_timer_update) for iot_timer_update
    main.o(i.iot_timer_tick_callback) refers to main.o(i.app_error_handler) for app_error_handler
    main.o(i.ip_stack_init) refers to ipv6_medium_ble.o(i.ipv6_medium_eui64_get) for ipv6_medium_eui64_get
    main.o(i.ip_stack_init) refers to mem_manager.o(i.nrf_mem_init) for nrf_mem_init
    main.o(i.ip_stack_init) refers to init.o(i.lwip_init) for lwip_init
    main.o(i.ip_stack_init) refers to nrf_platform_port.o(i.nrf_driver_init) for nrf_driver_init
    main.o(i.ip_stack_init) refers to mqtt.o(i.mqtt_init) for mqtt_init
    main.o(i.ip_stack_init) refers to main.o(i.app_error_handler) for app_error_handler
    main.o(i.ip_stack_init) refers to main.o(.data) for .data
    main.o(i.main) refers to app_trace.o(i.app_trace_init) for app_trace_init
    main.o(i.main) refers to app_timer.o(i.app_timer_init) for app_timer_init
    main.o(i.main) refers to app_timer.o(i.app_timer_create) for app_timer_create
    main.o(i.main) refers to iot_timer.o(i.iot_timer_client_list_set) for iot_timer_client_list_set
    main.o(i.main) refers to app_timer.o(i.app_timer_start) for app_timer_start
    main.o(i.main) refers to app_button.o(i.app_button_init) for app_button_init
    main.o(i.main) refers to app_button.o(i.app_button_enable) for app_button_enable
    main.o(i.main) refers to ipv6_medium_ble.o(i.ipv6_medium_init) for ipv6_medium_init
    main.o(i.main) refers to ipv6_medium_ble.o(i.ipv6_medium_eui48_get) for ipv6_medium_eui48_get
    main.o(i.main) refers to ipv6_medium_ble.o(i.ipv6_medium_eui48_set) for ipv6_medium_eui48_set
    main.o(i.main) refers to main.o(i.ip_stack_init) for ip_stack_init
    main.o(i.main) refers to main.o(i.connectable_mode_enter) for connectable_mode_enter
    main.o(i.main) refers to main.o(i.app_error_handler) for app_error_handler
    main.o(i.main) refers to main.o(.bss) for .bss
    main.o(i.main) refers to main.o(i.iot_timer_tick_callback) for iot_timer_tick_callback
    main.o(i.main) refers to main.o(.constdata) for .constdata
    main.o(i.main) refers to main.o(.data) for .data
    main.o(i.main) refers to main.o(i.on_ipv6_medium_evt) for on_ipv6_medium_evt
    main.o(i.main) refers to main.o(i.on_ipv6_medium_error) for on_ipv6_medium_error
    main.o(i.nrf_driver_interface_down) refers to printf8.o(i.__0printf$8) for __2printf
    main.o(i.nrf_driver_interface_down) refers to main.o(.data) for .data
    main.o(i.nrf_driver_interface_up) refers to printf8.o(i.__0printf$8) for __2printf
[...]
    tcp_seg_free                             0x00036779   Thumb Code    26  tcp.o(i.tcp_seg_free)
    tcp_segs_free                            0x00036793   Thumb Code    18  tcp.o(i.tcp_segs_free)
    tcp_send_empty_ack                       0x000367a5   Thumb Code   156  tcp_out.o(i.tcp_send_empty_ack)
    tcp_send_fin                             0x00036841   Thumb Code    72  tcp_out.o(i.tcp_send_fin)
    tcp_sent                                 0x00036889   Thumb Code     6  tcp.o(i.tcp_sent)
    tcp_slowtmr                              0x00036891   Thumb Code   658  tcp.o(i.tcp_slowtmr)
    tcp_timer_needed                         0x00036b31   Thumb Code    36  timers.o(i.tcp_timer_needed)
    tcp_tmr                                  0x00036be5   Thumb Code    28  tcp.o(i.tcp_tmr)
    tcp_trigger_input_pcb_close              0x00036c05   Thumb Code    12  tcp_in.o(i.tcp_trigger_input_pcb_close)
    tcp_update_rcv_ann_wnd                   0x00036c15   Thumb Code    60  tcp.o(i.tcp_update_rcv_ann_wnd)
    tcp_write                                0x00036c51   Thumb Code   996  tcp_out.o(i.tcp_write)
    tcp_write_complete_cb                    0x00037035   Thumb Code    12  mqtt_transport.o(i.tcp_write_complete_cb)
    tcp_zero_window_probe                    0x00037041   Thumb Code   212  tcp_out.o(i.tcp_zero_window_probe)
    uart_error_handle                        0x000375b1   Thumb Code    22  app_trace.o(i.uart_error_handle)
    udp_init                                 0x00037665   Thumb Code     2  udp.o(i.udp_init)
    udp_input                                0x00037669   Thumb Code   574  udp.o(i.udp_input)
    udp_netif_ipv4_addr_changed              0x000378b1   Thumb Code    50  udp.o(i.udp_netif_ipv4_addr_changed)
    unpack_bin_str                           0x000378f3   Thumb Code    38  mqtt_decoder.o(i.unpack_bin_str)
    unpack_uint16                            0x00037919   Thumb Code    44  mqtt_decoder.o(i.unpack_uint16)
    unpack_utf8_str                          0x00037945   Thumb Code    62  mqtt_decoder.o(i.unpack_utf8_str)
    zero_len_str_encode                      0x0003888d   Thumb Code    12  mqtt_encoder.o(i.zero_len_str_encode)
    ip_addr_any                              0x000388ec   Data           4  ip4_addr.o(.constdata)
    ip6_addr_any                             0x000388f0   Data          16  ip6_addr.o(.constdata)
    memp_sizes                               0x00038900   Data          16  memp.o(.constdata)
    tcp_persist_backoff                      0x00038910   Data           7  tcp.o(.constdata)
    tcp_state_str                            0x00038918   Data          44  tcp.o(.constdata)
    tcp_backoff                              0x00038944   Data          13  tcp.o(.constdata)
    tcp_pcb_lists                            0x00038954   Data          16  tcp.o(.constdata)
    transport_fn                             0x000389a8   Data          32  mqtt.o(.constdata)
    mqtt_3_1_0_proto_desc_str                0x000389c8   Data           6  mqtt_encoder.o(.constdata)
    mqtt_3_1_0_proto_desc                    0x000389d0   Data           8  mqtt_encoder.o(.constdata)
    mbedtls_cipher_definitions               0x0003ae14   Data          56  cipher_wrap.o(.constdata)
    mbedtls_md5_info                         0x0003af60   Data          48  md_wrap.o(.constdata)
    mbedtls_sha1_info                        0x0003af90   Data          48  md_wrap.o(.constdata)
    mbedtls_sha224_info                      0x0003afc0   Data          48  md_wrap.o(.constdata)
    mbedtls_sha256_info                      0x0003aff0   Data          48  md_wrap.o(.constdata)
    mbedtls_sha384_info                      0x0003b020   Data          48  md_wrap.o(.constdata)
    mbedtls_sha512_info                      0x0003b050   Data          48  md_wrap.o(.constdata)
    mbedtls_rsa_info                         0x0003b668   Data          48  pk_wrap.o(.constdata)
    mbedtls_eckey_info                       0x0003b698   Data          48  pk_wrap.o(.constdata)
    mbedtls_eckeydh_info                     0x0003b6c8   Data          48  pk_wrap.o(.constdata)
    mbedtls_ecdsa_info                       0x0003b6f8   Data          48  pk_wrap.o(.constdata)
    mbedtls_x509_crt_profile_default         0x0003bcdc   Data          16  x509_crt.o(.constdata)
    mbedtls_x509_crt_profile_suiteb          0x0003bd94   Data          16  x509_crt.o(.constdata)
    Region$$Table$$Base                      0x0003cf04   Number         0  anon$$obj.o(Region$$Table)
    Region$$Table$$Limit                     0x0003cf24   Number         0  anon$$obj.o(Region$$Table)
    eui64_local_iid                          0x20002810   Data           8  main.o(.data)
    reachable_time                           0x20002860   Data           4  nd6.o(.data)
    retrans_timer                            0x20002864   Data           4  nd6.o(.data)
    netif_list                               0x2000286c   Data           4  netif.o(.data)
    netif_default                            0x20002870   Data           4  netif.o(.data)
    pbuf_free_ooseq_pending                  0x20002874   Data           1  pbuf.o(.data)
    tcp_active_pcbs_changed                  0x20002878   Data           1  tcp.o(.data)
    tcp_ticks                                0x20002884   Data           4  tcp.o(.data)
    tcp_bound_pcbs                           0x20002888   Data           4  tcp.o(.data)
    tcp_listen_pcbs                          0x2000288c   Data           4  tcp.o(.data)
    tcp_active_pcbs                          0x20002890   Data           4  tcp.o(.data)
    tcp_tw_pcbs                              0x20002894   Data           4  tcp.o(.data)
    tcp_tmp_pcb                              0x20002898   Data           4  tcp.o(.data)
    tcp_input_pcb                            0x200028b8   Data           4  tcp_in.o(.data)
    udp_pcbs                                 0x200028cc   Data           4  udp.o(.data)
    p_mqtt_proto_desc                        0x2000290c   Data           4  mqtt_encoder.o(.data)
    __stdout                                 0x20002948   Data           4  retarget.o(.data)
    mbedtls_calloc                           0x2000296c   Data           4  platform.o(.data)
    mbedtls_free                             0x20002970   Data           4  platform.o(.data)
    SystemCoreClock                          0x200029a8   Data           4  system_nrf52.o(.data)
    ip_data                                  0x20002cd0   Data          52  ip4.o(.bss)
    neighbor_cache                           0x20002d04   Data         400  nd6.o(.bss)
    destination_cache                        0x20002e94   Data         400  nd6.o(.bss)
    prefix_list                              0x20003024   Data         140  nd6.o(.bss)
    default_router_list                      0x200030b0   Data          36  nd6.o(.bss)
    m_blenetif_table                         0x20003104   Data         124  nrf_platform_port.o(.bss)
    __initial_sp                             0x2000f358   Data           0  arm_startup_nrf52.o(STACK)



==============================================================================

Memory Map of the image

  Image Entry point : 0x0001f401

  Load Region LR_IROM1 (Base: 0x0001f000, Size: 0x0001e0e0, Max: 0x00061000, ABSOLUTE, COMPRESSED[0x0001df88])

    Execution Region ER_IROM1 (Base: 0x0001f000, Size: 0x0001df24, Max: 0x00061000, ABSOLUTE)

    Base Addr    Size         Type   Attr      Idx    E Section Name        Object

    0x0001f000   0x00000400   Data   RO         8864    RESET               arm_startup_nrf52.o
    0x0001f400   0x00000000   Code   RO         8963  * .ARM.Collect$$$$00000000  mc_w.l(entry.o)
    0x0001f400   0x00000004   Code   RO         9255    .ARM.Collect$$$$00000001  mc_w.l(entry2.o)
    0x0001f404   0x00000004   Code   RO         9258    .ARM.Collect$$$$00000004  mc_w.l(entry5.o)
    0x0001f408   0x00000000   Code   RO         9260    .ARM.Collect$$$$00000008  mc_w.l(entry7b.o)
    0x0001f408   0x00000000   Code   RO         9262    .ARM.Collect$$$$0000000A  mc_w.l(entry8b.o)
    0x0001f408   0x00000008   Code   RO         9263    .ARM.Collect$$$$0000000B  mc_w.l(entry9a.o)
    0x0001f410   0x00000000   Code   RO         9265    .ARM.Collect$$$$0000000D  mc_w.l(entry10a.o)
    0x0001f410   0x00000000   Code   RO         9267    .ARM.Collect$$$$0000000F  mc_w.l(entry11a.o)
    0x0001f410   0x00000004   Code   RO         9256    .ARM.Collect$$$$00002712  mc_w.l(entry2.o)
    0x0001f414   0x00000076   Code   RO         4428    .emb_text           app_timer.o
    0x0001f48a   0x00000002   PAD
    0x0001f48c   0x00000024   Code   RO         8865    .text               arm_startup_nrf52.o
    0x0001f4b0   0x00000062   Code   RO         8966    .text               mc_w.l(uldiv.o)
    0x0001f512   0x00000040   Code   RO         8970    .text               mc_w.l(memmovea.o)
    0x0001f552   0x00000024   Code   RO         8972    .text               mc_w.l(memseta.o)
    0x0001f576   0x00000024   Code   RO         8974    .text               mc_w.l(strstr.o)
    0x0001f59a   0x00000018   Code   RO         8976    .text               mc_w.l(strncpy.o)
    0x0001f5b2   0x0000000e   Code   RO         8978    .text               mc_w.l(strlen.o)
    0x0001f5c0   0x0000001a   Code   RO         8982    .text               mc_w.l(memcmp.o)
    0x0001f5da   0x0000001e   Code   RO         9271    .text               mc_w.l(llshl.o)
    0x0001f5f8   0x00000020   Code   RO         9273    .text               mc_w.l(llushr.o)
    0x0001f618   0x00000024   Code   RO         9292    .text               mc_w.l(init.o)
    0x0001f63c   0x00000056   Code   RO         9313    .text               mc_w.l(__dczerorl2.o)
    0x0001f692   0x00000002   PAD
    0x0001f694   0x00000104   Code   RO         2969    i.GPIOTE_IRQHandler  nrf_drv_gpiote.o
    0x0001f798   0x00000016   Code   RO         4429    i.NVIC_ClearPendingIRQ  app_timer.o
    0x0001f7ae   0x00000016   Code   RO         4430    i.NVIC_EnableIRQ    app_timer.o
    0x0001f7c4   0x00000016   Code   RO         4431    i.NVIC_SetPendingIRQ  app_timer.o
    0x0001f7da   0x00000020   Code   RO         4432    i.NVIC_SetPriority  app_timer.o
    0x0001f7fa   0x00000002   PAD
    0x0001f7fc   0x00000024   Code   RO         4433    i.RTC1_IRQHandler   app_timer.o
    0x0001f820   0x00000004   Code   RO         4434    i.SWI0_EGU0_IRQHandler  app_timer.o
    0x0001f824   0x00000028   Code   RO         4748    i.SWI2_EGU2_IRQHandler  softdevice_handler.o
    0x0001f84c   0x00000120   Code   RO         8873    i.SystemInit        system_nrf52.o
    0x0001f96c   0x00000190   Code   RO         3224    i.UARTE0_UART0_IRQHandler  nrf_drv_uart.o
    0x0001fafc   0x00000020   Code   RO         9197    i.__0printf$8       mc_w.l(printf8.o)
    0x0001fb1c   0x0000000e   Code   RO         9307    i.__scatterload_copy  mc_w.l(handlers.o)
    0x0001fb2a   0x00000002   Code   RO         9308    i.__scatterload_null  mc_w.l(handlers.o)
    0x0001fb2c   0x0000000e   Code   RO         9309    i.__scatterload_zeroinit  mc_w.l(handlers.o)
    0x0001fb3a   0x00000002   PAD
    0x0001fb3c   0x00000410   Code   RO         9204    i._printf_core      mc_w.l(printf8.o)
    0x0001ff4c   0x00000024   Code   RO         9205    i._printf_post_padding  mc_w.l(printf8.o)
    0x0001ff70   0x0000002e   Code   RO         9206    i._printf_pre_padding  mc_w.l(printf8.o)
    0x0001ff9e   0x0000001a   Code   RO         6106    i.add32             ecp_curves.o
    0x0001ffb8   0x0000001c   Code   RO         5471    i.add_one_and_zeros_padding  cipher.o
    0x0001ffd4   0x00000022   Code   RO         5472    i.add_zeros_and_len_padding  cipher.o
    0x0001fff6   0x0000000e   Code   RO         5473    i.add_zeros_padding  cipher.o
    0x00020004   0x00000202   Code   RO         2653    i.adv_data_encode   ble_advdata.o
    0x00020206   0x00000002   PAD
    0x00020208   0x00000098   Code   RO         3765    i.adv_params_set    ipv6_medium_ble.o
    0x000202a0   0x00000010   Code   RO         5610    i.aes_crypt_cbc_wrap  cipher_wrap.o
    0x000202b0   0x00000004   Code   RO         5611    i.aes_crypt_ecb_wrap  cipher_wrap.o
    0x000202b4   0x00000024   Code   RO         5612    i.aes_ctx_alloc     cipher_wrap.o
    0x000202d8   0x00000018   Code   RO         5613    i.aes_ctx_free      cipher_wrap.o
    0x000202f0   0x00000004   Code   RO         5614    i.aes_setkey_dec_wrap  cipher_wrap.o
    0x000202f4   0x00000004   Code   RO         5615    i.aes_setkey_enc_wrap  cipher_wrap.o
    0x000202f8   0x00000024   Code   RO         4238    i.app_button_enable  app_button.o
    0x0002031c   0x00000070   Code   RO         4239    i.app_button_init   app_button.o
    0x0002038c   0x0000007c   Code   RO            4    i.app_error_handler  main.o
    0x00020408   0x00000016   Code   RO         4324    i.app_fifo_get      app_fifo.o
    0x0002041e   0x00000020   Code   RO         4325    i.app_fifo_init     app_fifo.o
    0x0002043e   0x0000001a   Code   RO         4326    i.app_fifo_put      app_fifo.o
    0x00020458   0x0000004a   Code   RO         4327    i.app_fifo_read     app_fifo.o
    0x000204a2   0x0000004e   Code   RO         4328    i.app_fifo_write    app_fifo.o
    0x000204f0   0x000000c0   Code   RO            5    i.app_mqtt_evt_handler  main.o
    0x000205b0   0x000000c4   Code   RO            6    i.app_mqtt_publish  main.o
    0x00020674   0x00000010   Code   RO         4436    i.app_timer_cnt_get  app_timer.o
    0x00020684   0x00000024   Code   RO         4437    i.app_timer_create  app_timer.o
    0x000206a8   0x00000090   Code   RO         4438    i.app_timer_init    app_timer.o
    0x00020738   0x00000080   Code   RO         4439    i.app_timer_start   app_timer.o
    0x000207b8   0x00000050   Code   RO         4440    i.app_timer_stop    app_timer.o
    0x00020808   0x00000040   Code   RO         4598    i.app_trace_init    app_trace.o
    0x00020848   0x0000009c   Code   RO         2829    i.app_uart_init     app_uart_fifo.o
    0x000208e4   0x0000002c   Code   RO         2830    i.app_uart_put      app_uart_fifo.o
    0x00020910   0x00000078   Code   RO         3225    i.apply_config      nrf_drv_uart.o
    0x00020988   0x0000003c   Code   RO         8908    i.ble_6lowpan_init  ble_6lowpan.lib(ble_6lowpan.o)
    0x000209c4   0x000000c0   Code   RO         8910    i.ble_6lowpan_interface_send  ble_6lowpan.lib(ble_6lowpan.o)
    0x00020a84   0x00000068   Code   RO         2654    i.ble_advdata_set   ble_advdata.o
    0x00020aec   0x0000005e   Code   RO         2655    i.ble_device_addr_encode  ble_advdata.o
    0x00020b4a   0x00000004   Code   RO         3766    i.ble_evt_dispatch  ipv6_medium_ble.o
    0x00020b4e   0x00000002   PAD
    0x00020b50   0x00000058   Code   RO         8944    i.ble_ipsp_disconnect  ble_6lowpan.lib(ble_ipsp.o)
    0x00020ba8   0x000002f0   Code   RO         8945    i.ble_ipsp_evt_handler  ble_6lowpan.lib(ble_ipsp.o)
    0x00020e98   0x00000040   Code   RO         8946    i.ble_ipsp_init     ble_6lowpan.lib(ble_ipsp.o)
    0x00020ed8   0x0000004c   Code   RO         8947    i.ble_ipsp_send     ble_6lowpan.lib(ble_ipsp.o)
    0x00020f24   0x00000050   Code   RO         3767    i.ble_stack_init    ipv6_medium_ble.o
    0x00020f74   0x00000022   Code   RO         1690    i.blenetif_init     nrf_platform_port.o
    0x00020f96   0x0000003c   Code   RO         1691    i.blenetif_output   nrf_platform_port.o
    0x00020fd2   0x00000002   PAD
    0x00020fd4   0x000000fc   Code   RO         1692    i.blenetif_transport_callback  nrf_platform_port.o
    0x000210d0   0x0000007c   Code   RO            8    i.blink_timeout_handler  main.o
    0x0002114c   0x00000020   Code   RO         4640    i.block_init        mem_manager.o
    0x0002116c   0x0000009c   Code   RO            9    i.button_event_handler  main.o
    0x00021208   0x0000001c   Code   RO         2970    i.channel_free      nrf_drv_gpiote.o
    0x00021224   0x00000030   Code   RO         8948    i.channel_init      ble_6lowpan.lib(ble_ipsp.o)
    0x00021254   0x00000048   Code   RO         2971    i.channel_port_alloc  nrf_drv_gpiote.o
    0x0002129c   0x00000010   Code   RO         2972    i.channel_port_get  nrf_drv_gpiote.o
    0x000212ac   0x0000002c   Code   RO         8949    i.channel_search    ble_6lowpan.lib(ble_ipsp.o)
    0x000212d8   0x00000046   Code   RO         3891    i.client_init       mqtt.o
    0x0002131e   0x00000002   PAD
    0x00021320   0x000000ac   Code   RO         4442    i.compare_reg_update  app_timer.o
    0x000213cc   0x00000088   Code   RO         2656    i.conn_int_encode   ble_advdata.o
    0x00021454   0x00000108   Code   RO         4025    i.connect_request_encode  mqtt_encoder.o
    0x0002155c   0x00000058   Code   RO           10    i.connectable_mode_enter  main.o
    0x000215b4   0x00000044   Code   RO         3654    i.context_find_by_cid  iot_context_manager.o
    0x000215f8   0x000000ac   Code   RO         3655    i.context_find_by_prefix  iot_context_manager.o
    0x000216a4   0x00000014   Code   RO         3656    i.context_init      iot_context_manager.o
    0x000216b8   0x00000014   Code   RO         3657    i.context_table_find  iot_context_manager.o
    0x000216cc   0x0000003c   Code   RO         3658    i.context_table_init  iot_context_manager.o
    0x00021708   0x0000005c   Code   RO         5768    i.derive_mpi        ecdsa.o
    0x00021764   0x00000060   Code   RO         4241    i.detection_delay_timeout_handler  app_button.o
    0x000217c4   0x0000001c   Code   RO         6902    i.ecdsa_alloc_wrap  pk_wrap.o
    0x000217e0   0x0000000c   Code   RO         6903    i.ecdsa_can_do      pk_wrap.o
    0x000217ec   0x00000018   Code   RO         6904    i.ecdsa_free_wrap   pk_wrap.o
    0x00021804   0x0000001a   Code   RO         6905    i.ecdsa_sign_wrap   pk_wrap.o
    0x0002181e   0x00000062   Code   RO         5769    i.ecdsa_signature_to_asn1  ecdsa.o
    0x00021880   0x00000020   Code   RO         6906    i.ecdsa_verify_wrap  pk_wrap.o
    0x000218a0   0x0000001c   Code   RO         6907    i.eckey_alloc_wrap  pk_wrap.o
    0x000218bc   0x00000014   Code   RO         6908    i.eckey_can_do      pk_wrap.o
    0x000218d0   0x00000004   Code   RO         6909    i.eckey_check_pair  pk_wrap.o
    0x000218d4   0x00000018   Code   RO         6910    i.eckey_debug       pk_wrap.o
    0x000218ec   0x00000018   Code   RO         6911    i.eckey_free_wrap   pk_wrap.o
    0x00021904   0x00000004   Code   RO         6912    i.eckey_get_bitlen  pk_wrap.o
    0x00021908   0x0000004c   Code   RO         6913    i.eckey_sign_wrap   pk_wrap.o
    0x00021954   0x00000044   Code   RO         6914    i.eckey_verify_wrap  pk_wrap.o
    0x00021998   0x00000010   Code   RO         6915    i.eckeydh_can_do    pk_wrap.o
    0x000219a8   0x00000358   Code   RO         5841    i.ecp_add_mixed     ecp.o
    0x00021d00   0x00000140   Code   RO         5842    i.ecp_check_pubkey_sw  ecp.o
    0x00021e40   0x00000078   Code   RO         5843    i.ecp_comb_fixed    ecp.o
    0x00021eb8   0x000003d0   Code   RO         5844    i.ecp_double_jac    ecp.o
    0x00022288   0x00000014   Code   RO         5845    i.ecp_get_type      ecp.o
    0x0002229c   0x00000084   Code   RO         6107    i.ecp_group_load    ecp_curves.o
    0x00022320   0x00000444   Code   RO         6108    i.ecp_mod_p256      ecp_curves.o
    0x00022764   0x00000088   Code   RO         5846    i.ecp_modp          ecp.o
    0x000227ec   0x0000000c   Code   RO         6109    i.ecp_mpi_load      ecp_curves.o
    0x000227f8   0x000001a0   Code   RO         5847    i.ecp_mul_comb      ecp.o
    0x00022998   0x00000094   Code   RO         5848    i.ecp_mul_comb_core  ecp.o
    0x00022a2c   0x000000ba   Code   RO         5849    i.ecp_normalize_jac  ecp.o
    0x00022ae6   0x00000002   PAD
    0x00022ae8   0x000001e8   Code   RO         5850    i.ecp_normalize_jac_many  ecp.o
    0x00022cd0   0x000000d8   Code   RO         5851    i.ecp_precompute_comb  ecp.o
    0x00022da8   0x00000104   Code   RO         5852    i.ecp_randomize_jac  ecp.o
    0x00022eac   0x00000044   Code   RO         5853    i.ecp_safe_invert_jac  ecp.o
    0x00022ef0   0x00000068   Code   RO         5854    i.ecp_select_comb   ecp.o
    0x00022f58   0x00000040   Code   RO         4443    i.elapsed_ticks_acquire  app_timer.o
    0x00022f98   0x00000014   Code   RO         4329    i.fifo_get          app_fifo.o
    0x00022fac   0x00000012   Code   RO         4330    i.fifo_put          app_fifo.o
    0x00022fbe   0x0000000e   Code   RO         4711    i.fputc             retarget.o
    0x00022fcc   0x00000044   Code   RO         3768    i.gap_params_apply  ipv6_medium_ble.o
    0x00023010   0x00000048   Code   RO         3769    i.gap_params_set    ipv6_medium_ble.o
    0x00023058   0x0000003c   Code   RO         4641    i.get_block_cat     mem_manager.o
    0x00023094   0x00000018   Code   RO         4642    i.get_block_size    mem_manager.o
    0x000230ac   0x00000014   Code   RO         5474    i.get_no_padding    cipher.o
    0x000230c0   0x00000078   Code   RO         5475    i.get_one_and_zeros_padding  cipher.o
    0x00023138   0x00000060   Code   RO         5476    i.get_zeros_and_len_padding  cipher.o
    0x00023198   0x00000040   Code   RO         5477    i.get_zeros_padding  cipher.o
    0x000231d8   0x00000058   Code   RO         4242    i.gpiote_event_handler  app_button.o
    0x00023230   0x00000008   Code   RO          707    i.icmp6_dest_unreach  icmp6.o
    0x00023238   0x000000ec   Code   RO          708    i.icmp6_input       icmp6.o
    0x00023324   0x00000006   Code   RO          710    i.icmp6_param_problem  icmp6.o
    0x0002332a   0x00000002   PAD
    0x0002332c   0x000000cc   Code   RO          711    i.icmp6_send_response  icmp6.o
    0x000233f8   0x00000008   Code   RO          612    i.icmp_dest_unreach  icmp.o
    0x00023400   0x00000064   Code   RO          614    i.icmp_send_response  icmp.o
    0x00023464   0x0000000c   Code   RO          785    i.inet_chksum       inet_chksum.o
    0x00023470   0x00000028   Code   RO          787    i.inet_chksum_pseudo  inet_chksum.o
    0x00023498   0x0000002c   Code   RO          788    i.inet_chksum_pseudo_partial  inet_chksum.o
    0x000234c4   0x0000006c   Code   RO          789    i.inet_cksum_pseudo_base  inet_chksum.o
    0x00023530   0x00000082   Code   RO          790    i.inet_cksum_pseudo_partial_base  inet_chksum.o
    0x000235b2   0x00000002   PAD
    0x000235b4   0x0000002c   Code   RO         8911    i.instance_init     ble_6lowpan.lib(ble_6lowpan.o)
    0x000235e0   0x00000054   Code   RO         8912    i.interface_add     ble_6lowpan.lib(ble_6lowpan.o)
    0x00023634   0x0000008c   Code   RO         8268    i.interface_alloc   tls_interface.o
    0x000236c0   0x000000d0   Code   RO         8269    i.interface_conf_setup  tls_interface.o
    0x00023790   0x0000003c   Code   RO         8270    i.interface_continue  tls_interface.o
    0x000237cc   0x00000058   Code   RO         8271    i.interface_free    tls_interface.o
    0x00023824   0x00000070   Code   RO         8272    i.interface_ssl_context_setup  tls_interface.o
    0x00023894   0x00000054   Code   RO         8273    i.interface_transport_read  tls_interface.o
    0x000238e8   0x00000028   Code   RO         8274    i.interface_transport_write  tls_interface.o
    0x00023910   0x00000078   Code   RO         4749    i.intern_softdevice_events_execute  softdevice_handler.o
    0x00023988   0x00000040   Code   RO         3659    i.iot_context_manager_get_by_addr  iot_context_manager.o
    0x000239c8   0x00000044   Code   RO         3660    i.iot_context_manager_get_by_cid  iot_context_manager.o
    0x00023a0c   0x00000018   Code   RO         3661    i.iot_context_manager_init  iot_context_manager.o
    0x00023a24   0x00000044   Code   RO         3663    i.iot_context_manager_table_alloc  iot_context_manager.o
    0x00023a68   0x00000034   Code   RO         3664    i.iot_context_manager_table_free  iot_context_manager.o
    0x00023a9c   0x00000048   Code   RO         3730    i.iot_timer_client_list_set  iot_timer.o
    0x00023ae4   0x00000014   Code   RO           11    i.iot_timer_tick_callback  main.o
    0x00023af8   0x0000004c   Code   RO         3731    i.iot_timer_update  iot_timer.o
    0x00023b44   0x00000050   Code   RO         3732    i.iot_timer_wall_clock_delta_get  iot_timer.o
    0x00023b94   0x00000018   Code   RO         3733    i.iot_timer_wall_clock_get  iot_timer.o
    0x00023bac   0x0000002e   Code   RO         1080    i.ip4_addr_isbroadcast  ip4_addr.o
    0x00023bda   0x0000003a   Code   RO          791    i.ip6_chksum_pseudo  inet_chksum.o
    0x00023c14   0x00000040   Code   RO          792    i.ip6_chksum_pseudo_partial  inet_chksum.o
    0x00023c54   0x00000274   Code   RO         1149    i.ip6_input         ip6.o
    0x00023ec8   0x00000032   Code   RO         1150    i.ip6_options_add_hbh_ra  ip6.o
    0x00023efa   0x00000064   Code   RO         1151    i.ip6_output        ip6.o
    0x00023f5e   0x00000072   Code   RO         1152    i.ip6_output_hinted  ip6.o
    0x00023fd0   0x00000060   Code   RO         1153    i.ip6_output_if     ip6.o
    0x00024030   0x00000098   Code   RO         1154    i.ip6_output_if_src  ip6.o
    0x000240c8   0x00000180   Code   RO         1155    i.ip6_route         ip6.o
    0x00024248   0x00000180   Code   RO         1156    i.ip6_select_source_address  ip6.o
    0x000243c8   0x00000034   Code   RO          991    i.ip_output         ip4.o
    0x000243fc   0x0000003e   Code   RO          992    i.ip_output_hinted  ip4.o
    0x0002443a   0x0000001e   Code   RO          993    i.ip_output_if      ip4.o
    0x00024458   0x000000b8   Code   RO          994    i.ip_output_if_src  ip4.o
    0x00024510   0x00000058   Code   RO          995    i.ip_route          ip4.o
    0x00024568   0x00000038   Code   RO           12    i.ip_stack_init     main.o
    0x000245a0   0x000003d0   Code   RO         8913    i.iphc_decode       ble_6lowpan.lib(ble_6lowpan.o)
    0x00024970   0x00000460   Code   RO         8914    i.iphc_encode       ble_6lowpan.lib(ble_6lowpan.o)
    0x00024dd0   0x0000009c   Code   RO         8915    i.iphc_nhc_decode   ble_6lowpan.lib(ble_6lowpan.o)
    0x00024e6c   0x00000090   Code   RO         8916    i.iphc_nhc_encode   ble_6lowpan.lib(ble_6lowpan.o)
    0x00024efc   0x00000194   Code   RO         8917    i.ipsp_evt_handler  ble_6lowpan.lib(ble_6lowpan.o)
    0x00025090   0x0000009c   Code   RO         3770    i.ipv6_medium_connectable_mode_enter  ipv6_medium_ble.o
    0x0002512c   0x00000028   Code   RO         3772    i.ipv6_medium_eui48_get  ipv6_medium_ble.o
    0x00025154   0x00000030   Code   RO         3773    i.ipv6_medium_eui48_set  ipv6_medium_ble.o
    0x00025184   0x00000064   Code   RO         3774    i.ipv6_medium_eui64_get  ipv6_medium_ble.o
    0x000251e8   0x000000ac   Code   RO         3776    i.ipv6_medium_init  ipv6_medium_ble.o
    0x00025294   0x00000048   Code   RO         8918    i.is_context_cover_iid  ble_6lowpan.lib(ble_6lowpan.o)
    0x000252dc   0x00000054   Code   RO         2657    i.le_role_encode    ble_advdata.o
    0x00025330   0x000000bc   Code   RO         4444    i.list_deletions_handler  app_timer.o
    0x000253ec   0x000000cc   Code   RO         4445    i.list_insertions_handler  app_timer.o
    0x000254b8   0x00000016   Code   RO          793    i.lwip_chksum_copy  inet_chksum.o
    0x000254ce   0x00000004   Code   RO          503    i.lwip_htonl        def.o
    0x000254d2   0x00000004   Code   RO          504    i.lwip_htons        def.o
    0x000254d6   0x00000016   Code   RO          868    i.lwip_init         init.o
    0x000254ec   0x00000004   Code   RO          505    i.lwip_ntohl        def.o
    0x000254f0   0x00000004   Code   RO          506    i.lwip_ntohs        def.o
    0x000254f4   0x00000058   Code   RO          794    i.lwip_standard_chksum  inet_chksum.o
    0x0002554c   0x000000e4   Code   RO           13    i.main              main.o
    0x00025630   0x00000064   Code   RO         2658    i.manuf_specific_data_encode  ble_advdata.o
    0x00025694   0x00000096   Code   RO         4843    i.mbedtls_aes_crypt_cbc  aes.o
    0x0002572a   0x0000001a   Code   RO         4844    i.mbedtls_aes_crypt_ecb  aes.o
    0x00025744   0x000003c8   Code   RO         4845    i.mbedtls_aes_decrypt  aes.o
    0x00025b0c   0x000003c8   Code   RO         4846    i.mbedtls_aes_encrypt  aes.o
    0x00025ed4   0x00000016   Code   RO         4847    i.mbedtls_aes_free  aes.o
    0x00025eea   0x00000008   Code   RO         4848    i.mbedtls_aes_init  aes.o
    0x00025ef2   0x00000002   PAD
    0x00025ef4   0x000000cc   Code   RO         4849    i.mbedtls_aes_setkey_dec  aes.o
    0x00025fc0   0x0000019c   Code   RO         4850    i.mbedtls_aes_setkey_enc  aes.o
    0x0002615c   0x0000008a   Code   RO         4924    i.mbedtls_asn1_get_alg  asn1parse.o
    0x000261e6   0x0000004e   Code   RO         4926    i.mbedtls_asn1_get_bitstring  asn1parse.o
    0x00026234   0x0000002c   Code   RO         4927    i.mbedtls_asn1_get_bitstring_null  asn1parse.o
    0x00026260   0x00000032   Code   RO         4928    i.mbedtls_asn1_get_bool  asn1parse.o
    0x00026292   0x0000004a   Code   RO         4929    i.mbedtls_asn1_get_int  asn1parse.o
    0x000262dc   0x0000009e   Code   RO         4930    i.mbedtls_asn1_get_len  asn1parse.o
    0x0002637a   0x00000026   Code   RO         4931    i.mbedtls_asn1_get_mpi  asn1parse.o
    0x000263a0   0x00000084   Code   RO         4932    i.mbedtls_asn1_get_sequence_of  asn1parse.o
    0x00026424   0x00000028   Code   RO         4933    i.mbedtls_asn1_get_tag  asn1parse.o
    0x0002644c   0x00000060   Code   RO         5029    i.mbedtls_asn1_write_len  asn1write.o
    0x000264ac   0x0000007a   Code   RO         5030    i.mbedtls_asn1_write_mpi  asn1write.o
    0x00026526   0x00000018   Code   RO         5036    i.mbedtls_asn1_write_tag  asn1write.o
    0x0002653e   0x00000002   PAD
    0x00026540   0x00000128   Code   RO         5118    i.mbedtls_base64_decode  base64.o
    0x00026668   0x00000050   Code   RO         5478    i.mbedtls_cipher_crypt  cipher.o
    0x000266b8   0x000000d8   Code   RO         5479    i.mbedtls_cipher_finish  cipher.o
    0x00026790   0x00000022   Code   RO         5480    i.mbedtls_cipher_free  cipher.o
    0x000267b2   0x0000000e   Code   RO         5481    i.mbedtls_cipher_get_block_size  cipher.o
    0x000267c0   0x0000000e   Code   RO         7669    i.mbedtls_cipher_get_cipher_mode  ssl_tls.o
    0x000267ce   0x00000002   PAD
    0x000267d0   0x00000020   Code   RO         5483    i.mbedtls_cipher_info_from_type  cipher.o
    0x000267f0   0x00000006   Code   RO         5485    i.mbedtls_cipher_init  cipher.o
    0x000267f6   0x00000002   PAD
    0x000267f8   0x00000018   Code   RO         5487    i.mbedtls_cipher_reset  cipher.o
    0x00026810   0x00000040   Code   RO         5488    i.mbedtls_cipher_set_iv  cipher.o
    0x00026850   0x00000068   Code   RO         5489    i.mbedtls_cipher_set_padding_mode  cipher.o
    0x000268b8   0x00000048   Code   RO         5490    i.mbedtls_cipher_setkey  cipher.o
    0x00026900   0x00000038   Code   RO         5491    i.mbedtls_cipher_setup  cipher.o
    0x00026938   0x00000178   Code   RO         5492    i.mbedtls_cipher_update  cipher.o
    0x00026ab0   0x00000060   Code   RO         5696    i.mbedtls_ecdh_calc_secret  ecdh.o
    0x00026b10   0x00000060   Code   RO         5697    i.mbedtls_ecdh_compute_shared  ecdh.o
    0x00026b70   0x00000048   Code   RO         5698    i.mbedtls_ecdh_free  ecdh.o
    0x00026bb8   0x0000000c   Code   RO         5699    i.mbedtls_ecdh_gen_public  ecdh.o
    0x00026bc4   0x00000008   Code   RO         5701    i.mbedtls_ecdh_init  ecdh.o
    0x00026bcc   0x0000004c   Code   RO         5703    i.mbedtls_ecdh_make_public  ecdh.o
    0x00026c18   0x0000002c   Code   RO         5704    i.mbedtls_ecdh_read_params  ecdh.o
    0x00026c44   0x00000004   Code   RO         5770    i.mbedtls_ecdsa_free  ecdsa.o
    0x00026c48   0x00000038   Code   RO         5771    i.mbedtls_ecdsa_from_keypair  ecdsa.o
    0x00026c80   0x00000004   Code   RO         5773    i.mbedtls_ecdsa_init  ecdsa.o
    0x00026c84   0x00000094   Code   RO         5774    i.mbedtls_ecdsa_read_signature  ecdsa.o
    0x00026d18   0x00000174   Code   RO         5775    i.mbedtls_ecdsa_sign  ecdsa.o
    0x00026e8c   0x0000013c   Code   RO         5776    i.mbedtls_ecdsa_verify  ecdsa.o
    0x00026fc8   0x00000058   Code   RO         5777    i.mbedtls_ecdsa_write_signature  ecdsa.o
    0x00027020   0x0000003c   Code   RO         5855    i.mbedtls_ecp_check_privkey  ecp.o
    0x0002705c   0x000000b0   Code   RO         5856    i.mbedtls_ecp_check_pub_priv  ecp.o
    0x0002710c   0x00000038   Code   RO         5857    i.mbedtls_ecp_check_pubkey  ecp.o
    0x00027144   0x00000030   Code   RO         5858    i.mbedtls_ecp_copy  ecp.o
    0x00027174   0x0000001c   Code   RO         5859    i.mbedtls_ecp_curve_info_from_grp_id  ecp.o
    0x00027190   0x0000001c   Code   RO         5861    i.mbedtls_ecp_curve_info_from_tls_id  ecp.o
    0x000271ac   0x00000016   Code   RO         5864    i.mbedtls_ecp_gen_keypair  ecp.o
    0x000271c2   0x00000002   PAD
    0x000271c4   0x00000094   Code   RO         5865    i.mbedtls_ecp_gen_keypair_base  ecp.o
    0x00027258   0x00000006   Code   RO         5866    i.mbedtls_ecp_group_copy  ecp.o
    0x0002725e   0x00000002   PAD
    0x00027260   0x0000006c   Code   RO         5867    i.mbedtls_ecp_group_free  ecp.o
    0x000272cc   0x0000000c   Code   RO         5868    i.mbedtls_ecp_group_init  ecp.o
    0x000272d8   0x00000060   Code   RO         6110    i.mbedtls_ecp_group_load  ecp_curves.o
    0x00027338   0x00000030   Code   RO         5869    i.mbedtls_ecp_grp_id_list  ecp.o
    0x00027368   0x00000014   Code   RO         5870    i.mbedtls_ecp_is_zero  ecp.o
    0x0002737c   0x00000020   Code   RO         5871    i.mbedtls_ecp_keypair_free  ecp.o
    0x0002739c   0x00000020   Code   RO         5872    i.mbedtls_ecp_keypair_init  ecp.o
    0x000273bc   0x0000005c   Code   RO         5873    i.mbedtls_ecp_mul   ecp.o
    0x00027418   0x0000006c   Code   RO         5874    i.mbedtls_ecp_mul_shortcuts  ecp.o
    0x00027484   0x00000070   Code   RO         5875    i.mbedtls_ecp_muladd  ecp.o
    0x000274f4   0x00000020   Code   RO         5877    i.mbedtls_ecp_point_free  ecp.o
    0x00027514   0x00000020   Code   RO         5878    i.mbedtls_ecp_point_init  ecp.o
    0x00027534   0x0000007c   Code   RO         5879    i.mbedtls_ecp_point_read_binary  ecp.o
    0x000275b0   0x000000b4   Code   RO         5881    i.mbedtls_ecp_point_write_binary  ecp.o
    0x00027664   0x0000002c   Code   RO         5882    i.mbedtls_ecp_set_zero  ecp.o
    0x00027690   0x00000050   Code   RO         5883    i.mbedtls_ecp_tls_read_group  ecp.o
    0x000276e0   0x00000030   Code   RO         5884    i.mbedtls_ecp_tls_read_point  ecp.o
    0x00027710   0x00000034   Code   RO         5886    i.mbedtls_ecp_tls_write_point  ecp.o
    0x00027744   0x00000002   Code   RO         8275    i.mbedtls_log       tls_interface.o
    0x00027746   0x00000002   PAD
    0x00027748   0x00000020   Code   RO         6195    i.mbedtls_md        md.o
    0x00027768   0x00000032   Code   RO         6352    i.mbedtls_md5       md5.o
    0x0002779a   0x00000006   Code   RO         6353    i.mbedtls_md5_clone  md5.o
    0x000277a0   0x000000c4   Code   RO         6354    i.mbedtls_md5_finish  md5.o
    0x00027864   0x00000012   Code   RO         6355    i.mbedtls_md5_free  md5.o
    0x00027876   0x00000006   Code   RO         6356    i.mbedtls_md5_init  md5.o
    0x0002787c   0x000007f4   Code   RO         6357    i.mbedtls_md5_process  md5.o
    0x00028070   0x00000024   Code   RO         6358    i.mbedtls_md5_starts  md5.o
    0x00028094   0x00000070   Code   RO         6359    i.mbedtls_md5_update  md5.o
    0x00028104   0x0000001c   Code   RO         6197    i.mbedtls_md_finish  md.o
    0x00028120   0x0000003c   Code   RO         6198    i.mbedtls_md_free   md.o
    0x0002815c   0x00000008   Code   RO         6200    i.mbedtls_md_get_size  md.o
    0x00028164   0x00000058   Code   RO         6203    i.mbedtls_md_hmac_finish  md.o
    0x000281bc   0x0000002c   Code   RO         6204    i.mbedtls_md_hmac_reset  md.o
    0x000281e8   0x000000a8   Code   RO         6205    i.mbedtls_md_hmac_starts  md.o
    0x00028290   0x00000020   Code   RO         6206    i.mbedtls_md_hmac_update  md.o
    0x000282b0   0x00000044   Code   RO         6208    i.mbedtls_md_info_from_type  md.o
    0x000282f4   0x0000000a   Code   RO         6209    i.mbedtls_md_init   md.o
    0x000282fe   0x00000002   PAD
    0x00028300   0x00000008   Code   RO         6211    i.mbedtls_md_list   md.o
    0x00028308   0x0000001c   Code   RO         6212    i.mbedtls_md_process  md.o
    0x00028324   0x0000004c   Code   RO         6213    i.mbedtls_md_setup  md.o
    0x00028370   0x0000001c   Code   RO         6214    i.mbedtls_md_starts  md.o
    0x0002838c   0x0000001c   Code   RO         6215    i.mbedtls_md_update  md.o
    0x000283a8   0x000000b8   Code   RO         5141    i.mbedtls_mpi_add_abs  bignum.o
    0x00028460   0x0000004e   Code   RO         5143    i.mbedtls_mpi_add_mpi  bignum.o
    0x000284ae   0x00000002   PAD
    0x000284b0   0x00000038   Code   RO         5144    i.mbedtls_mpi_bitlen  bignum.o
    0x000284e8   0x00000064   Code   RO         5145    i.mbedtls_mpi_cmp_abs  bignum.o
    0x0002854c   0x0000002e   Code   RO         5146    i.mbedtls_mpi_cmp_int  bignum.o
    0x0002857a   0x00000002   PAD
    0x0002857c   0x0000008c   Code   RO         5147    i.mbedtls_mpi_cmp_mpi  bignum.o
    0x00028608   0x00000058   Code   RO         5148    i.mbedtls_mpi_copy  bignum.o
    0x00028660   0x00000318   Code   RO         5150    i.mbedtls_mpi_div_mpi  bignum.o
    0x00028978   0x0000043c   Code   RO         5151    i.mbedtls_mpi_exp_mod  bignum.o
    0x00028db4   0x00000034   Code   RO         5152    i.mbedtls_mpi_fill_random  bignum.o
    0x00028de8   0x0000002c   Code   RO         5153    i.mbedtls_mpi_free  bignum.o
    0x00028e14   0x00000100   Code   RO         5154    i.mbedtls_mpi_gcd   bignum.o
    0x00028f14   0x00000020   Code   RO         5156    i.mbedtls_mpi_get_bit  bignum.o
    0x00028f34   0x00000060   Code   RO         5157    i.mbedtls_mpi_grow  bignum.o
    0x00028f94   0x00000010   Code   RO         5158    i.mbedtls_mpi_init  bignum.o
    0x00028fa4   0x00000268   Code   RO         5159    i.mbedtls_mpi_inv_mod  bignum.o
    0x0002920c   0x0000002e   Code   RO         5161    i.mbedtls_mpi_lsb   bignum.o
    0x0002923a   0x00000038   Code   RO         5162    i.mbedtls_mpi_lset  bignum.o
    0x00029272   0x00000062   Code   RO         5164    i.mbedtls_mpi_mod_mpi  bignum.o
    0x000292d4   0x00000018   Code   RO         5165    i.mbedtls_mpi_mul_int  bignum.o
    0x000292ec   0x000000c4   Code   RO         5166    i.mbedtls_mpi_mul_mpi  bignum.o
    0x000293b0   0x00000070   Code   RO         5167    i.mbedtls_mpi_read_binary  bignum.o
    0x00029420   0x0000006c   Code   RO         5169    i.mbedtls_mpi_safe_cond_assign  bignum.o
    0x0002948c   0x0000009e   Code   RO         5172    i.mbedtls_mpi_shift_l  bignum.o
    0x0002952a   0x00000002   PAD
    0x0002952c   0x00000082   Code   RO         5173    i.mbedtls_mpi_shift_r  bignum.o
    0x000295ae   0x00000002   PAD
    0x000295b0   0x0000006c   Code   RO         5174    i.mbedtls_mpi_shrink  bignum.o
    0x0002961c   0x0000000c   Code   RO         5175    i.mbedtls_mpi_size  bignum.o
    0x00029628   0x0000006e   Code   RO         5176    i.mbedtls_mpi_sub_abs  bignum.o
    0x00029696   0x0000002e   Code   RO         5177    i.mbedtls_mpi_sub_int  bignum.o
    0x000296c4   0x00000050   Code   RO         5178    i.mbedtls_mpi_sub_mpi  bignum.o
    0x00029714   0x0000004a   Code   RO         5180    i.mbedtls_mpi_write_binary  bignum.o
    0x0002975e   0x00000002   PAD
    0x00029760   0x00000040   Code   RO         6625    i.mbedtls_oid_get_ec_grp  oid.o
    0x000297a0   0x00000040   Code   RO         6627    i.mbedtls_oid_get_md_alg  oid.o
    0x000297e0   0x0000002c   Code   RO         6630    i.mbedtls_oid_get_oid_by_md  oid.o
    0x0002980c   0x00000040   Code   RO         6633    i.mbedtls_oid_get_pk_alg  oid.o
    0x0002984c   0x0000001e   Code   RO         6634    i.mbedtls_oid_get_sig_alg  oid.o
    0x0002986a   0x00000002   PAD
    0x0002986c   0x00000040   Code   RO         6636    i.mbedtls_oid_get_x509_ext_type  oid.o
    0x000298ac   0x00000024   Code   RO         6746    i.mbedtls_pem_free  pem.o
    0x000298d0   0x0000000a   Code   RO         6747    i.mbedtls_pem_init  pem.o
    0x000298da   0x00000002   PAD
    0x000298dc   0x000002cc   Code   RO         6748    i.mbedtls_pem_read_buffer  pem.o
    0x00029ba8   0x00000010   Code   RO         6794    i.mbedtls_pk_can_do  pk.o
    0x00029bb8   0x00000022   Code   RO         6799    i.mbedtls_pk_free   pk.o
    0x00029bda   0x00000010   Code   RO         6800    i.mbedtls_pk_get_bitlen  pk.o
    0x00029bea   0x0000000e   Code   RO         6802    i.mbedtls_pk_get_type  pk.o
    0x00029bf8   0x00000034   Code   RO         6803    i.mbedtls_pk_info_from_type  pk.o
    0x00029c2c   0x0000000c   Code   RO         6804    i.mbedtls_pk_init   pk.o
    0x00029c38   0x00000250   Code   RO         7065    i.mbedtls_pk_parse_key  pkparse.o
    0x00029e88   0x000000cc   Code   RO         7067    i.mbedtls_pk_parse_subpubkey  pkparse.o
    0x00029f54   0x0000002c   Code   RO         6805    i.mbedtls_pk_setup  pk.o
    0x00029f80   0x00000058   Code   RO         6806    i.mbedtls_pk_sign   pk.o
    0x00029fd8   0x00000050   Code   RO         6807    i.mbedtls_pk_verify  pk.o
    0x0002a028   0x00000058   Code   RO         6808    i.mbedtls_pk_verify_ext  pk.o
    0x0002a080   0x00000010   Code   RO         7167    i.mbedtls_platform_set_calloc_free  platform.o
    0x0002a090   0x000001ec   Code   RO         7201    i.mbedtls_rsa_check_privkey  rsa.o
    0x0002a27c   0x0000003c   Code   RO         7202    i.mbedtls_rsa_check_pub_priv  rsa.o
    0x0002a2b8   0x0000005c   Code   RO         7203    i.mbedtls_rsa_check_pubkey  rsa.o
    0x0002a314   0x0000006e   Code   RO         7205    i.mbedtls_rsa_free  rsa.o
    0x0002a382   0x00000014   Code   RO         7207    i.mbedtls_rsa_init  rsa.o
    0x0002a396   0x00000002   PAD
    0x0002a398   0x00000030   Code   RO         7208    i.mbedtls_rsa_pkcs1_decrypt  rsa.o
    0x0002a3c8   0x00000024   Code   RO         7209    i.mbedtls_rsa_pkcs1_encrypt  rsa.o
    0x0002a3ec   0x00000030   Code   RO         7210    i.mbedtls_rsa_pkcs1_sign  rsa.o
    0x0002a41c   0x00000030   Code   RO         7211    i.mbedtls_rsa_pkcs1_verify  rsa.o
    0x0002a44c   0x0000015c   Code   RO         7212    i.mbedtls_rsa_private  rsa.o
    0x0002a5a8   0x00000076   Code   RO         7213    i.mbedtls_rsa_public  rsa.o
    0x0002a61e   0x00000002   PAD
    0x0002a620   0x00000108   Code   RO         7214    i.mbedtls_rsa_rsaes_pkcs1_v15_decrypt  rsa.o
    0x0002a728   0x000000cc   Code   RO         7215    i.mbedtls_rsa_rsaes_pkcs1_v15_encrypt  rsa.o
    0x0002a7f4   0x00000178   Code   RO         7216    i.mbedtls_rsa_rsassa_pkcs1_v15_sign  rsa.o
    0x0002a96c   0x000001a4   Code   RO         7217    i.mbedtls_rsa_rsassa_pkcs1_v15_verify  rsa.o
    0x0002ab10   0x00000032   Code   RO         7326    i.mbedtls_sha1      sha1.o
    0x0002ab42   0x00000006   Code   RO         7327    i.mbedtls_sha1_clone  sha1.o
    0x0002ab48   0x000000d8   Code   RO         7328    i.mbedtls_sha1_finish  sha1.o
    0x0002ac20   0x00000012   Code   RO         7329    i.mbedtls_sha1_free  sha1.o
    0x0002ac32   0x00000006   Code   RO         7330    i.mbedtls_sha1_init  sha1.o
    0x0002ac38   0x0000123e   Code   RO         7331    i.mbedtls_sha1_process  sha1.o
    0x0002be76   0x00000002   PAD
    0x0002be78   0x0000002c   Code   RO         7332    i.mbedtls_sha1_starts  sha1.o
    0x0002bea4   0x00000070   Code   RO         7333    i.mbedtls_sha1_update  sha1.o
    0x0002bf14   0x00000036   Code   RO         7383    i.mbedtls_sha256    sha256.o
    0x0002bf4a   0x00000006   Code   RO         7384    i.mbedtls_sha256_clone  sha256.o
    0x0002bf50   0x00000124   Code   RO         7385    i.mbedtls_sha256_finish  sha256.o
    0x0002c074   0x00000012   Code   RO         7386    i.mbedtls_sha256_free  sha256.o
    0x0002c086   0x00000006   Code   RO         7387    i.mbedtls_sha256_init  sha256.o
    0x0002c08c   0x0000083a   Code   RO         7388    i.mbedtls_sha256_process  sha256.o
    0x0002c8c6   0x00000002   PAD
    0x0002c8c8   0x0000008c   Code   RO         7389    i.mbedtls_sha256_starts  sha256.o
    0x0002c954   0x00000070   Code   RO         7390    i.mbedtls_sha256_update  sha256.o
    0x0002c9c4   0x00000036   Code   RO         7441    i.mbedtls_sha512    sha512.o
    0x0002c9fa   0x00000006   Code   RO         7442    i.mbedtls_sha512_clone  sha512.o
    0x0002ca00   0x00000300   Code   RO         7443    i.mbedtls_sha512_finish  sha512.o
    0x0002cd00   0x00000012   Code   RO         7444    i.mbedtls_sha512_free  sha512.o
    0x0002cd12   0x00000006   Code   RO         7445    i.mbedtls_sha512_init  sha512.o
    0x0002cd18   0x000009f2   Code   RO         7446    i.mbedtls_sha512_process  sha512.o
    0x0002d70a   0x00000002   PAD
    0x0002d70c   0x00000110   Code   RO         7447    i.mbedtls_sha512_starts  sha512.o
    0x0002d81c   0x00000086   Code   RO         7448    i.mbedtls_sha512_update  sha512.o
    0x0002d8a2   0x00000020   Code   RO         7671    i.mbedtls_ssl_check_curve  ssl_tls.o
    0x0002d8c2   0x00000002   PAD
    0x0002d8c4   0x0000001c   Code   RO         7505    i.mbedtls_ssl_ciphersuite_from_id  ssl_ciphersuites.o
    0x0002d8e0   0x0000000a   Code   RO         7674    i.mbedtls_ssl_conf_authmode  ssl_tls.o
    0x0002d8ea   0x00000006   Code   RO         7675    i.mbedtls_ssl_conf_ca_chain  ssl_tls.o
    0x0002d8f0   0x00000006   Code   RO         7680    i.mbedtls_ssl_conf_dbg  ssl_tls.o
    0x0002d8f6   0x00000002   PAD
    0x0002d8f8   0x00000040   Code   RO         7687    i.mbedtls_ssl_conf_own_cert  ssl_tls.o
    0x0002d938   0x000000b0   Code   RO         7688    i.mbedtls_ssl_conf_psk  ssl_tls.o
    0x0002d9e8   0x00000006   Code   RO         7694    i.mbedtls_ssl_conf_rng  ssl_tls.o
    0x0002d9ee   0x00000002   PAD
    0x0002d9f0   0x000000a0   Code   RO         7698    i.mbedtls_ssl_config_defaults  ssl_tls.o
    0x0002da90   0x0000004c   Code   RO         7699    i.mbedtls_ssl_config_free  ssl_tls.o
    0x0002dadc   0x00000006   Code   RO         7700    i.mbedtls_ssl_config_init  ssl_tls.o
    0x0002dae2   0x00000002   PAD
    0x0002dae4   0x00000274   Code   RO         7701    i.mbedtls_ssl_derive_keys  ssl_tls.o
    0x0002dd58   0x00000080   Code   RO         7702    i.mbedtls_ssl_fetch_input  ssl_tls.o
    0x0002ddd8   0x0000006c   Code   RO         7703    i.mbedtls_ssl_flush_output  ssl_tls.o
    0x0002de44   0x000000a0   Code   RO         7704    i.mbedtls_ssl_free  ssl_tls.o
    0x0002dee4   0x00000026   Code   RO         7511    i.mbedtls_ssl_get_ciphersuite_sig_pk_alg  ssl_ciphersuites.o
    0x0002df0a   0x00000002   PAD
    0x0002df0c   0x0000002c   Code   RO         7707    i.mbedtls_ssl_get_max_frag_len  ssl_tls.o
    0x0002df38   0x00000028   Code   RO         7713    i.mbedtls_ssl_handshake  ssl_tls.o
    0x0002df60   0x000000f8   Code   RO         7577    i.mbedtls_ssl_handshake_client_step  ssl_cli.o
    0x0002e058   0x00000054   Code   RO         7714    i.mbedtls_ssl_handshake_free  ssl_tls.o
    0x0002e0ac   0x00000024   Code   RO         7715    i.mbedtls_ssl_handshake_step  ssl_tls.o
    0x0002e0d0   0x00000078   Code   RO         7716    i.mbedtls_ssl_handshake_wrapup  ssl_tls.o
    0x0002e148   0x00000006   Code   RO         7718    i.mbedtls_ssl_init  ssl_tls.o
    0x0002e14e   0x00000002   PAD
    0x0002e150   0x00000008   Code   RO         7512    i.mbedtls_ssl_list_ciphersuites  ssl_ciphersuites.o
    0x0002e158   0x00000014   Code   RO         7720    i.mbedtls_ssl_optimize_checksum  ssl_tls.o
    0x0002e16c   0x00000018   Code   RO         7578    i.mbedtls_ssl_own_key  ssl_cli.o
    0x0002e184   0x0000017c   Code   RO         7721    i.mbedtls_ssl_parse_certificate  ssl_tls.o
    0x0002e300   0x00000064   Code   RO         7722    i.mbedtls_ssl_parse_change_cipher_spec  ssl_tls.o
    0x0002e364   0x00000088   Code   RO         7723    i.mbedtls_ssl_parse_finished  ssl_tls.o
    0x0002e3ec   0x00000098   Code   RO         7725    i.mbedtls_ssl_psk_derive_premaster  ssl_tls.o
    0x0002e484   0x00000160   Code   RO         7726    i.mbedtls_ssl_read  ssl_tls.o
    0x0002e5e4   0x000000cc   Code   RO         7727    i.mbedtls_ssl_read_record  ssl_tls.o
    0x0002e6b0   0x0000000a   Code   RO         7728    i.mbedtls_ssl_read_version  ssl_tls.o
    0x0002e6ba   0x00000002   PAD
    0x0002e6bc   0x00000024   Code   RO         7729    i.mbedtls_ssl_renegotiate  ssl_tls.o
    0x0002e6e0   0x0000001a   Code   RO         7579    i.mbedtls_ssl_safer_memcmp  ssl_cli.o
    0x0002e6fa   0x0000001a   Code   RO         7731    i.mbedtls_ssl_safer_memcmp  ssl_tls.o
    0x0002e714   0x0000002c   Code   RO         7732    i.mbedtls_ssl_send_alert_message  ssl_tls.o
    0x0002e740   0x00000008   Code   RO         7733    i.mbedtls_ssl_send_fatal_handshake_failure  ssl_tls.o
    0x0002e748   0x00000028   Code   RO         7734    i.mbedtls_ssl_session_free  ssl_tls.o
    0x0002e770   0x00000006   Code   RO         7735    i.mbedtls_ssl_session_init  ssl_tls.o
    0x0002e776   0x0000000e   Code   RO         7737    i.mbedtls_ssl_set_bio  ssl_tls.o
    0x0002e784   0x0000000e   Code   RO         7741    i.mbedtls_ssl_set_timer_cb  ssl_tls.o
    0x0002e792   0x00000002   PAD
    0x0002e794   0x00000074   Code   RO         7742    i.mbedtls_ssl_setup  ssl_tls.o
    0x0002e808   0x00000034   Code   RO         7744    i.mbedtls_ssl_transform_free  ssl_tls.o
    0x0002e83c   0x0000006c   Code   RO         7745    i.mbedtls_ssl_write  ssl_tls.o
    0x0002e8a8   0x000000d0   Code   RO         7746    i.mbedtls_ssl_write_certificate  ssl_tls.o
    0x0002e978   0x0000001c   Code   RO         7747    i.mbedtls_ssl_write_change_cipher_spec  ssl_tls.o
    0x0002e994   0x0000009e   Code   RO         7748    i.mbedtls_ssl_write_finished  ssl_tls.o
    0x0002ea32   0x00000002   PAD
    0x0002ea34   0x000000b0   Code   RO         7749    i.mbedtls_ssl_write_record  ssl_tls.o
    0x0002eae4   0x00000006   Code   RO         7750    i.mbedtls_ssl_write_version  ssl_tls.o
    0x0002eaea   0x00000002   PAD
    0x0002eaec   0x000000d4   Code   RO         8653    i.mbedtls_x509_crt_free  x509_crt.o
    0x0002ebc0   0x00000008   Code   RO         8655    i.mbedtls_x509_crt_init  x509_crt.o
    0x0002ebc8   0x00000036   Code   RO         8656    i.mbedtls_x509_crt_is_revoked  x509_crt.o
    0x0002ebfe   0x00000002   PAD
    0x0002ec00   0x00000110   Code   RO         8657    i.mbedtls_x509_crt_parse  x509_crt.o
    0x0002ed10   0x00000080   Code   RO         8658    i.mbedtls_x509_crt_parse_der  x509_crt.o
    0x0002ed90   0x000001b4   Code   RO         8661    i.mbedtls_x509_crt_verify_with_profile  x509_crt.o
    0x0002ef44   0x00000010   Code   RO         8445    i.mbedtls_x509_get_alg  x509.o
    0x0002ef54   0x00000054   Code   RO         8447    i.mbedtls_x509_get_ext  x509.o
    0x0002efa8   0x0000007c   Code   RO         8448    i.mbedtls_x509_get_name  x509.o
    0x0002f024   0x00000050   Code   RO         8449    i.mbedtls_x509_get_serial  x509.o
    0x0002f074   0x0000003c   Code   RO         8450    i.mbedtls_x509_get_sig  x509.o
    0x0002f0b0   0x0000003c   Code   RO         8451    i.mbedtls_x509_get_sig_alg  x509.o
    0x0002f0ec   0x00000164   Code   RO         8452    i.mbedtls_x509_get_time  x509.o
    0x0002f250   0x00000004   Code   RO         8456    i.mbedtls_x509_time_is_future  x509.o
    0x0002f254   0x00000004   Code   RO         8457    i.mbedtls_x509_time_is_past  x509.o
    0x0002f258   0x0000000e   Code   RO         4934    i.mbedtls_zeroize   asn1parse.o
    0x0002f266   0x0000000e   Code   RO         5182    i.mbedtls_zeroize   bignum.o
    0x0002f274   0x0000000e   Code   RO         6216    i.mbedtls_zeroize   md.o
    0x0002f282   0x0000000e   Code   RO         6749    i.mbedtls_zeroize   pem.o
    0x0002f290   0x0000000e   Code   RO         7751    i.mbedtls_zeroize   ssl_tls.o
    0x0002f29e   0x0000000e   Code   RO         8662    i.mbedtls_zeroize   x509_crt.o
    0x0002f2ac   0x00000004   Code   RO         6409    i.md5_clone_wrap    md_wrap.o
    0x0002f2b0   0x0000001c   Code   RO         6410    i.md5_ctx_alloc     md_wrap.o
    0x0002f2cc   0x00000018   Code   RO         6411    i.md5_ctx_free      md_wrap.o
    0x0002f2e4   0x00000004   Code   RO         6412    i.md5_finish_wrap   md_wrap.o
    0x0002f2e8   0x00000004   Code   RO         6413    i.md5_process_wrap  md_wrap.o
    0x0002f2ec   0x00000004   Code   RO         6414    i.md5_starts_wrap   md_wrap.o
    0x0002f2f0   0x00000004   Code   RO         6415    i.md5_update_wrap   md_wrap.o
    0x0002f2f4   0x00000030   Code   RO         1324    i.mld6_delayed_report  mld6.o
    0x0002f324   0x000000d4   Code   RO         1325    i.mld6_input        mld6.o
    0x0002f3f8   0x000000b4   Code   RO         1326    i.mld6_joingroup    mld6.o
    0x0002f4ac   0x000000cc   Code   RO         1327    i.mld6_leavegroup   mld6.o
    0x0002f578   0x0000003c   Code   RO         1328    i.mld6_lookfor_group  mld6.o
    0x0002f5b4   0x00000050   Code   RO         1329    i.mld6_new_group    mld6.o
    0x0002f604   0x00000028   Code   RO         1330    i.mld6_report_groups  mld6.o
    0x0002f62c   0x000000e4   Code   RO         1331    i.mld6_send         mld6.o
    0x0002f710   0x00000050   Code   RO         1332    i.mld6_stop         mld6.o
    0x0002f760   0x00000018   Code   RO         2437    i.mld6_timer        timers.o
    0x0002f778   0x00000034   Code   RO         1333    i.mld6_tmr          mld6.o
    0x0002f7ac   0x000000aa   Code   RO         5186    i.mpi_montmul       bignum.o
    0x0002f856   0x00000020   Code   RO         5187    i.mpi_montred       bignum.o
    0x0002f876   0x00000382   Code   RO         5188    i.mpi_mul_hlp       bignum.o
    0x0002fbf8   0x0000004c   Code   RO         5189    i.mpi_sub_hlp       bignum.o
    0x0002fc44   0x00000016   Code   RO         3892    i.mqtt_abort        mqtt.o
    0x0002fc5a   0x0000000a   Code   RO         3893    i.mqtt_client_init  mqtt.o
    0x0002fc64   0x0000001a   Code   RO         4088    i.mqtt_client_tcp_abort  mqtt_transport.o
    0x0002fc7e   0x00000002   PAD
    0x0002fc80   0x00000040   Code   RO         4089    i.mqtt_client_tcp_connect  mqtt_transport.o
    0x0002fcc0   0x00000038   Code   RO         4090    i.mqtt_client_tcp_disconnect  mqtt_transport.o
    0x0002fcf8   0x00000004   Code   RO         4091    i.mqtt_client_tcp_read  mqtt_transport.o
    0x0002fcfc   0x00000050   Code   RO         4092    i.mqtt_client_tcp_write  mqtt_transport.o
    0x0002fd4c   0x00000030   Code   RO         4093    i.mqtt_client_tls_connect  mqtt_transport.o
    0x0002fd7c   0x00000004   Code   RO         4094    i.mqtt_client_tls_disconnect  mqtt_transport.o
    0x0002fd80   0x00000014   Code   RO         4095    i.mqtt_client_tls_output_handler  mqtt_transport.o
    0x0002fd94   0x00000048   Code   RO         4096    i.mqtt_client_tls_read  mqtt_transport.o
    0x0002fddc   0x0000000c   Code   RO         4097    i.mqtt_client_tls_write  mqtt_transport.o
    0x0002fde8   0x00000048   Code   RO         3894    i.mqtt_connect      mqtt.o
    0x0002fe30   0x00000030   Code   RO         3895    i.mqtt_disconnect   mqtt.o
    0x0002fe60   0x00000048   Code   RO         4026    i.mqtt_encode_fixed_header  mqtt_encoder.o
    0x0002fea8   0x000000cc   Code   RO         4098    i.mqtt_handle_rx_data  mqtt_transport.o
    0x0002ff74   0x00000010   Code   RO         3896    i.mqtt_init         mqtt.o
    0x0002ff84   0x00000050   Code   RO         3897    i.mqtt_live         mqtt.o
    0x0002ffd4   0x0000003c   Code   RO         3898    i.mqtt_ping         mqtt.o
    0x00030010   0x000000a0   Code   RO         3899    i.mqtt_publish      mqtt.o
    0x000300b0   0x0000009c   Code   RO         2659    i.name_encode       ble_advdata.o
    0x0003014c   0x00000048   Code   RO         1401    i.nd6_find_destination_cache_entry  nd6.o
    0x00030194   0x00000048   Code   RO         1402    i.nd6_find_neighbor_cache_entry  nd6.o
    0x000301dc   0x00000040   Code   RO         1403    i.nd6_free_neighbor_cache_entry  nd6.o
    0x0003021c   0x00000030   Code   RO         1404    i.nd6_get_destination_mtu  nd6.o
    0x0003024c   0x0000003c   Code   RO         1406    i.nd6_get_onlink_prefix  nd6.o
    0x00030288   0x0000004c   Code   RO         1407    i.nd6_get_router    nd6.o
    0x000302d4   0x00000704   Code   RO         1408    i.nd6_input         nd6.o
    0x000309d8   0x00000148   Code   RO         1411    i.nd6_new_neighbor_cache_entry  nd6.o
    0x00030b20   0x00000074   Code   RO         1412    i.nd6_new_onlink_prefix  nd6.o
    0x00030b94   0x000000b0   Code   RO         1413    i.nd6_new_router    nd6.o
    0x00030c44   0x000000b0   Code   RO         1415    i.nd6_select_router  nd6.o
    0x00030cf4   0x00000114   Code   RO         1416    i.nd6_send_na       nd6.o
    0x00030e08   0x00000108   Code   RO         1417    i.nd6_send_ns       nd6.o
    0x00030f10   0x0000006c   Code   RO         1418    i.nd6_send_q        nd6.o
    0x00030f7c   0x000000e4   Code   RO         1419    i.nd6_send_rs       nd6.o
    0x00031060   0x0000001c   Code   RO         2438    i.nd6_timer         timers.o
    0x0003107c   0x00000224   Code   RO         1420    i.nd6_tmr           nd6.o
    0x000312a0   0x00000084   Code   RO         1545    i.netif_add         netif.o
    0x00031324   0x00000040   Code   RO         1549    i.netif_get_ip6_addr_match  netif.o
    0x00031364   0x00000002   Code   RO         1550    i.netif_init        netif.o
    0x00031366   0x00000016   Code   RO         1551    i.netif_issue_reports  netif.o
    0x0003137c   0x00000006   Code   RO         1552    i.netif_null_output_ip6  netif.o
    0x00031382   0x00000002   PAD
    0x00031384   0x0000005c   Code   RO         1553    i.netif_remove      netif.o
    0x000313e0   0x00000020   Code   RO         1554    i.netif_set_addr    netif.o
    0x00031400   0x0000001a   Code   RO         1556    i.netif_set_down    netif.o
    0x0003141a   0x00000008   Code   RO         1557    i.netif_set_gw      netif.o
    0x00031422   0x00000002   PAD
    0x00031424   0x0000004c   Code   RO         1558    i.netif_set_ipaddr  netif.o
    0x00031470   0x00000008   Code   RO         1562    i.netif_set_netmask  netif.o
    0x00031478   0x00000032   Code   RO         1564    i.netif_set_up      netif.o
    0x000314aa   0x00000002   PAD
    0x000314ac   0x0000004c   Code   RO         3903    i.notify_disconnection  mqtt.o
    0x000314f8   0x00000024   Code   RO         4643    i.nrf_calloc        mem_manager.o
    0x0003151c   0x0000002c   Code   RO         1693    i.nrf_driver_init   nrf_platform_port.o
    0x00031548   0x00000050   Code   RO           14    i.nrf_driver_interface_down  main.o
    0x00031598   0x00000038   Code   RO           15    i.nrf_driver_interface_up  main.o
    0x000315d0   0x00000038   Code   RO         2938    i.nrf_drv_common_irq_enable  nrf_drv_common.o
    0x00031608   0x000000a4   Code   RO         2975    i.nrf_drv_gpiote_in_event_enable  nrf_drv_gpiote.o
    0x000316ac   0x000000b8   Code   RO         2976    i.nrf_drv_gpiote_in_init  nrf_drv_gpiote.o
    0x00031764   0x00000014   Code   RO         2977    i.nrf_drv_gpiote_in_is_set  nrf_drv_gpiote.o
    0x00031778   0x00000054   Code   RO         2979    i.nrf_drv_gpiote_init  nrf_drv_gpiote.o
    0x000317cc   0x00000014   Code   RO         2980    i.nrf_drv_gpiote_is_init  nrf_drv_gpiote.o
    0x000317e0   0x00000004   Code   RO         3168    i.nrf_drv_rng_bytes_available  nrf_drv_rng.o
    0x000317e4   0x00000024   Code   RO         3169    i.nrf_drv_rng_init  nrf_drv_rng.o
    0x00031808   0x00000004   Code   RO         3171    i.nrf_drv_rng_rand  nrf_drv_rng.o
    0x0003180c   0x00000074   Code   RO         3227    i.nrf_drv_uart_init  nrf_drv_uart.o
    0x00031880   0x00000124   Code   RO         3228    i.nrf_drv_uart_rx   nrf_drv_uart.o
    0x000319a4   0x00000018   Code   RO         3231    i.nrf_drv_uart_rx_enable  nrf_drv_uart.o
    0x000319bc   0x000000e8   Code   RO         3232    i.nrf_drv_uart_tx   nrf_drv_uart.o
    0x00031aa4   0x00000040   Code   RO         4644    i.nrf_free          mem_manager.o
    0x00031ae4   0x00000022   Code   RO         2992    i.nrf_gpio_cfg      nrf_drv_gpiote.o
    0x00031b06   0x00000022   Code   RO         3235    i.nrf_gpio_cfg      nrf_drv_uart.o
    0x00031b28   0x00000012   Code   RO         3237    i.nrf_gpio_cfg_input  nrf_drv_uart.o
    0x00031b3a   0x00000014   Code   RO         3238    i.nrf_gpio_cfg_output  nrf_drv_uart.o
    0x00031b4e   0x0000001c   Code   RO         2994    i.nrf_gpio_cfg_sense_set  nrf_drv_gpiote.o
    0x00031b6a   0x00000002   PAD
    0x00031b6c   0x00000014   Code   RO         2995    i.nrf_gpiote_event_clear  nrf_drv_gpiote.o
    0x00031b80   0x00000010   Code   RO         2996    i.nrf_gpiote_event_is_set  nrf_drv_gpiote.o
    0x00031b90   0x00000018   Code   RO         4645    i.nrf_malloc        mem_manager.o
    0x00031ba8   0x00000020   Code   RO         4646    i.nrf_mem_init      mem_manager.o
    0x00031bc8   0x000000b8   Code   RO         4647    i.nrf_mem_reserve   mem_manager.o
    0x00031c80   0x0000002e   Code   RO         8276    i.nrf_tls_alloc     tls_interface.o
    0x00031cae   0x00000002   PAD
    0x00031cb0   0x00000024   Code   RO         8277    i.nrf_tls_free      tls_interface.o
    0x00031cd4   0x00000028   Code   RO         8278    i.nrf_tls_init      tls_interface.o
    0x00031cfc   0x00000054   Code   RO         8279    i.nrf_tls_input     tls_interface.o
    0x00031d50   0x00000014   Code   RO         8280    i.nrf_tls_process   tls_interface.o
    0x00031d64   0x00000024   Code   RO         8281    i.nrf_tls_read      tls_interface.o
    0x00031d88   0x00000048   Code   RO         8282    i.nrf_tls_write     tls_interface.o
    0x00031dd0   0x0000000a   Code   RO         3239    i.nrf_uart_event_check  nrf_drv_uart.o
    0x00031dda   0x0000000c   Code   RO         3240    i.nrf_uart_int_enable_check  nrf_drv_uart.o
    0x00031de6   0x0000000a   Code   RO         3241    i.nrf_uarte_event_check  nrf_drv_uart.o
    0x00031df0   0x00000034   Code   RO         6637    i.oid_sig_alg_from_asn1  oid.o
    0x00031e24   0x00000068   Code   RO         3777    i.on_ble_evt        ipv6_medium_ble.o
    0x00031e8c   0x00000002   Code   RO           16    i.on_ipv6_medium_error  main.o
    0x00031e8e   0x00000002   PAD
    0x00031e90   0x0000007c   Code   RO           17    i.on_ipv6_medium_evt  main.o
    0x00031f0c   0x0000002e   Code   RO         4027    i.pack_bin_str      mqtt_encoder.o
    0x00031f3a   0x00000026   Code   RO         4028    i.pack_uint16       mqtt_encoder.o
    0x00031f60   0x00000018   Code   RO         4029    i.pack_uint8        mqtt_encoder.o
    0x00031f78   0x00000046   Code   RO         4030    i.pack_utf8_str     mqtt_encoder.o
    0x00031fbe   0x00000022   Code   RO         3985    i.packet_length_decode  mqtt_decoder.o
    0x00031fe0   0x00000030   Code   RO         4031    i.packet_length_encode  mqtt_encoder.o
    0x00032010   0x0000012c   Code   RO         1761    i.pbuf_alloc        pbuf.o
    0x0003213c   0x00000028   Code   RO         1763    i.pbuf_cat          pbuf.o
    0x00032164   0x00000012   Code   RO         1765    i.pbuf_clen         pbuf.o
    0x00032176   0x0000009a   Code   RO         1767    i.pbuf_copy         pbuf.o
    0x00032210   0x00000068   Code   RO         1768    i.pbuf_copy_partial  pbuf.o
    0x00032278   0x00000032   Code   RO         1771    i.pbuf_free         pbuf.o
    0x000322aa   0x00000002   PAD
    0x000322ac   0x00000030   Code   RO         1772    i.pbuf_free_ooseq   pbuf.o
    0x000322dc   0x00000006   Code   RO         1774    i.pbuf_header       pbuf.o
    0x000322e2   0x00000006   Code   RO         1775    i.pbuf_header_force  pbuf.o
    0x000322e8   0x00000064   Code   RO         1776    i.pbuf_header_impl  pbuf.o
    0x0003234c   0x00000032   Code   RO         1780    i.pbuf_realloc      pbuf.o
    0x0003237e   0x0000000c   Code   RO         1781    i.pbuf_ref          pbuf.o
    0x0003238a   0x00000056   Code   RO         6750    i.pem_aes_decrypt   pem.o
    0x000323e0   0x000000a4   Code   RO         6751    i.pem_pbkdf1        pem.o
    0x00032484   0x00000018   Code   RO         2997    i.pin_in_use_by_port  nrf_drv_gpiote.o
    0x0003249c   0x00000018   Code   RO         2998    i.pin_in_use_by_te  nrf_drv_gpiote.o
    0x000324b4   0x0000002a   Code   RO         7068    i.pk_get_ecpubkey   pkparse.o
    0x000324de   0x00000002   PAD
    0x000324e0   0x0000004c   Code   RO         7069    i.pk_get_pk_alg     pkparse.o
    0x0003252c   0x00000070   Code   RO         7070    i.pk_get_rsapubkey  pkparse.o
    0x0003259c   0x00000020   Code   RO         6809    i.pk_hashlen_helper  pk.o
    0x000325bc   0x000000fc   Code   RO         7071    i.pk_parse_key_pkcs1_der  pkparse.o
    0x000326b8   0x000000c8   Code   RO         7072    i.pk_parse_key_pkcs8_unencrypted_der  pkparse.o
    0x00032780   0x00000174   Code   RO         7073    i.pk_parse_key_sec1_der  pkparse.o
    0x000328f4   0x0000003c   Code   RO         7074    i.pk_use_ecparams   pkparse.o
    0x00032930   0x00000004   Code   RO         7168    i.platform_calloc_uninit  platform.o
    0x00032934   0x00000002   Code   RO         7169    i.platform_free_uninit  platform.o
    0x00032936   0x00000024   Code   RO         8283    i.random_vector_generate  tls_interface.o
    0x0003295a   0x00000002   PAD
    0x0003295c   0x0000004c   Code   RO         4099    i.recv_callback     mqtt_transport.o
    0x000329a8   0x00000020   Code   RO         6916    i.rsa_alloc_wrap    pk_wrap.o
    0x000329c8   0x00000010   Code   RO         6917    i.rsa_can_do        pk_wrap.o
    0x000329d8   0x00000004   Code   RO         6918    i.rsa_check_pair_wrap  pk_wrap.o
    0x000329dc   0x0000002c   Code   RO         6919    i.rsa_debug         pk_wrap.o
    0x00032a08   0x00000034   Code   RO         6920    i.rsa_decrypt_wrap  pk_wrap.o
    0x00032a3c   0x00000030   Code   RO         6921    i.rsa_encrypt_wrap  pk_wrap.o
    0x00032a6c   0x00000018   Code   RO         6922    i.rsa_free_wrap     pk_wrap.o
    0x00032a84   0x00000006   Code   RO         6923    i.rsa_get_bitlen    pk_wrap.o
    0x00032a8a   0x00000002   PAD
    0x00032a8c   0x000000b8   Code   RO         7219    i.rsa_prepare_blinding  rsa.o
    0x00032b44   0x0000002c   Code   RO         6924    i.rsa_sign_wrap     pk_wrap.o
    0x00032b70   0x00000044   Code   RO         6925    i.rsa_verify_wrap   pk_wrap.o
    0x00032bb4   0x0000003c   Code   RO         4446    i.rtc1_stop         app_timer.o
    0x00032bf0   0x00000024   Code   RO         3243    i.rx_byte           nrf_drv_uart.o
    0x00032c14   0x00000024   Code   RO         3244    i.rx_done_event     nrf_drv_uart.o
    0x00032c38   0x00000018   Code   RO         3245    i.rx_enable         nrf_drv_uart.o
    0x00032c50   0x00000088   Code   RO         2660    i.service_data_encode  ble_advdata.o
    0x00032cd8   0x00000004   Code   RO         6416    i.sha1_clone_wrap   md_wrap.o
    0x00032cdc   0x0000001c   Code   RO         6417    i.sha1_ctx_alloc    md_wrap.o
    0x00032cf8   0x00000018   Code   RO         6418    i.sha1_ctx_free     md_wrap.o
    0x00032d10   0x00000004   Code   RO         6419    i.sha1_finish_wrap  md_wrap.o
    0x00032d14   0x00000004   Code   RO         6420    i.sha1_process_wrap  md_wrap.o
    0x00032d18   0x00000004   Code   RO         6421    i.sha1_starts_wrap  md_wrap.o
    0x00032d1c   0x00000004   Code   RO         6422    i.sha1_update_wrap  md_wrap.o
    0x00032d20   0x00000004   Code   RO         6423    i.sha224_clone_wrap  md_wrap.o
    0x00032d24   0x0000001c   Code   RO         6424    i.sha224_ctx_alloc  md_wrap.o
    0x00032d40   0x00000018   Code   RO         6425    i.sha224_ctx_free   md_wrap.o
    0x00032d58   0x00000004   Code   RO         6426    i.sha224_finish_wrap  md_wrap.o
    0x00032d5c   0x00000004   Code   RO         6427    i.sha224_process_wrap  md_wrap.o
    0x00032d60   0x00000006   Code   RO         6428    i.sha224_starts_wrap  md_wrap.o
    0x00032d66   0x00000004   Code   RO         6429    i.sha224_update_wrap  md_wrap.o
    0x00032d6a   0x00000006   Code   RO         6430    i.sha224_wrap       md_wrap.o
    0x00032d70   0x00000006   Code   RO         6431    i.sha256_starts_wrap  md_wrap.o
    0x00032d76   0x00000006   Code   RO         6432    i.sha256_wrap       md_wrap.o
    0x00032d7c   0x00000004   Code   RO         6433    i.sha384_clone_wrap  md_wrap.o
    0x00032d80   0x0000001c   Code   RO         6434    i.sha384_ctx_alloc  md_wrap.o
    0x00032d9c   0x00000018   Code   RO         6435    i.sha384_ctx_free   md_wrap.o
    0x00032db4   0x00000004   Code   RO         6436    i.sha384_finish_wrap  md_wrap.o
    0x00032db8   0x00000004   Code   RO         6437    i.sha384_process_wrap  md_wrap.o
    0x00032dbc   0x00000006   Code   RO         6438    i.sha384_starts_wrap  md_wrap.o
    0x00032dc2   0x00000004   Code   RO         6439    i.sha384_update_wrap  md_wrap.o
    0x00032dc6   0x00000006   Code   RO         6440    i.sha384_wrap       md_wrap.o
    0x00032dcc   0x00000006   Code   RO         6441    i.sha512_starts_wrap  md_wrap.o
    0x00032dd2   0x00000006   Code   RO         6442    i.sha512_wrap       md_wrap.o
    0x00032dd8   0x0000000c   Code   RO         4750    i.softdevice_assertion_handler  softdevice_handler.o
    0x00032de4   0x00000014   Code   RO         4751    i.softdevice_ble_evt_handler_set  softdevice_handler.o
    0x00032df8   0x00000030   Code   RO         4752    i.softdevice_handler_init  softdevice_handler.o
    0x00032e28   0x00000014   Code   RO         4755    i.softdevice_sys_evt_handler_set  softdevice_handler.o
    0x00032e3c   0x000000a4   Code   RO         7752    i.ssl_calc_finished_tls  ssl_tls.o
    0x00032ee0   0x0000004e   Code   RO         7753    i.ssl_calc_verify_tls  ssl_tls.o
    0x00032f2e   0x00000048   Code   RO         7754    i.ssl_check_ctr_renegotiate  ssl_tls.o
    0x00032f76   0x00000002   PAD
    0x00032f78   0x000002c8   Code   RO         7755    i.ssl_decrypt_buf   ssl_tls.o
    0x00033240   0x00000190   Code   RO         7756    i.ssl_encrypt_buf   ssl_tls.o
    0x000333d0   0x000000f8   Code   RO         7757    i.ssl_handshake_init  ssl_tls.o
    0x000334c8   0x000000fc   Code   RO         7580    i.ssl_parse_certificate_request  ssl_cli.o
    0x000335c4   0x00000080   Code   RO         7758    i.ssl_parse_record_header  ssl_tls.o
    0x00033644   0x00000068   Code   RO         7581    i.ssl_parse_renegotiation_info  ssl_cli.o
    0x000336ac   0x000002b8   Code   RO         7582    i.ssl_parse_server_hello  ssl_cli.o
    0x00033964   0x0000021c   Code   RO         7583    i.ssl_parse_server_key_exchange  ssl_cli.o
    0x00033b80   0x00000048   Code   RO         7759    i.ssl_prepare_handshake_record  ssl_tls.o
    0x00033bc8   0x00000018   Code   RO         7762    i.ssl_set_timer     ssl_tls.o
    0x00033be0   0x0000001e   Code   RO         7763    i.ssl_start_renegotiation  ssl_tls.o
    0x00033bfe   0x00000024   Code   RO         7764    i.ssl_update_checksum_md5sha1  ssl_tls.o
    0x00033c22   0x00000024   Code   RO         7765    i.ssl_update_checksum_start  ssl_tls.o
    0x00033c46   0x00000002   PAD
    0x00033c48   0x000000fc   Code   RO         7584    i.ssl_write_certificate_verify  ssl_cli.o
    0x00033d44   0x00000298   Code   RO         7585    i.ssl_write_client_hello  ssl_cli.o
    0x00033fdc   0x000000fc   Code   RO         7586    i.ssl_write_client_key_exchange  ssl_cli.o
    0x000340d8   0x0000008a   Code   RO         7587    i.ssl_write_supported_elliptic_curves_ext  ssl_cli.o
    0x00034162   0x0000001e   Code   RO         6111    i.sub32             ecp_curves.o
    0x00034180   0x00000058   Code   RO         2439    i.sys_check_timeouts  timers.o
    0x000341d8   0x00000002   Code   RO         3778    i.sys_evt_dispatch  ipv6_medium_ble.o
    0x000341da   0x0000000c   Code   RO         1695    i.sys_now           nrf_platform_port.o
    0x000341e6   0x00000002   PAD
    0x000341e8   0x0000008c   Code   RO         2441    i.sys_timeout       timers.o
    0x00034274   0x00000030   Code   RO         2442    i.sys_timeouts_init  timers.o
    0x000342a4   0x0000000e   Code   RO           18    i.system_timer_callback  main.o
    0x000342b2   0x00000002   PAD
    0x000342b4   0x000000d0   Code   RO         1986    i.tcp_abandon       tcp.o
    0x00034384   0x00000006   Code   RO         1987    i.tcp_abort         tcp.o
    0x0003438a   0x00000004   Code   RO         1988    i.tcp_accept        tcp.o
    0x0003438e   0x00000002   PAD
    0x00034390   0x00000138   Code   RO         1990    i.tcp_alloc         tcp.o
    0x000344c8   0x00000004   Code   RO         1991    i.tcp_arg           tcp.o
    0x000344cc   0x0000001a   Code   RO         1993    i.tcp_close         tcp.o
    0x000344e6   0x00000026   Code   RO         4100    i.tcp_close_connection  mqtt_transport.o
    0x0003450c   0x00000140   Code   RO         1994    i.tcp_close_shutdown  tcp.o
    0x0003464c   0x00000210   Code   RO         1995    i.tcp_connect       tcp.o
    0x0003485c   0x00000048   Code   RO         4101    i.tcp_connection_callback  mqtt_transport.o
    0x000348a4   0x0000000c   Code   RO         4102    i.tcp_connection_poll  mqtt_transport.o
    0x000348b0   0x000000ac   Code   RO         2328    i.tcp_create_segment  tcp_out.o
    0x0003495c   0x00000040   Code   RO         1997    i.tcp_eff_send_mss_impl  tcp.o
    0x0003499c   0x000000ac   Code   RO         2329    i.tcp_enqueue_flags  tcp_out.o
    0x00034a48   0x00000006   Code   RO         1998    i.tcp_err           tcp.o
    0x00034a4e   0x0000000e   Code   RO         4103    i.tcp_error_handler  mqtt_transport.o
    0x00034a5c   0x00000068   Code   RO         1999    i.tcp_fasttmr       tcp.o
    0x00034ac4   0x00000030   Code   RO         2252    i.tcp_getoptbyte    tcp_in.o
    0x00034af4   0x00000002   Code   RO         2000    i.tcp_init          tcp.o
    0x00034af6   0x00000002   PAD
    0x00034af8   0x000004b6   Code   RO         2253    i.tcp_input         tcp_in.o
    0x00034fae   0x0000007e   Code   RO         2330    i.tcp_keepalive     tcp_out.o
    0x0003502c   0x00000040   Code   RO         2001    i.tcp_kill_state    tcp.o
    0x0003506c   0x00000148   Code   RO         2254    i.tcp_listen_input  tcp_in.o
    0x000351b4   0x00000050   Code   RO         2004    i.tcp_netif_ipv4_addr_changed  tcp.o
    0x00035204   0x00000022   Code   RO         2005    i.tcp_netif_ipv4_addr_changed_pcblist  tcp.o
    0x00035226   0x00000012   Code   RO         2007    i.tcp_new_ip6       tcp.o
    0x00035238   0x0000005c   Code   RO         2008    i.tcp_new_port      tcp.o
    0x00035294   0x00000010   Code   RO         2009    i.tcp_next_iss      tcp.o
    0x000352a4   0x00000078   Code   RO         2255    i.tcp_oos_insert_segment  tcp_in.o
    0x0003531c   0x000001c8   Code   RO         2331    i.tcp_output        tcp_out.o
    0x000354e4   0x0000006e   Code   RO         2332    i.tcp_output_alloc_header  tcp_out.o
    0x00035552   0x00000002   PAD
    0x00035554   0x00000198   Code   RO         2333    i.tcp_output_segment  tcp_out.o
    0x000356ec   0x00000090   Code   RO         2256    i.tcp_parseopt      tcp_in.o
    0x0003577c   0x00000054   Code   RO         2334    i.tcp_pbuf_prealloc  tcp_out.o
    0x000357d0   0x000000c0   Code   RO         2010    i.tcp_pcb_purge     tcp.o
    0x00035890   0x00000060   Code   RO         2011    i.tcp_pcb_remove    tcp.o
    0x000358f0   0x0000000a   Code   RO         2012    i.tcp_poll          tcp.o
    0x000358fa   0x00000002   PAD
    0x000358fc   0x000003e8   Code   RO         2257    i.tcp_process       tcp_in.o
    0x00035ce4   0x00000074   Code   RO         2013    i.tcp_process_refused_data  tcp.o
    0x00035d58   0x00000754   Code   RO         2258    i.tcp_receive       tcp_in.o
    0x000364ac   0x00000006   Code   RO         2014    i.tcp_recv          tcp.o
    0x000364b2   0x00000024   Code   RO         2015    i.tcp_recv_null     tcp.o
    0x000364d6   0x0000004e   Code   RO         2016    i.tcp_recved        tcp.o
    0x00036524   0x00000064   Code   RO         4104    i.tcp_request_connection  mqtt_transport.o
    0x00036588   0x00000056   Code   RO         2335    i.tcp_rexmit        tcp_out.o
    0x000365de   0x00000060   Code   RO         2336    i.tcp_rexmit_fast   tcp_out.o
    0x0003663e   0x00000040   Code   RO         2337    i.tcp_rexmit_rto    tcp_out.o
    0x0003667e   0x000000ac   Code   RO         2338    i.tcp_rst_impl      tcp_out.o
    0x0003672a   0x00000020   Code   RO         2339    i.tcp_seg_add_chksum  tcp_out.o
    0x0003674a   0x00000002   PAD
    0x0003674c   0x0000002c   Code   RO         2017    i.tcp_seg_copy      tcp.o
    0x00036778   0x0000001a   Code   RO         2018    i.tcp_seg_free      tcp.o
    0x00036792   0x00000012   Code   RO         2019    i.tcp_segs_free     tcp.o
    0x000367a4   0x0000009c   Code   RO         2340    i.tcp_send_empty_ack  tcp_out.o
    0x00036840   0x00000048   Code   RO         2341    i.tcp_send_fin      tcp_out.o
    0x00036888   0x00000006   Code   RO         2020    i.tcp_sent          tcp.o
    0x0003688e   0x00000002   PAD
    0x00036890   0x000002a0   Code   RO         2023    i.tcp_slowtmr       tcp.o
    0x00036b30   0x00000034   Code   RO         2445    i.tcp_timer_needed  timers.o
    0x00036b64   0x00000080   Code   RO         2259    i.tcp_timewait_input  tcp_in.o
    0x00036be4   0x00000020   Code   RO         2024    i.tcp_tmr           tcp.o
    0x00036c04   0x00000010   Code   RO         2260    i.tcp_trigger_input_pcb_close  tcp_in.o
    0x00036c14   0x0000003c   Code   RO         2026    i.tcp_update_rcv_ann_wnd  tcp.o
    0x00036c50   0x000003e4   Code   RO         2342    i.tcp_write         tcp_out.o
    0x00037034   0x0000000c   Code   RO         4105    i.tcp_write_complete_cb  mqtt_transport.o
    0x00037040   0x000000d4   Code   RO         2343    i.tcp_zero_window_probe  tcp_out.o
    0x00037114   0x00000038   Code   RO         2446    i.tcpip_tcp_timer   timers.o
    0x0003714c   0x0000008c   Code   RO         4447    i.timer_list_handler  app_timer.o
    0x000371d8   0x0000003c   Code   RO         4448    i.timer_list_insert  app_timer.o
    0x00037214   0x00000088   Code   RO         4449    i.timer_timeouts_check  app_timer.o
    0x0003729c   0x000001dc   Code   RO         7766    i.tls1_prf          ssl_tls.o
    0x00037478   0x00000044   Code   RO         8284    i.tls_get_timer     tls_interface.o
    0x000374bc   0x00000038   Code   RO         8285    i.tls_set_timer     tls_interface.o
    0x000374f4   0x00000024   Code   RO         3246    i.tx_byte           nrf_drv_uart.o
    0x00037518   0x0000001c   Code   RO         8919    i.tx_complete       ble_6lowpan.lib(ble_6lowpan.o)
    0x00037534   0x00000024   Code   RO         3247    i.tx_done_event     nrf_drv_uart.o
    0x00037558   0x00000058   Code   RO         8920    i.tx_send           ble_6lowpan.lib(ble_6lowpan.o)
    0x000375b0   0x00000016   Code   RO         4599    i.uart_error_handle  app_trace.o
    0x000375c6   0x00000002   PAD
    0x000375c8   0x0000009c   Code   RO         2831    i.uart_event_handler  app_uart_fifo.o
    0x00037664   0x00000002   Code   RO         2527    i.udp_init          udp.o
    0x00037666   0x00000002   PAD
    0x00037668   0x00000248   Code   RO         2528    i.udp_input         udp.o
    0x000378b0   0x00000038   Code   RO         2529    i.udp_netif_ipv4_addr_changed  udp.o
    0x000378e8   0x0000000a   Code   RO         2661    i.uint16_encode     ble_advdata.o
    0x000378f2   0x00000026   Code   RO         3986    i.unpack_bin_str    mqtt_decoder.o
    0x00037918   0x0000002c   Code   RO         3987    i.unpack_uint16     mqtt_decoder.o
    0x00037944   0x0000003e   Code   RO         3989    i.unpack_utf8_str   mqtt_decoder.o
    0x00037982   0x00000002   PAD
    0x00037984   0x00000044   Code   RO         4450    i.user_id_get       app_timer.o
    0x000379c8   0x00000028   Code   RO         4451    i.user_op_alloc     app_timer.o
    0x000379f0   0x00000030   Code   RO         2662    i.uuid_list_encode  ble_advdata.o
    0x00037a20   0x0000009e   Code   RO         2663    i.uuid_list_sized_encode  ble_advdata.o
    0x00037abe   0x00000068   Code   RO         8286    i.verify_options_set  tls_interface.o
    0x00037b26   0x00000004   Code   RO         8287    i.wrapper_calloc    tls_interface.o
    0x00037b2a   0x00000054   Code   RO         8663    i.x509_check_wildcard  x509_crt.o
    0x00037b7e   0x00000054   Code   RO         8664    i.x509_crt_check_parent  x509_crt.o
    0x00037bd2   0x00000002   PAD
    0x00037bd4   0x00000300   Code   RO         8665    i.x509_crt_parse_der_core  x509_crt.o
    0x00037ed4   0x000001e8   Code   RO         8666    i.x509_crt_verify_child  x509_crt.o
    0x000380bc   0x000001a0   Code   RO         8667    i.x509_crt_verify_top  x509_crt.o
    0x0003825c   0x000000e8   Code   RO         8668    i.x509_crt_verifycrl  x509_crt.o
    0x00038344   0x0000009c   Code   RO         8458    i.x509_get_attr_type_value  x509.o
    0x000383e0   0x0000007c   Code   RO         8669    i.x509_get_basic_constraints  x509_crt.o
    0x0003845c   0x000001e4   Code   RO         8670    i.x509_get_crt_ext  x509_crt.o
    0x00038640   0x000000b8   Code   RO         8671    i.x509_get_subject_alt_name  x509_crt.o
    0x000386f8   0x00000036   Code   RO         8672    i.x509_get_uid      x509_crt.o
    0x0003872e   0x00000030   Code   RO         8675    i.x509_memcasecmp   x509_crt.o
    0x0003875e   0x00000082   Code   RO         8676    i.x509_name_cmp     x509_crt.o
    0x000387e0   0x0000003c   Code   RO         8459    i.x509_parse_int    x509.o
    0x0003881c   0x00000044   Code   RO         8677    i.x509_profile_check_key  x509_crt.o
    0x00038860   0x00000016   Code   RO         8678    i.x509_profile_check_md_alg  x509_crt.o
    0x00038876   0x00000016   Code   RO         8679    i.x509_profile_check_pk_alg  x509_crt.o
    0x0003888c   0x0000000c   Code   RO         4032    i.zero_len_str_encode  mqtt_encoder.o
    0x00038898   0x00000029   Data   RO           21    .constdata          main.o
    0x000388c1   0x0000000f   Data   RO           22    .constdata          main.o
    0x000388d0   0x00000009   Data   RO           23    .constdata          main.o
    0x000388d9   0x00000003   PAD
    0x000388dc   0x00000010   Data   RO           24    .constdata          main.o
    0x000388ec   0x00000004   Data   RO         1087    .constdata          ip4_addr.o
    0x000388f0   0x00000010   Data   RO         1225    .constdata          ip6_addr.o
    0x00038900   0x00000010   Data   RO         1264    .constdata          memp.o
    0x00038910   0x00000054   Data   RO         2027    .constdata          tcp.o
    0x00038964   0x00000020   Data   RO         2833    .constdata          app_uart_fifo.o
    0x00038984   0x00000020   Data   RO         3249    .constdata          nrf_drv_uart.o
    0x000389a4   0x00000024   Data   RO         3904    .constdata          mqtt.o
    0x000389c8   0x00000006   Data   RO         4033    .constdata          mqtt_encoder.o
    0x000389ce   0x00000002   PAD
    0x000389d0   0x00000008   Data   RO         4035    .constdata          mqtt_encoder.o
    0x000389d8   0x0000000c   Data   RO         4106    .constdata          mqtt_transport.o
    0x000389e4   0x00000008   Data   RO         4244    .constdata          app_button.o
    0x000389ec   0x0000000c   Data   RO         4601    .constdata          app_trace.o
    0x000389f8   0x00000070   Data   RO         4650    .constdata          mem_manager.o
    0x00038a68   0x00002228   Data   RO         4851    .constdata          aes.o
    0x0003ac90   0x000000c0   Data   RO         5120    .constdata          base64.o
    0x0003ad50   0x0000001c   Data   RO         5617    .constdata          cipher_wrap.o
    0x0003ad6c   0x0000001c   Data   RO         5618    .constdata          cipher_wrap.o
    0x0003ad88   0x0000001c   Data   RO         5619    .constdata          cipher_wrap.o
    0x0003ada4   0x0000001c   Data   RO         5620    .constdata          cipher_wrap.o
    0x0003adc0   0x0000001c   Data   RO         5621    .constdata          cipher_wrap.o
    0x0003addc   0x0000001c   Data   RO         5622    .constdata          cipher_wrap.o
    0x0003adf8   0x0000001c   Data   RO         5623    .constdata          cipher_wrap.o
    0x0003ae14   0x00000038   Data   RO         5624    .constdata          cipher_wrap.o
    0x0003ae4c   0x00000018   Data   RO         5887    .constdata          ecp.o
    0x0003ae64   0x000000a0   Data   RO         6112    .constdata          ecp_curves.o
    0x0003af04   0x0000001c   Data   RO         6217    .constdata          md.o
    0x0003af20   0x00000040   Data   RO         6360    .constdata          md5.o
    0x0003af60   0x00000030   Data   RO         6443    .constdata          md_wrap.o
    0x0003af90   0x00000030   Data   RO         6444    .constdata          md_wrap.o
    0x0003afc0   0x00000030   Data   RO         6445    .constdata          md_wrap.o
    0x0003aff0   0x00000030   Data   RO         6446    .constdata          md_wrap.o
    0x0003b020   0x00000030   Data   RO         6447    .constdata          md_wrap.o
    0x0003b050   0x00000030   Data   RO         6448    .constdata          md_wrap.o
    0x0003b080   0x000005e8   Data   RO         6638    .constdata          oid.o
    0x0003b668   0x00000030   Data   RO         6926    .constdata          pk_wrap.o
    0x0003b698   0x00000030   Data   RO         6927    .constdata          pk_wrap.o
    0x0003b6c8   0x00000030   Data   RO         6928    .constdata          pk_wrap.o
    0x0003b6f8   0x00000030   Data   RO         6929    .constdata          pk_wrap.o
    0x0003b728   0x00000040   Data   RO         7334    .constdata          sha1.o
    0x0003b768   0x00000140   Data   RO         7391    .constdata          sha256.o
    0x0003b8a8   0x00000300   Data   RO         7449    .constdata          sha512.o
    0x0003bba8   0x00000134   Data   RO         7513    .constdata          ssl_ciphersuites.o
    0x0003bcdc   0x000000b8   Data   RO         8680    .constdata          x509_crt.o
    0x0003bd94   0x00000010   Data   RO         8682    .constdata          x509_crt.o
    0x0003bda4   0x00000008   Data   RO         8922    .constdata          ble_6lowpan.lib(ble_6lowpan.o)
    0x0003bdac   0x00000075   Data   RO         2028    .conststring        tcp.o
    0x0003be21   0x00000003   PAD
    0x0003be24   0x0000000c   Data   RO         5625    .conststring        cipher_wrap.o
    0x0003be30   0x0000000c   Data   RO         5626    .conststring        cipher_wrap.o
    0x0003be3c   0x0000000c   Data   RO         5627    .conststring        cipher_wrap.o
    0x0003be48   0x0000000c   Data   RO         5628    .conststring        cipher_wrap.o
    0x0003be54   0x0000000c   Data   RO         5629    .conststring        cipher_wrap.o
    0x0003be60   0x0000000c   Data   RO         5630    .conststring        cipher_wrap.o
    0x0003be6c   0x0000000a   Data   RO         5888    .conststring        ecp.o
    0x0003be76   0x00000002   PAD
    0x0003be78   0x00000004   Data   RO         6449    .conststring        md_wrap.o
    0x0003be7c   0x00000005   Data   RO         6450    .conststring        md_wrap.o
    0x0003be81   0x00000003   PAD
    0x0003be84   0x00000007   Data   RO         6451    .conststring        md_wrap.o
    0x0003be8b   0x00000001   PAD
    0x0003be8c   0x00000007   Data   RO         6452    .conststring        md_wrap.o
    0x0003be93   0x00000001   PAD
    0x0003be94   0x00000007   Data   RO         6453    .conststring        md_wrap.o
    0x0003be9b   0x00000001   PAD
    0x0003be9c   0x00000007   Data   RO         6454    .conststring        md_wrap.o
    0x0003bea3   0x00000001   PAD
    0x0003bea4   0x00000af7   Data   RO         6639    .conststring        oid.o
    0x0003c99b   0x00000001   PAD
    0x0003c99c   0x00000003   Data   RO         6931    .conststring        pk_wrap.o
    0x0003c99f   0x00000001   PAD
    0x0003c9a0   0x00000006   Data   RO         6932    .conststring        pk_wrap.o
    0x0003c9a6   0x00000002   PAD
    0x0003c9a8   0x00000006   Data   RO         6933    .conststring        pk_wrap.o
    0x0003c9ae   0x00000002   PAD
    0x0003c9b0   0x00000119   Data   RO         7514    .conststring        ssl_ciphersuites.o
    0x0003cac9   0x00000003   PAD
    0x0003cacc   0x00000406   Data   RO         8683    .conststring        x509_crt.o
    0x0003ced2   0x00000002   PAD
    0x0003ced4   0x0000002e   Data   RO         6640    .conststrlit        oid.o
    0x0003cf02   0x00000002   PAD
    0x0003cf04   0x00000020   Data   RO         9305    Region$$Table       anon$$obj.o


    Execution Region RW_IRAM1 (Base: 0x20002800, Size: 0x0000cb58, Max: 0x0000d800, ABSOLUTE, COMPRESSED[0x00000064])

    Base Addr    Size         Type   Attr      Idx    E Section Name        Object

    0x20002800   0x00000048   Data   RW           25    .data               main.o
    0x20002848   0x0000000c   Data   RW           26    .data               main.o
    0x20002854   0x00000002   Data   RW          997    .data               ip4.o
    0x20002856   0x00000002   PAD
    0x20002858   0x00000004   Data   RW         1334    .data               mld6.o
    0x2000285c   0x0000000c   Data   RW         1422    .data               nd6.o
    0x20002868   0x0000000c   Data   RW         1565    .data               netif.o
    0x20002874   0x00000001   Data   RW         1786    .data               pbuf.o
    0x20002875   0x00000003   PAD
    0x20002878   0x00000024   Data   RW         2029    .data               tcp.o
    0x2000289c   0x00000020   Data   RW         2262    .data               tcp_in.o
    0x200028bc   0x0000000c   Data   RW         2447    .data               timers.o
    0x200028c8   0x00000008   Data   RW         2542    .data               udp.o
    0x200028d0   0x00000008   Data   RW         2834    .data               app_uart_fifo.o
    0x200028d8   0x00000001   Data   RW         3173    .data               nrf_drv_rng.o
    0x200028d9   0x00000001   Data   RW         3667    .data               iot_context_manager.o
    0x200028da   0x00000002   PAD
    0x200028dc   0x00000008   Data   RW         3734    .data               iot_timer.o
    0x200028e4   0x00000023   Data   RW         3780    .data               ipv6_medium_ble.o
    0x20002907   0x00000001   PAD
    0x20002908   0x00000004   Data   RW         3905    .data               mqtt.o
    0x2000290c   0x00000004   Data   RW         4037    .data               mqtt_encoder.o
    0x20002910   0x00000014   Data   RW         4245    .data               app_button.o
    0x20002924   0x00000020   Data   RW         4452    .data               app_timer.o
    0x20002944   0x00000001   Data   RW         4602    .data               app_trace.o
    0x20002945   0x00000001   Data   RW         4651    .data               mem_manager.o
    0x20002946   0x00000002   PAD
    0x20002948   0x00000004   Data   RW         4712    .data               retarget.o
    0x2000294c   0x00000014   Data   RW         4756    .data               softdevice_handler.o
    0x20002960   0x00000008   Data   RW         5889    .data               ecp.o
    0x20002968   0x00000004   Data   RW         6113    .data               ecp_curves.o
    0x2000296c   0x00000008   Data   RW         7170    .data               platform.o
    0x20002974   0x00000030   Data   RW         7767    .data               ssl_tls.o
    0x200029a4   0x00000004   Data   RW         8289    .data               tls_interface.o
    0x200029a8   0x00000004   Data   RW         8874    .data               system_nrf52.o
    0x200029ac   0x0000000c   Data   RW         8923    .data               ble_6lowpan.lib(ble_6lowpan.o)
    0x200029b8   0x00000004   Data   RW         8952    .data               ble_6lowpan.lib(ble_ipsp.o)
    0x200029bc   0x00000020   Zero   RW           19    .bss                main.o
    0x200029dc   0x000002f4   Zero   RW           20    .bss                main.o
    0x20002cd0   0x00000034   Zero   RW          996    .bss                ip4.o
    0x20002d04   0x00000400   Zero   RW         1421    .bss                nd6.o
    0x20003104   0x0000007c   Zero   RW         1696    .bss                nrf_platform_port.o
    0x20003180   0x00000014   Zero   RW         2261    .bss                tcp_in.o
    0x20003194   0x00000020   Zero   RW         2832    .bss                app_uart_fifo.o
    0x200031b4   0x00000058   Zero   RW         2999    .bss                nrf_drv_gpiote.o
    0x2000320c   0x00000018   Zero   RW         3248    .bss                nrf_drv_uart.o
    0x20003224   0x00000188   Zero   RW         3666    .bss                iot_context_manager.o
    0x200033ac   0x000000fc   Zero   RW         3779    .bss                ipv6_medium_ble.o
    0x200034a8   0x00000020   Zero   RW         4243    .bss                app_button.o
    0x200034c8   0x00000100   Zero   RW         4600    .bss                app_trace.o
    0x200035c8   0x00008698   Zero   RW         4649    .bss                mem_manager.o
    0x2000bc60   0x00001000   Zero   RW         8288    .bss                tls_interface.o
    0x2000cc60   0x000000ec   Zero   RW         8921    .bss                ble_6lowpan.lib(ble_6lowpan.o)
    0x2000cd4c   0x0000140c   Zero   RW         8950    .bss                ble_6lowpan.lib(ble_ipsp.o)
    0x2000e158   0x00001200   Zero   RW         8862    STACK               arm_startup_nrf52.o

