<html>
<body>
<pre>
<h1>µVision Build Log</h1>
<h2>Tool Versions:</h2>
IDE-Version: µVision V5.18.0.0
Copyright (C) 2016 ARM Ltd and ARM Germany GmbH. All rights reserved.
License Information: Sindre Schei, NTNU, LIC=----
 
Tool Versions:
Toolchain:       MDK-Lite  Version: 5.18
Toolchain Path:  C:\Keil_v5\ARM\ARMCC\Bin
C Compiler:      Armcc.exe V5.06 update 1 (build 61)
Assembler:       Armasm.exe V5.06 update 1 (build 61)
Linker/Locator:  ArmLink.exe V5.06 update 1 (build 61)
Library Manager: ArmAr.exe V5.06 update 1 (build 61)
Hex Converter:   FromElf.exe V5.06 update 1 (build 61)
CPU DLL:         
Dialog DLL:      
Target DLL:      Segger\JL2CM3.dll V2.99.18.0
Dialog DLL:      TCM.DLL V1.14.8.0
 
<h2>Project:</h2>
E:\NordicExamples\nrf5_iot_sdk_3288530\examples\iot\coap\ipv6\client\boards\pca10040\arm5_no_packs\iot_ipv6_coap_client_pca10040.uvprojx
Project File Date:  01/29/2016

<h2>Output:</h2>
*** Using Compiler 'V5.06 update 1 (build 61)', folder: 'C:\Keil_v5\ARM\ARMCC\Bin'
Build target 'nrf52832_xxaa_s1xx_iot'
compiling main.c...
..\..\..\main.c(568): warning:  #177-D: variable "addr8" was declared but never referenced
         uint8_t addr8 = (uint8_t)addr;
..\..\..\main.c(741): warning:  #177-D: variable "config" was declared but never referenced
      const nrf_drv_twi_config_t config =
..\..\..\main.c(1477): warning:  #177-D: variable "comm_params" was declared but never referenced
      const app_uart_comm_params_t comm_params =
..\..\..\main.c(190): warning:  #177-D: variable "m_twi_master" was declared but never referenced
  static const nrf_drv_twi_t m_twi_master = NRF_DRV_TWI_INSTANCE(MASTER_TWI_INST);									
..\..\..\main.c: 4 warnings, 0 errors
linking...
Program Size: Code=25704 RO-data=1716 RW-data=412 ZI-data=20508  
FromELF: creating hex file...
".\_build\nrf52832_xxaa_s1xx_iot.axf" - 0 Error(s), 4 Warning(s).

<h2>Software Packages used:</h2>

Package Vendor: ARM
                http://www.keil.com/pack/ARM.CMSIS.4.2.0.pack
                ARM::CMSIS:CORE:3.40.0
                CMSIS (Cortex Microcontroller Software Interface Standard)
   * Component: CORE Version: 3.40.0

Package Vendor: NordicSemiconductor
                http://developer.nordicsemi.com/nRF51_SDK/pieces/nRF_DeviceFamilyPack/NordicSemiconductor.nRF_DeviceFamilyPack.8.0.5.pack
                NordicSemiconductor::Device:Startup:8.0.5
                Nordic Semiconductor nRF ARM devices Device Family Pack.
   * Component: Startup Version: 8.0.5

<h2>Collection of Component include folders:</h2>
  E:\NordicExamples\nrf5_iot_sdk_3288530\examples\iot\coap\ipv6\client\boards\pca10040\arm5_no_packs\RTE
  C:\Keil_v5\ARM\PACK\ARM\CMSIS\4.2.0\CMSIS\Include
  C:\Keil_v5\ARM\PACK\NordicSemiconductor\nRF_DeviceFamilyPack\8.0.5\Device\Include

<h2>Collection of Component Files used:</h2>

   * Component: ARM::CMSIS:CORE:3.40.0
      Source file:   CMSIS\UserCodeTemplates\ARM\ITM_Retarget.c

   * Component: NordicSemiconductor::Device:Startup:8.0.5
      Source file:   Device\Source\arm\arm_startup_nrf52.s
      Source file:   Device\Source\system_nrf52.c
      Include file:  Device\Include\system_nrf52.h
Build Time Elapsed:  00:00:15
</pre>
</body>
</html>
