<html>
<body>
<pre>
<h1>µVision Build Log</h1>
<h2>Tool Versions:</h2>
IDE-Version: µVision V5.17.0.0
Copyright (C) 2015 ARM Ltd and ARM Germany GmbH. All rights reserved.
License Information: Anders Brastad, NTNU , LIC=----
 
Tool Versions:
Toolchain:       MDK-Lite  Version: 5.17
Toolchain Path:  C:\Keil_v5\ARM\ARMCC\Bin
C Compiler:      Armcc.exe V5.06 update 1 (build 61)
Assembler:       Armasm.exe V5.06 update 1 (build 61)
Linker/Locator:  ArmLink.exe V5.06 update 1 (build 61)
Library Manager: ArmAr.exe V5.06 update 1 (build 61)
Hex Converter:   FromElf.exe V5.06 update 1 (build 61)
CPU DLL:         
Dialog DLL:      
Target DLL:      Segger\JL2CM3.dll V2.99.16.0
Dialog DLL:      TCM.DLL V1.14.6.0
 
<h2>Project:</h2>
C:\Users\Bruker\nrf5_iot_sdk_3288530\examples\iot\coap\ipv6\server - developer\boards\pca10040\arm5_no_packs\iot_ipv6_coap_server_pca10040.uvprojx
Project File Date:  02/02/2016

<h2>Output:</h2>
*** Using Compiler 'V5.06 update 1 (build 61)', folder: 'C:\Keil_v5\ARM\ARMCC\Bin'
Rebuild target 'nrf52832_xxaa_s1xx_iot'
compiling ble_advdata.c...
compiling ble_conn_params.c...
compiling ble_srv_common.c...
compiling bsp.c...
compiling main.c...
compiling app_uart_fifo.c...
compiling nrf_delay.c...
compiling nrf_drv_common.c...
compiling nrf_drv_gpiote.c...
compiling nrf_drv_uart.c...
compiling pstorage.c...
compiling coap_message.c...
compiling coap_option.c...
compiling coap_queue.c...
compiling coap_resource.c...
compiling coap_transport_ipv6.c...
compiling icmp6.c...
compiling coap.c...
compiling iot_context_manager.c...
compiling iot_timer.c...
compiling ipv6.c...
compiling ipv6_parse.c...
compiling ipv6_utils.c...
compiling udp6.c...
compiling ble_ncfgs.c...
compiling iot_pbuffer.c...
compiling commissioning.c...
compiling ipv6_medium_ble.c...
compiling app_fifo.c...
compiling app_error.c...
compiling app_button.c...
compiling app_trace.c...
compiling mem_manager.c...
compiling nrf_assert.c...
compiling app_timer.c...
assembling arm_startup_nrf52.s...
compiling retarget.c...
compiling softdevice_handler.c...
compiling system_nrf52.c...
linking...
Program Size: Code=22144 RO-data=1244 RW-data=404 ZI-data=20500  
FromELF: creating hex file...
".\_build\nrf52832_xxaa_s1xx_iot.axf" - 0 Error(s), 0 Warning(s).

<h2>Software Packages used:</h2>

Package Vendor: ARM
                http://www.keil.com/pack/ARM.CMSIS.4.2.0.pack
                ARM::CMSIS:CORE:3.40.0
                CMSIS (Cortex Microcontroller Software Interface Standard)
   * Component: CORE Version: 3.40.0

Package Vendor: NordicSemiconductor
                http://developer.nordicsemi.com/nRF51_SDK/pieces/nRF_DeviceFamilyPack/NordicSemiconductor.nRF_DeviceFamilyPack.8.0.5.pack
                NordicSemiconductor::Device:Startup:8.0.5
                Nordic Semiconductor nRF ARM devices Device Family Pack.
   * Component: Startup Version: 8.0.5

<h2>Collection of Component include folders:</h2>
  C:\Users\Bruker\nrf5_iot_sdk_3288530\examples\iot\coap\ipv6\server - developer\boards\pca10040\arm5_no_packs\RTE
  C:\Keil_v5\ARM\PACK\ARM\CMSIS\4.2.0\CMSIS\Include
  C:\Keil_v5\ARM\PACK\NordicSemiconductor\nRF_DeviceFamilyPack\8.0.5\Device\Include
  C:\Keil_v5\ARM\PACK\NordicSemiconductor\nRF_DeviceFamilyPack\8.3.2\Device\Include

<h2>Collection of Component Files used:</h2>

   * Component: ARM::CMSIS:CORE:3.40.0
      Source file:   CMSIS\UserCodeTemplates\ARM\ITM_Retarget.c

   * Component: NordicSemiconductor::Device:Startup:8.0.5
      Include file:  Device\Include\system_nrf52.h
      Source file:   Device\Source\system_nrf52.c
      Source file:   Device\Source\arm\arm_startup_nrf52.s
Build Time Elapsed:  00:00:08
</pre>
</body>
</html>
