Component: ARM Compiler 5.06 update 1 (build 61) Tool: armlink [4d35a8]

==============================================================================

Section Cross References

    main.o(i.app_coap_time_tick) refers to coap.o(i.coap_time_tick) for coap_time_tick
    main.o(i.app_coap_time_tick) refers to main.o(i.notify_all_led3_subscribers) for notify_all_led3_subscribers
    main.o(i.app_coap_time_tick) refers to main.o(.bss) for .bss
    main.o(i.app_coap_time_tick) refers to main.o(.data) for .data
    main.o(i.app_error_handler) refers to strncpy.o(.text) for strncpy
    main.o(i.app_error_handler) refers to main.o(.bss) for .bss
    main.o(i.app_error_handler) refers to main.o(.data) for .data
    main.o(i.assert_nrf_callback) refers to main.o(i.app_error_handler) for app_error_handler
    main.o(i.blink_timeout_handler) refers to main.o(.data) for .data
    main.o(i.button_event_handler) refers to main.o(i.notify_all_led3_subscribers) for notify_all_led3_subscribers
    main.o(i.coap_endpoints_init) refers to coap_resource.o(i.coap_resource_create) for coap_resource_create
    main.o(i.coap_endpoints_init) refers to coap_resource.o(i.coap_resource_child_add) for coap_resource_child_add
    main.o(i.coap_endpoints_init) refers to coap_resource.o(i.coap_resource_well_known_generate) for coap_resource_well_known_generate
    main.o(i.coap_endpoints_init) refers to main.o(i.app_error_handler) for app_error_handler
    main.o(i.coap_endpoints_init) refers to main.o(.bss) for .bss
    main.o(i.coap_endpoints_init) refers to main.o(i.well_known_core_callback) for well_known_core_callback
    main.o(i.coap_endpoints_init) refers to main.o(.constdata) for .constdata
    main.o(i.coap_endpoints_init) refers to main.o(i.led3_callback) for led3_callback
    main.o(i.connectable_mode_enter) refers to ipv6_medium_ble.o(i.ipv6_medium_connectable_mode_enter) for ipv6_medium_connectable_mode_enter
    main.o(i.connectable_mode_enter) refers to main.o(i.app_error_handler) for app_error_handler
    main.o(i.connectable_mode_enter) refers to main.o(.data) for .data
    main.o(i.iot_timer_tick_callback) refers to iot_timer.o(i.iot_timer_update) for iot_timer_update
    main.o(i.iot_timer_tick_callback) refers to main.o(i.app_error_handler) for app_error_handler
    main.o(i.ip_app_handler) refers to nrf_delay.o(i.nrf_delay_ms) for nrf_delay_ms
    main.o(i.ip_app_handler) refers to icmp6.o(i.icmp6_rs_send) for icmp6_rs_send
    main.o(i.ip_app_handler) refers to main.o(i.app_error_handler) for app_error_handler
    main.o(i.ip_app_handler) refers to main.o(.data) for .data
    main.o(i.ip_app_handler) refers to main.o(.constdata) for .constdata
    main.o(i.itoa) refers to main.o(.bss) for .bss
    main.o(i.led3_callback) refers to memseta.o(.text) for __aeabi_memclr4
    main.o(i.led3_callback) refers to memcpya.o(.text) for __aeabi_memcpy4
    main.o(i.led3_callback) refers to coap.o(i.coap_message_new) for coap_message_new
    main.o(i.led3_callback) refers to coap_message.o(i.coap_message_remote_addr_set) for coap_message_remote_addr_set
    main.o(i.led3_callback) refers to coap.o(i.coap_message_send) for coap_message_send
    main.o(i.led3_callback) refers to coap_message.o(i.coap_message_ct_match_select) for coap_message_ct_match_select
    main.o(i.led3_callback) refers to coap_message.o(i.coap_message_opt_present) for coap_message_opt_present
    main.o(i.led3_callback) refers to coap_observe.o(i.coap_observe_server_search) for coap_observe_server_search
    main.o(i.led3_callback) refers to coap_option.o(i.coap_opt_uint_decode) for coap_opt_uint_decode
    main.o(i.led3_callback) refers to main.o(i.app_error_handler) for app_error_handler
    main.o(i.led3_callback) refers to coap_observe.o(i.coap_observe_server_register) for coap_observe_server_register
    main.o(i.led3_callback) refers to coap_message.o(i.coap_message_opt_uint_add) for coap_message_opt_uint_add
    main.o(i.led3_callback) refers to coap_observe.o(i.coap_observe_server_unregister) for coap_observe_server_unregister
    main.o(i.led3_callback) refers to strlen.o(.text) for strlen
    main.o(i.led3_callback) refers to coap_message.o(i.coap_message_payload_set) for coap_message_payload_set
    main.o(i.led3_callback) refers to coap.o(i.coap_message_delete) for coap_message_delete
    main.o(i.led3_callback) refers to main.o(i.notify_all_led3_subscribers) for notify_all_led3_subscribers
    main.o(i.led3_callback) refers to main.o(.data) for .data
    main.o(i.led3_callback) refers to main.o(.bss) for .bss
    main.o(i.main) refers to nrf_drv_twi.o(i.nrf_drv_twi_init) for nrf_drv_twi_init
    main.o(i.main) refers to nrf_drv_twi.o(i.nrf_drv_twi_enable) for nrf_drv_twi_enable
    main.o(i.main) refers to nrf_drv_twi.o(i.nrf_drv_twi_tx) for nrf_drv_twi_tx
    main.o(i.main) refers to app_timer.o(i.app_timer_init) for app_timer_init
    main.o(i.main) refers to app_timer.o(i.app_timer_create) for app_timer_create
[...]
    i.nrf_mem_init                           0x000249dc   Section        0  mem_manager.o(i.nrf_mem_init)
    i.nrf_mem_reserve                        0x000249fc   Section        0  mem_manager.o(i.nrf_mem_reserve)
    i.nrf_twi_event_check                    0x00024ab0   Section        0  nrf_drv_twi.o(i.nrf_twi_event_check)
    nrf_twi_event_check                      0x00024ab1   Thumb Code    10  nrf_drv_twi.o(i.nrf_twi_event_check)
    i.nrf_uart_event_check                   0x00024aba   Section        0  nrf_drv_uart.o(i.nrf_uart_event_check)
    nrf_uart_event_check                     0x00024abb   Thumb Code    10  nrf_drv_uart.o(i.nrf_uart_event_check)
    i.nrf_uart_int_enable_check              0x00024ac4   Section        0  nrf_drv_uart.o(i.nrf_uart_int_enable_check)
    nrf_uart_int_enable_check                0x00024ac5   Thumb Code    12  nrf_drv_uart.o(i.nrf_uart_int_enable_check)
    i.nrf_uarte_event_check                  0x00024ad0   Section        0  nrf_drv_uart.o(i.nrf_uarte_event_check)
    nrf_uarte_event_check                    0x00024ad1   Thumb Code    10  nrf_drv_uart.o(i.nrf_uarte_event_check)
    i.observer_con_message_callback          0x00024ada   Section        0  main.o(i.observer_con_message_callback)
    observer_con_message_callback            0x00024adb   Thumb Code    46  main.o(i.observer_con_message_callback)
    i.on_ble_evt                             0x00024b08   Section        0  ipv6_medium_ble.o(i.on_ble_evt)
    on_ble_evt                               0x00024b09   Thumb Code   100  ipv6_medium_ble.o(i.on_ble_evt)
    i.on_error                               0x00024b70   Section        0  nrf_drv_twi.o(i.on_error)
    on_error                                 0x00024b71   Thumb Code    68  nrf_drv_twi.o(i.on_error)
    i.on_ipv6_medium_error                   0x00024bbc   Section        0  main.o(i.on_ipv6_medium_error)
    on_ipv6_medium_error                     0x00024bbd   Thumb Code     2  main.o(i.on_ipv6_medium_error)
    i.on_ipv6_medium_evt                     0x00024bc0   Section        0  main.o(i.on_ipv6_medium_evt)
    on_ipv6_medium_evt                       0x00024bc1   Thumb Code    20  main.o(i.on_ipv6_medium_evt)
    i.pbuffer_allocate                       0x00024bd8   Section        0  iot_pbuffer.o(i.pbuffer_allocate)
    pbuffer_allocate                         0x00024bd9   Thumb Code    76  iot_pbuffer.o(i.pbuffer_allocate)
    i.pbuffer_find                           0x00024c28   Section        0  iot_pbuffer.o(i.pbuffer_find)
    pbuffer_find                             0x00024c29   Thumb Code    34  iot_pbuffer.o(i.pbuffer_find)
    i.pbuffer_init                           0x00024c50   Section        0  iot_pbuffer.o(i.pbuffer_init)
    pbuffer_init                             0x00024c51   Thumb Code    14  iot_pbuffer.o(i.pbuffer_init)
    i.pin_in_use_by_port                     0x00024c60   Section        0  nrf_drv_gpiote.o(i.pin_in_use_by_port)
    pin_in_use_by_port                       0x00024c61   Thumb Code    20  nrf_drv_gpiote.o(i.pin_in_use_by_port)
    i.pin_in_use_by_te                       0x00024c78   Section        0  nrf_drv_gpiote.o(i.pin_in_use_by_te)
    pin_in_use_by_te                         0x00024c79   Thumb Code    20  nrf_drv_gpiote.o(i.pin_in_use_by_te)
    i.port_data_callback                     0x00024c90   Section        0  coap_transport_ipv6.o(i.port_data_callback)
    port_data_callback                       0x00024c91   Thumb Code    68  coap_transport_ipv6.o(i.port_data_callback)
    i.ra_input                               0x00024cd8   Section        0  icmp6.o(i.ra_input)
    ra_input                                 0x00024cd9   Thumb Code   310  icmp6.o(i.ra_input)
    i.rtc1_stop                              0x00024e10   Section        0  app_timer.o(i.rtc1_stop)
    rtc1_stop                                0x00024e11   Thumb Code    52  app_timer.o(i.rtc1_stop)
    i.rx_address_req                         0x00024e4c   Section        0  nrf_drv_twi.o(i.rx_address_req)
    rx_address_req                           0x00024e4d   Thumb Code    76  nrf_drv_twi.o(i.rx_address_req)
    i.rx_byte                                0x00024ea0   Section        0  nrf_drv_uart.o(i.rx_byte)
    rx_byte                                  0x00024ea1   Thumb Code    28  nrf_drv_uart.o(i.rx_byte)
    i.rx_done                                0x00024ec4   Section        0  nrf_drv_twi.o(i.rx_done)
    rx_done                                  0x00024ec5   Thumb Code    50  nrf_drv_twi.o(i.rx_done)
    i.rx_done_event                          0x00024efc   Section        0  nrf_drv_uart.o(i.rx_done_event)
    rx_done_event                            0x00024efd   Thumb Code    32  nrf_drv_uart.o(i.rx_done_event)
    i.rx_prepare                             0x00024f20   Section        0  nrf_drv_twi.o(i.rx_prepare)
    rx_prepare                               0x00024f21   Thumb Code     4  nrf_drv_twi.o(i.rx_prepare)
    i.send_error_response                    0x00024f24   Section        0  coap.o(i.send_error_response)
    send_error_response                      0x00024f25   Thumb Code    66  coap.o(i.send_error_response)
    i.service_data_encode                    0x00024f68   Section        0  ble_advdata.o(i.service_data_encode)
    service_data_encode                      0x00024f69   Thumb Code   136  ble_advdata.o(i.service_data_encode)
    i.softdevice_assertion_handler           0x00024ff0   Section        0  softdevice_handler.o(i.softdevice_assertion_handler)
    i.softdevice_ble_evt_handler_set         0x00024ffc   Section        0  softdevice_handler.o(i.softdevice_ble_evt_handler_set)
    i.softdevice_handler_init                0x00025010   Section        0  softdevice_handler.o(i.softdevice_handler_init)
    i.softdevice_sys_evt_handler_set         0x00025040   Section        0  softdevice_handler.o(i.softdevice_sys_evt_handler_set)
    i.state_machine                          0x00025054   Section        0  nrf_drv_twi.o(i.state_machine)
    state_machine                            0x00025055   Thumb Code    68  nrf_drv_twi.o(i.state_machine)
    i.sys_evt_dispatch                       0x000250a4   Section        0  ipv6_medium_ble.o(i.sys_evt_dispatch)
    sys_evt_dispatch                         0x000250a5   Thumb Code     2  ipv6_medium_ble.o(i.sys_evt_dispatch)
    i.timer_list_handler                     0x000250a8   Section        0  app_timer.o(i.timer_list_handler)
    timer_list_handler                       0x000250a9   Thumb Code   134  app_timer.o(i.timer_list_handler)
    i.timer_list_insert                      0x00025134   Section        0  app_timer.o(i.timer_list_insert)
    timer_list_insert                        0x00025135   Thumb Code    56  app_timer.o(i.timer_list_insert)
    i.timer_timeouts_check                   0x00025170   Section        0  app_timer.o(i.timer_timeouts_check)
    timer_timeouts_check                     0x00025171   Thumb Code   128  app_timer.o(i.timer_timeouts_check)
    i.twi_clear_bus                          0x000251f8   Section        0  nrf_drv_twi.o(i.twi_clear_bus)
    twi_clear_bus                            0x000251f9   Thumb Code   170  nrf_drv_twi.o(i.twi_clear_bus)
    i.twi_transfer                           0x000252a8   Section        0  nrf_drv_twi.o(i.twi_transfer)
    twi_transfer                             0x000252a9   Thumb Code   352  nrf_drv_twi.o(i.twi_transfer)
    i.tx_byte                                0x00025414   Section        0  nrf_drv_uart.o(i.tx_byte)
    tx_byte                                  0x00025415   Thumb Code    28  nrf_drv_uart.o(i.tx_byte)
    i.tx_complete                            0x00025438   Section        0  ble_6lowpan.o(i.tx_complete)
    tx_complete                              0x00025439   Thumb Code    28  ble_6lowpan.o(i.tx_complete)
    i.tx_done                                0x00025454   Section        0  nrf_drv_twi.o(i.tx_done)
    tx_done                                  0x00025455   Thumb Code    32  nrf_drv_twi.o(i.tx_done)
    i.tx_done_event                          0x00025478   Section        0  nrf_drv_uart.o(i.tx_done_event)
    tx_done_event                            0x00025479   Thumb Code    30  nrf_drv_uart.o(i.tx_done_event)
    i.tx_prepare                             0x0002549c   Section        0  nrf_drv_twi.o(i.tx_prepare)
    tx_prepare                               0x0002549d   Thumb Code    28  nrf_drv_twi.o(i.tx_prepare)
    i.tx_send                                0x000254bc   Section        0  ble_6lowpan.o(i.tx_send)
    tx_send                                  0x000254bd   Thumb Code    84  ble_6lowpan.o(i.tx_send)
    i.txrx_shorts_set_task_start             0x00025514   Section        0  nrf_drv_twi.o(i.txrx_shorts_set_task_start)
    txrx_shorts_set_task_start               0x00025515   Thumb Code   128  nrf_drv_twi.o(i.txrx_shorts_set_task_start)
    i.type_offset_get                        0x0002559c   Section        0  iot_pbuffer.o(i.type_offset_get)
    type_offset_get                          0x0002559d   Thumb Code    34  iot_pbuffer.o(i.type_offset_get)
    i.udp6_socket_allocate                   0x000255c0   Section        0  udp6.o(i.udp6_socket_allocate)
    i.udp6_socket_app_data_set               0x0002560c   Section        0  udp6.o(i.udp6_socket_app_data_set)
    i.udp6_socket_bind                       0x0002564c   Section        0  udp6.o(i.udp6_socket_bind)
    i.udp6_socket_free                       0x000256d0   Section        0  udp6.o(i.udp6_socket_free)
    i.udp6_socket_recv                       0x00025710   Section        0  udp6.o(i.udp6_socket_recv)
    i.udp6_socket_sendto                     0x0002575c   Section        0  udp6.o(i.udp6_socket_sendto)
    i.udp_init                               0x000258a4   Section        0  udp6.o(i.udp_init)
    i.udp_input                              0x000258d4   Section        0  udp6.o(i.udp_input)
    i.udp_socket_init                        0x00025a40   Section        0  udp6.o(i.udp_socket_init)
    udp_socket_init                          0x00025a41   Thumb Code    28  udp6.o(i.udp_socket_init)
    i.uint16_encode                          0x00025a5c   Section        0  ble_advdata.o(i.uint16_encode)
    uint16_encode                            0x00025a5d   Thumb Code    10  ble_advdata.o(i.uint16_encode)
    i.user_id_get                            0x00025a68   Section        0  app_timer.o(i.user_id_get)
    user_id_get                              0x00025a69   Thumb Code    62  app_timer.o(i.user_id_get)
    i.user_op_alloc                          0x00025aac   Section        0  app_timer.o(i.user_op_alloc)
    user_op_alloc                            0x00025aad   Thumb Code    40  app_timer.o(i.user_op_alloc)
    i.uuid_list_encode                       0x00025ad4   Section        0  ble_advdata.o(i.uuid_list_encode)
    uuid_list_encode                         0x00025ad5   Thumb Code    48  ble_advdata.o(i.uuid_list_encode)
    i.uuid_list_sized_encode                 0x00025b04   Section        0  ble_advdata.o(i.uuid_list_sized_encode)
    uuid_list_sized_encode                   0x00025b05   Thumb Code   158  ble_advdata.o(i.uuid_list_sized_encode)
    i.well_known_core_callback               0x00025ba4   Section        0  main.o(i.well_known_core_callback)
    .constdata                               0x00025c58   Section       68  main.o(.constdata)
    m_iot_timer_tick_src_id                  0x00025c5c   Data           4  main.o(.constdata)
    m_led3_name                              0x00025c60   Data           5  main.o(.constdata)
    m_lights_name                            0x00025c65   Data           7  main.o(.constdata)
    m_twi_master                             0x00025c6c   Data           8  main.o(.constdata)
    iot_timer_clients                        0x00025c74   Data           8  main.o(.constdata)
    local_routers_multicast_addr             0x00025c7c   Data          16  main.o(.constdata)
    .constdata                               0x00025c9c   Section       16  main.o(.constdata)
    list_of_clients                          0x00025c9c   Data          16  main.o(.constdata)
    .constdata                               0x00025cac   Section       52  nrf_drv_twi.o(.constdata)
    m_default_config                         0x00025cac   Data          16  nrf_drv_twi.o(.constdata)
    m_states_len                             0x00025cbc   Data          20  nrf_drv_twi.o(.constdata)
    .constdata                               0x00025ce0   Section       16  nrf_drv_twi.o(.constdata)
    m_idle                                   0x00025ce0   Data          16  nrf_drv_twi.o(.constdata)
    .constdata                               0x00025cf0   Section       40  nrf_drv_twi.o(.constdata)
    m_tx_suspended                           0x00025cf0   Data          40  nrf_drv_twi.o(.constdata)
    .constdata                               0x00025d18   Section       32  nrf_drv_twi.o(.constdata)
    m_rx_suspended                           0x00025d18   Data          32  nrf_drv_twi.o(.constdata)
    .constdata                               0x00025d38   Section       24  nrf_drv_twi.o(.constdata)
    m_stopped                                0x00025d38   Data          24  nrf_drv_twi.o(.constdata)
    .constdata                               0x00025d50   Section       24  nrf_drv_twi.o(.constdata)
    m_error                                  0x00025d50   Data          24  nrf_drv_twi.o(.constdata)
    .constdata                               0x00025d68   Section       24  nrf_drv_twis.o(.constdata)
    m_const_inst                             0x00025d68   Data           4  nrf_drv_twis.o(.constdata)
    m_config_default                         0x00025d6c   Data          20  nrf_drv_twis.o(.constdata)
    .constdata                               0x00025d80   Section        8  app_button.o(.constdata)
    m_detection_delay_timer_id               0x00025d80   Data           4  app_button.o(.constdata)
    .constdata                               0x00025d88   Section      112  mem_manager.o(.constdata)
    m_block_size                             0x00025d88   Data          28  mem_manager.o(.constdata)
    m_block_start                            0x00025da4   Data          28  mem_manager.o(.constdata)
    m_block_end                              0x00025dc0   Data          28  mem_manager.o(.constdata)
    m_block_mem_start                        0x00025ddc   Data          28  mem_manager.o(.constdata)
    .constdata                               0x00025df8   Section        8  ble_6lowpan.o(.constdata)
    m_link_local_prefix                      0x00025df8   Data           2  ble_6lowpan.o(.constdata)
    m_link_local_16_middle                   0x00025dfa   Data           2  ble_6lowpan.o(.constdata)
    m_hop_limit                              0x00025dfc   Data           4  ble_6lowpan.o(.constdata)
    .data                                    0x20002800   Section       40  main.o(.data)
    m_display_state                          0x20002800   Data           1  main.o(.data)
    s_line_num                               0x20002802   Data           2  main.o(.data)
    m_observer_sequence_num                  0x20002804   Data           4  main.o(.data)
    s_error_code                             0x20002808   Data           4  main.o(.data)
    msg_count                                0x2000280c   Data           4  main.o(.data)
    buttons                                  0x20002810   Data           8  main.o(.data)
    m_ipv6_medium                            0x20002818   Data           8  main.o(.data)
    .data                                    0x20002828   Section       32  nrf_drv_twi.o(.data)
    m_handlers                               0x20002828   Data           4  nrf_drv_twi.o(.data)
    mp_contexts                              0x2000282c   Data           4  nrf_drv_twi.o(.data)
    m_instances                              0x20002830   Data           4  nrf_drv_twi.o(.data)
    mp_states                                0x20002834   Data          20  nrf_drv_twi.o(.data)
    .data                                    0x20002848   Section        1  nrf_drv_twis.o(.data)
    m_sm_semaphore                           0x20002848   Data           1  nrf_drv_twis.o(.data)
    .data                                    0x2000284c   Section      144  coap.o(.data)
    m_request_handler                        0x2000284c   Data           4  coap.o(.data)
    m_token_seed                             0x20002850   Data           4  coap.o(.data)
    m_message_id_counter                     0x20002854   Data           4  coap.o(.data)
    m_error_callback                         0x20002858   Data           4  coap.o(.data)
    m_coap_empty_message                     0x2000285c   Data         128  coap.o(.data)
    .data                                    0x200028dc   Section        1  coap_queue.o(.data)
    m_message_queue_count                    0x200028dc   Data           1  coap_queue.o(.data)
    .data                                    0x200028e0   Section        4  coap_resource.o(.data)
    mp_root_resource                         0x200028e0   Data           4  coap_resource.o(.data)
    .data                                    0x200028e4   Section        8  coap_transport_ipv6.o(.data)
    m_port_table                             0x200028e4   Data           8  coap_transport_ipv6.o(.data)
    .data                                    0x200028ec   Section        8  icmp6.o(.data)
    m_initialization_state                   0x200028ec   Data           1  icmp6.o(.data)
    m_sequence_number                        0x200028ee   Data           2  icmp6.o(.data)
    m_event_handler                          0x200028f0   Data           4  icmp6.o(.data)
    .data                                    0x200028f4   Section        1  iot_context_manager.o(.data)
    m_initialization_state                   0x200028f4   Data           1  iot_context_manager.o(.data)
    .data                                    0x200028f5   Section        1  iot_pbuffer.o(.data)
    m_initialization_state                   0x200028f5   Data           1  iot_pbuffer.o(.data)
    .data                                    0x200028f8   Section        8  iot_timer.o(.data)
    m_wall_clock                             0x200028f8   Data           4  iot_timer.o(.data)
    m_clients                                0x200028fc   Data           4  iot_timer.o(.data)
    .data                                    0x20002900   Section       16  ipv6.o(.data)
    m_event_handler                          0x20002900   Data           4  ipv6.o(.data)
    m_interfaces_count                       0x20002904   Data           4  ipv6.o(.data)
    m_interfaces                             0x20002908   Data           8  ipv6.o(.data)
    .data                                    0x20002910   Section       35  ipv6_medium_ble.o(.data)
    m_module_instance_id                     0x20002910   Data           4  ipv6_medium_ble.o(.data)
    m_adv_uuids                              0x20002914   Data           4  ipv6_medium_ble.o(.data)
    m_ipv6_medium_evt_handler                0x20002918   Data           4  ipv6_medium_ble.o(.data)
    m_ipv6_medium_error_handler              0x2000291c   Data           4  ipv6_medium_ble.o(.data)
    m_evt_schedule_func                      0x20002920   Data           4  ipv6_medium_ble.o(.data)
    m_p_node_gap_params                      0x20002924   Data           4  ipv6_medium_ble.o(.data)
    m_p_node_adv_params                      0x20002928   Data           4  ipv6_medium_ble.o(.data)
    m_local_ble_addr                         0x2000292c   Data           7  ipv6_medium_ble.o(.data)
    .data                                    0x20002933   Section        1  udp6.o(.data)
    m_initialization_state                   0x20002933   Data           1  udp6.o(.data)
    .data                                    0x20002934   Section       20  app_button.o(.data)
    m_button_count                           0x20002934   Data           1  app_button.o(.data)
    mp_buttons                               0x20002938   Data           4  app_button.o(.data)
    m_detection_delay                        0x2000293c   Data           4  app_button.o(.data)
    m_pin_state                              0x20002940   Data           4  app_button.o(.data)
    m_pin_transition                         0x20002944   Data           4  app_button.o(.data)
    .data                                    0x20002948   Section       32  app_timer.o(.data)
    m_user_array_size                        0x20002948   Data           1  app_timer.o(.data)
    m_ticks_elapsed_q_read_ind               0x20002949   Data           1  app_timer.o(.data)
    m_ticks_elapsed_q_write_ind              0x2000294a   Data           1  app_timer.o(.data)
    m_rtc1_running                           0x2000294b   Data           1  app_timer.o(.data)
    m_rtc1_reset                             0x2000294c   Data           1  app_timer.o(.data)
    mp_users                                 0x20002950   Data           4  app_timer.o(.data)
    mp_timer_id_head                         0x20002954   Data           4  app_timer.o(.data)
    m_ticks_latest                           0x20002958   Data           4  app_timer.o(.data)
    m_evt_schedule_func                      0x2000295c   Data           4  app_timer.o(.data)
    m_ticks_elapsed                          0x20002960   Data           8  app_timer.o(.data)
    .data                                    0x20002968   Section        8  mem_manager.o(.data)
    m_module_initialized                     0x20002968   Data           1  mem_manager.o(.data)
    m_mem_pool                               0x2000296c   Data           4  mem_manager.o(.data)
    .data                                    0x20002970   Section       20  softdevice_handler.o(.data)
    m_softdevice_enabled                     0x20002970   Data           1  softdevice_handler.o(.data)
    m_ble_evt_buffer_size                    0x20002972   Data           2  softdevice_handler.o(.data)
    m_evt_schedule_func                      0x20002974   Data           4  softdevice_handler.o(.data)
    mp_ble_evt_buffer                        0x20002978   Data           4  softdevice_handler.o(.data)
    m_ble_evt_handler                        0x2000297c   Data           4  softdevice_handler.o(.data)
    m_sys_evt_handler                        0x20002980   Data           4  softdevice_handler.o(.data)
    .data                                    0x20002984   Section        4  system_nrf52.o(.data)
    __tagsym$$used                           0x20002984   Number         0  system_nrf52.o(.data)
    .data                                    0x20002988   Section       12  ble_6lowpan.o(.data)
    m_event_handler                          0x20002988   Data           4  ble_6lowpan.o(.data)
    m_ll_addr                                0x2000298c   Data           8  ble_6lowpan.o(.data)
    .data                                    0x20002994   Section        4  ble_ipsp.o(.data)
    m_evt_handler                            0x20002994   Data           4  ble_ipsp.o(.data)
    .bss                                     0x20002998   Section       32  main.o(.bss)
    m_iot_timer_tick_src_id_data             0x20002998   Data          32  main.o(.bss)
    .bss                                     0x200029b8   Section     1232  main.o(.bss)
    buf                                      0x200029b8   Data          32  main.o(.bss)
    s_file_name                              0x200029d8   Data         128  main.o(.bss)
    APP_TIMER_BUF                            0x20002a58   Data         600  main.o(.bss)
    root                                     0x20002cb0   Data          52  main.o(.bss)
    well_known                               0x20002ce4   Data          52  main.o(.bss)
    core                                     0x20002d18   Data          52  main.o(.bss)
    lights                                   0x20002d4c   Data          52  main.o(.bss)
    ipv6_medium_init_params                  0x20002d80   Data          12  main.o(.bss)
    m_well_known_core                        0x20002d8c   Data         100  main.o(.bss)
    m_led3                                   0x20002df0   Data          52  main.o(.bss)
    stringToSend                             0x20002e24   Data         100  main.o(.bss)
    .bss                                     0x20002e88   Section       88  nrf_drv_gpiote.o(.bss)
    m_cb                                     0x20002e88   Data          88  nrf_drv_gpiote.o(.bss)
    .bss                                     0x20002ee0   Section       24  nrf_drv_uart.o(.bss)
    m_cb                                     0x20002ee0   Data          24  nrf_drv_uart.o(.bss)
    .bss                                     0x20002ef8   Section       24  nrf_drv_twi.o(.bss)
    m_cb                                     0x20002ef8   Data          24  nrf_drv_twi.o(.bss)
    .bss                                     0x20002f10   Section       12  nrf_drv_twis.o(.bss)
    m_var_inst                               0x20002f10   Data          12  nrf_drv_twis.o(.bss)
    .bss                                     0x20002f1c   Section      128  coap_observe.o(.bss)
    m_observers                              0x20002f1c   Data         128  coap_observe.o(.bss)
    .bss                                     0x20002f9c   Section      480  coap_queue.o(.bss)
    m_queue                                  0x20002f9c   Data         480  coap_queue.o(.bss)
    .bss                                     0x2000317c   Section      106  coap_resource.o(.bss)
    m_scratch_buffer                         0x2000317c   Data         106  coap_resource.o(.bss)
    .bss                                     0x200031e8   Section      392  iot_context_manager.o(.bss)
    m_context_table                          0x200031e8   Data         392  iot_context_manager.o(.bss)
    .bss                                     0x20003370   Section      200  iot_pbuffer.o(.bss)
    m_pbuffer                                0x20003370   Data         200  iot_pbuffer.o(.bss)
    .bss                                     0x20003438   Section       76  ipv6.o(.bss)
    m_address_table                          0x20003438   Data          60  ipv6.o(.bss)
    .bss                                     0x20003484   Section      252  ipv6_medium_ble.o(.bss)
    BLE_EVT_BUFFER                           0x20003484   Data          72  ipv6_medium_ble.o(.bss)
    m_gap_params                             0x200034cc   Data          20  ipv6_medium_ble.o(.bss)
    m_adv_params                             0x200034e0   Data         160  ipv6_medium_ble.o(.bss)
    .bss                                     0x20003580   Section      132  udp6.o(.bss)
    m_socket                                 0x20003580   Data         132  udp6.o(.bss)
    .bss                                     0x20003604   Section       32  app_button.o(.bss)
    m_detection_delay_timer_id_data          0x20003604   Data          32  app_button.o(.bss)
    .bss                                     0x20003624   Section     3072  mem_manager.o(.bss)
    m_memory                                 0x20003624   Data        3072  mem_manager.o(.bss)
    .bss                                     0x20004224   Section      236  ble_6lowpan.o(.bss)
    m_instances                              0x20004224   Data         236  ble_6lowpan.o(.bss)
    .bss                                     0x20004310   Section     5132  ble_ipsp.o(.bss)
    m_channel                                0x20004310   Data          12  ble_ipsp.o(.bss)
    m_rx_buffer                              0x2000431c   Data        5120  ble_ipsp.o(.bss)
    STACK                                    0x20005720   Section     8192  arm_startup_nrf52.o(STACK)

    Global Symbols

    Symbol Name                              Value     Ov Type        Size  Object(Section)

    BuildAttributes$$THM_ISAv4$E$P$D$K$B$S$7EM$VFPi3$EXTD16$VFPS$VFMA$PE$A:L22UL41UL21$X:L11$S22US41US21$IEEE1$IW$USESV6$~STKCKD$USESV7$~SHL$OSPACE$ROPI$EBA8$MICROLIB$REQ8$PRES8$EABIv2 0x00000000   Number         0  anon$$obj.o ABSOLUTE
    __ARM_use_no_argv                        0x00000000   Number         0  main.o ABSOLUTE
    _printf_a                                0x00000000   Number         0  stubs.o ABSOLUTE
    _printf_c                                0x00000000   Number         0  stubs.o ABSOLUTE
    _printf_charcount                        0x00000000   Number         0  stubs.o ABSOLUTE
    _printf_d                                0x00000000   Number         0  stubs.o ABSOLUTE
    _printf_e                                0x00000000   Number         0  stubs.o ABSOLUTE
    _printf_f                                0x00000000   Number         0  stubs.o ABSOLUTE
    _printf_flags                            0x00000000   Number         0  stubs.o ABSOLUTE
    _printf_fp_dec                           0x00000000   Number         0  stubs.o ABSOLUTE
    _printf_fp_hex                           0x00000000   Number         0  stubs.o ABSOLUTE
    _printf_g                                0x00000000   Number         0  stubs.o ABSOLUTE
    _printf_i                                0x00000000   Number         0  stubs.o ABSOLUTE
    _printf_int_dec                          0x00000000   Number         0  stubs.o ABSOLUTE
    _printf_l                                0x00000000   Number         0  stubs.o ABSOLUTE
    _printf_lc                               0x00000000   Number         0  stubs.o ABSOLUTE
    _printf_ll                               0x00000000   Number         0  stubs.o ABSOLUTE
    _printf_lld                              0x00000000   Number         0  stubs.o ABSOLUTE
    _printf_lli                              0x00000000   Number         0  stubs.o ABSOLUTE
    _printf_llo                              0x00000000   Number         0  stubs.o ABSOLUTE
    _printf_llu                              0x00000000   Number         0  stubs.o ABSOLUTE
    _printf_llx                              0x00000000   Number         0  stubs.o ABSOLUTE
    _printf_longlong_dec                     0x00000000   Number         0  stubs.o ABSOLUTE
    _printf_longlong_hex                     0x00000000   Number         0  stubs.o ABSOLUTE
    _printf_longlong_oct                     0x00000000   Number         0  stubs.o ABSOLUTE
    _printf_ls                               0x00000000   Number         0  stubs.o ABSOLUTE
    _printf_mbtowc                           0x00000000   Number         0  stubs.o ABSOLUTE
    _printf_n                                0x00000000   Number         0  stubs.o ABSOLUTE
    _printf_o                                0x00000000   Number         0  stubs.o ABSOLUTE
    _printf_p                                0x00000000   Number         0  stubs.o ABSOLUTE
    _printf_percent                          0x00000000   Number         0  stubs.o ABSOLUTE
    _printf_pre_padding                      0x00000000   Number         0  stubs.o ABSOLUTE
    _printf_return_value                     0x00000000   Number         0  stubs.o ABSOLUTE
    _printf_s                                0x00000000   Number         0  stubs.o ABSOLUTE
    _printf_sizespec                         0x00000000   Number         0  stubs.o ABSOLUTE
    _printf_str                              0x00000000   Number         0  stubs.o ABSOLUTE
    _printf_truncate_signed                  0x00000000   Number         0  stubs.o ABSOLUTE
    _printf_truncate_unsigned                0x00000000   Number         0  stubs.o ABSOLUTE
    _printf_u                                0x00000000   Number         0  stubs.o ABSOLUTE
    _printf_wc                               0x00000000   Number         0  stubs.o ABSOLUTE
    _printf_wctomb                           0x00000000   Number         0  stubs.o ABSOLUTE
    _printf_widthprec                        0x00000000   Number         0  stubs.o ABSOLUTE
    _printf_x                                0x00000000   Number         0  stubs.o ABSOLUTE
    __cpp_initialize__aeabi_                  - Undefined Weak Reference
    __cxa_finalize                            - Undefined Weak Reference
    _clock_init                               - Undefined Weak Reference
    _microlib_exit                            - Undefined Weak Reference
    _scanf_longlong                           - Undefined Weak Reference
    _scanf_real                               - Undefined Weak Reference
    _scanf_string                             - Undefined Weak Reference
    __Vectors_Size                           0x00000400   Number         0  arm_startup_nrf52.o ABSOLUTE
    __Vectors                                0x0001f000   Data           4  arm_startup_nrf52.o(RESET)
    __Vectors_End                            0x0001f400   Data           0  arm_startup_nrf52.o(RESET)
    __main                                   0x0001f401   Thumb Code     0  entry.o(.ARM.Collect$$$$00000000)
    _main_stk                                0x0001f401   Thumb Code     0  entry2.o(.ARM.Collect$$$$00000001)
    _main_scatterload                        0x0001f405   Thumb Code     0  entry5.o(.ARM.Collect$$$$00000004)
    __main_after_scatterload                 0x0001f409   Thumb Code     0  entry5.o(.ARM.Collect$$$$00000004)
    _main_clock                              0x0001f409   Thumb Code     0  entry7b.o(.ARM.Collect$$$$00000008)
    _main_cpp_init                           0x0001f409   Thumb Code     0  entry8b.o(.ARM.Collect$$$$0000000A)
    _main_init                               0x0001f409   Thumb Code     0  entry9a.o(.ARM.Collect$$$$0000000B)
    __rt_final_cpp                           0x0001f411   Thumb Code     0  entry10a.o(.ARM.Collect$$$$0000000D)
    __rt_final_exit                          0x0001f411   Thumb Code     0  entry11a.o(.ARM.Collect$$$$0000000F)
    __asm___11_nrf_delay_c_532987f3__nrf_delay_us 0x0001f415   Thumb Code   118  nrf_delay.o(.emb_text)
    __asm___13_nrf_drv_twi_c_a9bcf68d__nrf_delay_us 0x0001f48d   Thumb Code   118  nrf_drv_twi.o(.emb_text)
    __asm___11_app_timer_c_cd27f9c3__nrf_delay_us 0x0001f505   Thumb Code   118  app_timer.o(.emb_text)
    Reset_Handler                            0x0001f57d   Thumb Code     8  arm_startup_nrf52.o(.text)
    NMI_Handler                              0x0001f585   Thumb Code     2  arm_startup_nrf52.o(.text)
    HardFault_Handler                        0x0001f587   Thumb Code     2  arm_startup_nrf52.o(.text)
    MemoryManagement_Handler                 0x0001f589   Thumb Code     2  arm_startup_nrf52.o(.text)
    BusFault_Handler                         0x0001f58b   Thumb Code     2  arm_startup_nrf52.o(.text)
    UsageFault_Handler                       0x0001f58d   Thumb Code     2  arm_startup_nrf52.o(.text)
    SVC_Handler                              0x0001f58f   Thumb Code     2  arm_startup_nrf52.o(.text)
    PendSV_Handler                           0x0001f591   Thumb Code     2  arm_startup_nrf52.o(.text)
    SysTick_Handler                          0x0001f593   Thumb Code     2  arm_startup_nrf52.o(.text)
    CCM_AAR_IRQHandler                       0x0001f595   Thumb Code     0  arm_startup_nrf52.o(.text)
    COMP_LPCOMP_IRQHandler                   0x0001f595   Thumb Code     0  arm_startup_nrf52.o(.text)
    ECB_IRQHandler                           0x0001f595   Thumb Code     0  arm_startup_nrf52.o(.text)
    I2S_IRQHandler                           0x0001f595   Thumb Code     0  arm_startup_nrf52.o(.text)
    MWU_IRQHandler                           0x0001f595   Thumb Code     0  arm_startup_nrf52.o(.text)
    NFCT_IRQHandler                          0x0001f595   Thumb Code     0  arm_startup_nrf52.o(.text)
    PDM_IRQHandler                           0x0001f595   Thumb Code     0  arm_startup_nrf52.o(.text)
    POWER_CLOCK_IRQHandler                   0x0001f595   Thumb Code     0  arm_startup_nrf52.o(.text)
    PWM0_IRQHandler                          0x0001f595   Thumb Code     0  arm_startup_nrf52.o(.text)
    PWM1_IRQHandler                          0x0001f595   Thumb Code     0  arm_startup_nrf52.o(.text)
    PWM2_IRQHandler                          0x0001f595   Thumb Code     0  arm_startup_nrf52.o(.text)
    QDEC_IRQHandler                          0x0001f595   Thumb Code     0  arm_startup_nrf52.o(.text)
    RADIO_IRQHandler                         0x0001f595   Thumb Code     0  arm_startup_nrf52.o(.text)
    RNG_IRQHandler                           0x0001f595   Thumb Code     0  arm_startup_nrf52.o(.text)
    RTC0_IRQHandler                          0x0001f595   Thumb Code     0  arm_startup_nrf52.o(.text)
    RTC2_IRQHandler                          0x0001f595   Thumb Code     0  arm_startup_nrf52.o(.text)
    SAADC_IRQHandler                         0x0001f595   Thumb Code     0  arm_startup_nrf52.o(.text)
    SPIM2_SPIS2_SPI2_IRQHandler              0x0001f595   Thumb Code     0  arm_startup_nrf52.o(.text)
    SWI1_EGU1_IRQHandler                     0x0001f595   Thumb Code     0  arm_startup_nrf52.o(.text)
    SWI3_EGU3_IRQHandler                     0x0001f595   Thumb Code     0  arm_startup_nrf52.o(.text)
    SWI4_EGU4_IRQHandler                     0x0001f595   Thumb Code     0  arm_startup_nrf52.o(.text)
    SWI5_EGU5_IRQHandler                     0x0001f595   Thumb Code     0  arm_startup_nrf52.o(.text)
    TEMP_IRQHandler                          0x0001f595   Thumb Code     0  arm_startup_nrf52.o(.text)
    TIMER0_IRQHandler                        0x0001f595   Thumb Code     0  arm_startup_nrf52.o(.text)
    TIMER1_IRQHandler                        0x0001f595   Thumb Code     0  arm_startup_nrf52.o(.text)
    TIMER2_IRQHandler                        0x0001f595   Thumb Code     0  arm_startup_nrf52.o(.text)
    TIMER3_IRQHandler                        0x0001f595   Thumb Code     0  arm_startup_nrf52.o(.text)
    TIMER4_IRQHandler                        0x0001f595   Thumb Code     0  arm_startup_nrf52.o(.text)
    WDT_IRQHandler                           0x0001f595   Thumb Code     0  arm_startup_nrf52.o(.text)
    __aeabi_memcpy                           0x0001f5a1   Thumb Code    36  memcpya.o(.text)
    __aeabi_memcpy4                          0x0001f5a1   Thumb Code     0  memcpya.o(.text)
    __aeabi_memcpy8                          0x0001f5a1   Thumb Code     0  memcpya.o(.text)
    __aeabi_memset                           0x0001f5c5   Thumb Code    14  memseta.o(.text)
    __aeabi_memset4                          0x0001f5c5   Thumb Code     0  memseta.o(.text)
    __aeabi_memset8                          0x0001f5c5   Thumb Code     0  memseta.o(.text)
    __aeabi_memclr                           0x0001f5d3   Thumb Code     4  memseta.o(.text)
    __aeabi_memclr4                          0x0001f5d3   Thumb Code     0  memseta.o(.text)
    __aeabi_memclr8                          0x0001f5d3   Thumb Code     0  memseta.o(.text)
    _memset$wrapper                          0x0001f5d7   Thumb Code    18  memseta.o(.text)
    strncpy                                  0x0001f5e9   Thumb Code    24  strncpy.o(.text)
    strlen                                   0x0001f601   Thumb Code    14  strlen.o(.text)
    memcmp                                   0x0001f60f   Thumb Code    26  memcmp.o(.text)
    strncmp                                  0x0001f629   Thumb Code    30  strncmp.o(.text)
    __aeabi_uidiv                            0x0001f647   Thumb Code     0  uidiv.o(.text)
    __aeabi_uidivmod                         0x0001f647   Thumb Code    44  uidiv.o(.text)
    __scatterload                            0x0001f675   Thumb Code    28  init.o(.text)
    __scatterload_rt2                        0x0001f675   Thumb Code     0  init.o(.text)
    __decompress                             0x0001f699   Thumb Code     0  __dczerorl.o(.text)
    __decompress0                            0x0001f699   Thumb Code    58  __dczerorl.o(.text)
    GPIOTE_IRQHandler                        0x0001f6d5   Thumb Code   246  nrf_drv_gpiote.o(i.GPIOTE_IRQHandler)
    RTC1_IRQHandler                          0x0001f83d   Thumb Code    32  app_timer.o(i.RTC1_IRQHandler)
    SPIM0_SPIS0_TWIM0_TWIS0_SPI0_TWI0_IRQHandler 0x0001f861   Thumb Code     8  nrf_drv_twi.o(i.SPIM0_SPIS0_TWIM0_TWIS0_SPI0_TWI0_IRQHandler)
    SPIM1_SPIS1_TWIM1_TWIS1_SPI1_TWI1_IRQHandler 0x0001f86d   Thumb Code     6  nrf_drv_twis.o(i.SPIM1_SPIS1_TWIM1_TWIS1_SPI1_TWI1_IRQHandler)
    SWI0_EGU0_IRQHandler                     0x0001f873   Thumb Code     4  app_timer.o(i.SWI0_EGU0_IRQHandler)
    SWI2_EGU2_IRQHandler                     0x0001f879   Thumb Code    36  softdevice_handler.o(i.SWI2_EGU2_IRQHandler)
    SystemInit                               0x0001f8a1   Thumb Code   254  system_nrf52.o(i.SystemInit)
    UARTE0_UART0_IRQHandler                  0x0001f9c1   Thumb Code   390  nrf_drv_uart.o(i.UARTE0_UART0_IRQHandler)
    __0sprintf$1                             0x0001fb51   Thumb Code    34  printf1.o(i.__0sprintf$1)
    __1sprintf$1                             0x0001fb51   Thumb Code     0  printf1.o(i.__0sprintf$1)
    __2sprintf                               0x0001fb51   Thumb Code     0  printf1.o(i.__0sprintf$1)
    __scatterload_copy                       0x0001fb79   Thumb Code    14  handlers.o(i.__scatterload_copy)
    __scatterload_null                       0x0001fb87   Thumb Code     2  handlers.o(i.__scatterload_null)
    __scatterload_zeroinit                   0x0001fb89   Thumb Code    14  handlers.o(i.__scatterload_zeroinit)
    adv_data_encode                          0x0001fed9   Thumb Code   514  ble_advdata.o(i.adv_data_encode)
    app_button_enable                        0x000200dd   Thumb Code    32  app_button.o(i.app_button_enable)
    app_button_init                          0x00020101   Thumb Code    96  app_button.o(i.app_button_init)
    app_error_handler                        0x000201b1   Thumb Code    48  main.o(i.app_error_handler)
    app_timer_create                         0x000201fd   Thumb Code    32  app_timer.o(i.app_timer_create)
    app_timer_init                           0x00020221   Thumb Code   134  app_timer.o(i.app_timer_init)
    app_timer_start                          0x000202b1   Thumb Code   118  app_timer.o(i.app_timer_start)
    app_timer_stop                           0x00020331   Thumb Code    76  app_timer.o(i.app_timer_stop)
    ble_6lowpan_init                         0x00020481   Thumb Code    52  ble_6lowpan.o(i.ble_6lowpan_init)
    ble_6lowpan_interface_send               0x000204bd   Thumb Code   184  ble_6lowpan.o(i.ble_6lowpan_interface_send)
    ble_advdata_set                          0x0002057d   Thumb Code   104  ble_advdata.o(i.ble_advdata_set)
    ble_ipsp_disconnect                      0x00020649   Thumb Code    78  ble_ipsp.o(i.ble_ipsp_disconnect)
    ble_ipsp_evt_handler                     0x000206a1   Thumb Code   744  ble_ipsp.o(i.ble_ipsp_evt_handler)
    ble_ipsp_init                            0x00020991   Thumb Code    58  ble_ipsp.o(i.ble_ipsp_init)
    ble_ipsp_send                            0x000209d1   Thumb Code    72  ble_ipsp.o(i.ble_ipsp_send)
    coap_error_handler_register              0x00020cc5   Thumb Code     8  coap.o(i.coap_error_handler_register)
    coap_init                                0x00020cd1   Thumb Code    50  coap.o(i.coap_init)
    coap_message_accept_mask_get             0x00020d09   Thumb Code    76  coap_message.o(i.coap_message_accept_mask_get)
    coap_message_create                      0x00020d55   Thumb Code    82  coap_message.o(i.coap_message_create)
    coap_message_ct_match_select             0x00020da7   Thumb Code   114  coap_message.o(i.coap_message_ct_match_select)
    coap_message_decode                      0x00020e19   Thumb Code   198  coap_message.o(i.coap_message_decode)
    coap_message_delete                      0x00020edf   Thumb Code    20  coap.o(i.coap_message_delete)
    coap_message_encode                      0x00020ef5   Thumb Code   240  coap_message.o(i.coap_message_encode)
    coap_message_new                         0x00020fe5   Thumb Code   110  coap.o(i.coap_message_new)
    coap_message_opt_present                 0x00021059   Thumb Code    44  coap_message.o(i.coap_message_opt_present)
    coap_message_opt_uint_add                0x00021085   Thumb Code   136  coap_message.o(i.coap_message_opt_uint_add)
    coap_message_payload_set                 0x0002110d   Thumb Code    24  coap_message.o(i.coap_message_payload_set)
    coap_message_remote_addr_set             0x00021125   Thumb Code    12  coap_message.o(i.coap_message_remote_addr_set)
    coap_message_send                        0x00021131   Thumb Code     4  coap.o(i.coap_message_send)
    coap_observe_server_next_get             0x00021135   Thumb Code     4  coap_observe.o(i.coap_observe_server_next_get)
    coap_observe_server_register             0x00021139   Thumb Code     4  coap_observe.o(i.coap_observe_server_register)
    coap_observe_server_search               0x0002113d   Thumb Code     4  coap_observe.o(i.coap_observe_server_search)
    coap_observe_server_unregister           0x00021141   Thumb Code     4  coap_observe.o(i.coap_observe_server_unregister)
    coap_opt_uint_decode                     0x00021145   Thumb Code   120  coap_option.o(i.coap_opt_uint_decode)
    coap_opt_uint_encode                     0x000211bd   Thumb Code    86  coap_option.o(i.coap_opt_uint_encode)
    coap_queue_add                           0x00021215   Thumb Code    82  coap_queue.o(i.coap_queue_add)
    coap_queue_init                          0x00021271   Thumb Code    42  coap_queue.o(i.coap_queue_init)
    coap_queue_item_by_mid_get               0x000212a5   Thumb Code    50  coap_queue.o(i.coap_queue_item_by_mid_get)
    coap_queue_item_by_token_get             0x000212dd   Thumb Code    72  coap_queue.o(i.coap_queue_item_by_token_get)
    coap_queue_item_next_get                 0x00021329   Thumb Code    80  coap_queue.o(i.coap_queue_item_next_get)
    coap_queue_remove                        0x0002137d   Thumb Code    60  coap_queue.o(i.coap_queue_remove)
    coap_resource_child_add                  0x000213c1   Thumb Code    36  coap_resource.o(i.coap_resource_child_add)
    coap_resource_create                     0x000213e5   Thumb Code    68  coap_resource.o(i.coap_resource_create)
    coap_resource_get                        0x0002142d   Thumb Code   100  coap_resource.o(i.coap_resource_get)
    coap_resource_init                       0x00021495   Thumb Code     8  coap_resource.o(i.coap_resource_init)
    coap_resource_well_known_generate        0x000214a1   Thumb Code    70  coap_resource.o(i.coap_resource_well_known_generate)
    coap_time_tick                           0x000214ed   Thumb Code   128  coap.o(i.coap_time_tick)
    coap_transport_init                      0x0002156d   Thumb Code    84  coap_transport_ipv6.o(i.coap_transport_init)
    coap_transport_process                   0x000215cd   Thumb Code     2  coap_transport_ipv6.o(i.coap_transport_process)
    coap_transport_read                      0x000215d1   Thumb Code   578  coap.o(i.coap_transport_read)
    coap_transport_write                     0x00021819   Thumb Code   130  coap_transport_ipv6.o(i.coap_transport_write)
    icmp6_handler                            0x00022149   Thumb Code     4  main.o(i.icmp6_handler)
    icmp6_init                               0x0002214d   Thumb Code    14  icmp6.o(i.icmp6_init)
    icmp6_input                              0x00022161   Thumb Code   222  icmp6.o(i.icmp6_input)
    icmp6_receive_register                   0x00022245   Thumb Code    26  icmp6.o(i.icmp6_receive_register)
    icmp6_rs_send                            0x00022265   Thumb Code   266  icmp6.o(i.icmp6_rs_send)
    intern_softdevice_events_execute         0x00022431   Thumb Code   114  softdevice_handler.o(i.intern_softdevice_events_execute)
    internal_coap_message_send               0x000224a9   Thumb Code   262  coap.o(i.internal_coap_message_send)
    internal_coap_observe_init               0x000225b1   Thumb Code    26  coap_observe.o(i.internal_coap_observe_init)
    internal_coap_observe_server_next_get    0x000225d1   Thumb Code    80  coap_observe.o(i.internal_coap_observe_server_next_get)
    internal_coap_observe_server_register    0x00022625   Thumb Code   100  coap_observe.o(i.internal_coap_observe_server_register)
    internal_coap_observe_server_search      0x0002268d   Thumb Code    80  coap_observe.o(i.internal_coap_observe_server_search)
    internal_coap_observe_server_unregister  0x000226e1   Thumb Code    30  coap_observe.o(i.internal_coap_observe_server_unregister)
    iot_context_manager_get_by_addr          0x00022705   Thumb Code    58  iot_context_manager.o(i.iot_context_manager_get_by_addr)
    iot_context_manager_get_by_cid           0x00022745   Thumb Code    64  iot_context_manager.o(i.iot_context_manager_get_by_cid)
    iot_context_manager_init                 0x00022789   Thumb Code    18  iot_context_manager.o(i.iot_context_manager_init)
    iot_context_manager_remove               0x000227a1   Thumb Code    80  iot_context_manager.o(i.iot_context_manager_remove)
    iot_context_manager_table_alloc          0x000227f9   Thumb Code    60  iot_context_manager.o(i.iot_context_manager_table_alloc)
    iot_context_manager_table_free           0x0002283d   Thumb Code    46  iot_context_manager.o(i.iot_context_manager_table_free)
    iot_context_manager_update               0x00022871   Thumb Code   236  iot_context_manager.o(i.iot_context_manager_update)
    iot_pbuffer_allocate                     0x00022965   Thumb Code   110  iot_pbuffer.o(i.iot_pbuffer_allocate)
    iot_pbuffer_free                         0x000229d9   Thumb Code    58  iot_pbuffer.o(i.iot_pbuffer_free)
    iot_pbuffer_init                         0x00022a19   Thumb Code    36  iot_pbuffer.o(i.iot_pbuffer_init)
    iot_timer_client_list_set                0x00022a45   Thumb Code    68  iot_timer.o(i.iot_timer_client_list_set)
    iot_timer_update                         0x00022aa1   Thumb Code    72  iot_timer.o(i.iot_timer_update)
    ipv6_address_find_best_match             0x00023639   Thumb Code   210  ipv6.o(i.ipv6_address_find_best_match)
    ipv6_address_remove                      0x00023715   Thumb Code   108  ipv6.o(i.ipv6_address_remove)
    ipv6_address_set                         0x00023789   Thumb Code    28  ipv6.o(i.ipv6_address_set)
    ipv6_checksum_calculate                  0x000237a9   Thumb Code    94  ipv6_utils.o(i.ipv6_checksum_calculate)
    ipv6_header_init                         0x00023807   Thumb Code    22  ipv6_utils.o(i.ipv6_header_init)
    ipv6_init                                0x0002381d   Thumb Code   102  ipv6.o(i.ipv6_init)
    ipv6_medium_connectable_mode_enter       0x000238f1   Thumb Code    20  ipv6_medium_ble.o(i.ipv6_medium_connectable_mode_enter)
    ipv6_medium_eui48_get                    0x00023909   Thumb Code    34  ipv6_medium_ble.o(i.ipv6_medium_eui48_get)
    ipv6_medium_eui48_set                    0x00023931   Thumb Code    42  ipv6_medium_ble.o(i.ipv6_medium_eui48_set)
    ipv6_medium_eui64_get                    0x00023961   Thumb Code    96  ipv6_medium_ble.o(i.ipv6_medium_eui64_get)
    ipv6_medium_init                         0x000239c5   Thumb Code   140  ipv6_medium_ble.o(i.ipv6_medium_init)
    ipv6_send                                0x00023a59   Thumb Code    52  ipv6.o(i.ipv6_send)
    main                                     0x00023ec1   Thumb Code   410  main.o(i.main)
    nrf_delay_ms                             0x00024255   Thumb Code    26  nrf_delay.o(i.nrf_delay_ms)
    nrf_drv_common_irq_enable                0x0002428d   Thumb Code    56  nrf_drv_common.o(i.nrf_drv_common_irq_enable)
    nrf_drv_gpiote_in_event_enable           0x000242c5   Thumb Code   150  nrf_drv_gpiote.o(i.nrf_drv_gpiote_in_event_enable)
    nrf_drv_gpiote_in_init                   0x00024369   Thumb Code   170  nrf_drv_gpiote.o(i.nrf_drv_gpiote_in_init)
    nrf_drv_gpiote_in_is_set                 0x00024421   Thumb Code    16  nrf_drv_gpiote.o(i.nrf_drv_gpiote_in_is_set)
    nrf_drv_gpiote_init                      0x00024435   Thumb Code    76  nrf_drv_gpiote.o(i.nrf_drv_gpiote_init)
    nrf_drv_gpiote_is_init                   0x00024489   Thumb Code    14  nrf_drv_gpiote.o(i.nrf_drv_gpiote_is_init)
    nrf_drv_twi_enable                       0x0002449d   Thumb Code    84  nrf_drv_twi.o(i.nrf_drv_twi_enable)
    nrf_drv_twi_init                         0x000244f9   Thumb Code   150  nrf_drv_twi.o(i.nrf_drv_twi_init)
    nrf_drv_twi_rx                           0x00024681   Thumb Code    16  nrf_drv_twi.o(i.nrf_drv_twi_rx)
    nrf_drv_twi_tx                           0x00024691   Thumb Code    16  nrf_drv_twi.o(i.nrf_drv_twi_tx)
    nrf_free                                 0x00024929   Thumb Code    56  mem_manager.o(i.nrf_free)
    nrf_mem_init                             0x000249dd   Thumb Code    26  mem_manager.o(i.nrf_mem_init)
    nrf_mem_reserve                          0x000249fd   Thumb Code   168  mem_manager.o(i.nrf_mem_reserve)
    softdevice_assertion_handler             0x00024ff1   Thumb Code    12  softdevice_handler.o(i.softdevice_assertion_handler)
    softdevice_ble_evt_handler_set           0x00024ffd   Thumb Code    14  softdevice_handler.o(i.softdevice_ble_evt_handler_set)
    softdevice_handler_init                  0x00025011   Thumb Code    38  softdevice_handler.o(i.softdevice_handler_init)
    softdevice_sys_evt_handler_set           0x00025041   Thumb Code    14  softdevice_handler.o(i.softdevice_sys_evt_handler_set)
    udp6_socket_allocate                     0x000255c1   Thumb Code    68  udp6.o(i.udp6_socket_allocate)
    udp6_socket_app_data_set                 0x0002560d   Thumb Code    54  udp6.o(i.udp6_socket_app_data_set)
    udp6_socket_bind                         0x0002564d   Thumb Code   122  udp6.o(i.udp6_socket_bind)
    udp6_socket_free                         0x000256d1   Thumb Code    56  udp6.o(i.udp6_socket_free)
    udp6_socket_recv                         0x00025711   Thumb Code    66  udp6.o(i.udp6_socket_recv)
    udp6_socket_sendto                       0x0002575d   Thumb Code   314  udp6.o(i.udp6_socket_sendto)
    udp_init                                 0x000258a5   Thumb Code    40  udp6.o(i.udp_init)
    udp_input                                0x000258d5   Thumb Code   354  udp6.o(i.udp_input)
    well_known_core_callback                 0x00025ba5   Thumb Code   176  main.o(i.well_known_core_callback)
    Region$$Table$$Base                      0x00025e00   Number         0  anon$$obj.o(Region$$Table)
    Region$$Table$$Limit                     0x00025e20   Number         0  anon$$obj.o(Region$$Table)
    eui64_local_iid                          0x20002820   Data           8  main.o(.data)
    SystemCoreClock                          0x20002984   Data           4  system_nrf52.o(.data)
    ipv6_addr_any                            0x20003474   Data          16  ipv6.o(.bss)
    __initial_sp                             0x20007720   Data           0  arm_startup_nrf52.o(STACK)



==============================================================================

Memory Map of the image

  Image Entry point : 0x0001f401

  Load Region LR_IROM1 (Base: 0x0001f000, Size: 0x00006fb8, Max: 0x00061000, ABSOLUTE, COMPRESSED[0x00006e50])

    Execution Region ER_IROM1 (Base: 0x0001f000, Size: 0x00006e20, Max: 0x00061000, ABSOLUTE)

    Base Addr    Size         Type   Attr      Idx    E Section Name        Object

    0x0001f000   0x00000400   Data   RO         3317    RESET               arm_startup_nrf52.o
    0x0001f400   0x00000000   Code   RO         3416  * .ARM.Collect$$$$00000000  mc_w.l(entry.o)
    0x0001f400   0x00000004   Code   RO         3700    .ARM.Collect$$$$00000001  mc_w.l(entry2.o)
    0x0001f404   0x00000004   Code   RO         3703    .ARM.Collect$$$$00000004  mc_w.l(entry5.o)
    0x0001f408   0x00000000   Code   RO         3705    .ARM.Collect$$$$00000008  mc_w.l(entry7b.o)
    0x0001f408   0x00000000   Code   RO         3707    .ARM.Collect$$$$0000000A  mc_w.l(entry8b.o)
    0x0001f408   0x00000008   Code   RO         3708    .ARM.Collect$$$$0000000B  mc_w.l(entry9a.o)
    0x0001f410   0x00000000   Code   RO         3710    .ARM.Collect$$$$0000000D  mc_w.l(entry10a.o)
    0x0001f410   0x00000000   Code   RO         3712    .ARM.Collect$$$$0000000F  mc_w.l(entry11a.o)
    0x0001f410   0x00000004   Code   RO         3701    .ARM.Collect$$$$00002712  mc_w.l(entry2.o)
    0x0001f414   0x00000076   Code   RO          754    .emb_text           nrf_delay.o
    0x0001f48a   0x00000002   PAD
    0x0001f48c   0x00000076   Code   RO         1423    .emb_text           nrf_drv_twi.o
    0x0001f502   0x00000002   PAD
    0x0001f504   0x00000076   Code   RO         2977    .emb_text           app_timer.o
    0x0001f57a   0x00000002   PAD
    0x0001f57c   0x00000024   Code   RO         3318    .text               arm_startup_nrf52.o
    0x0001f5a0   0x00000024   Code   RO         3419    .text               mc_w.l(memcpya.o)
    0x0001f5c4   0x00000024   Code   RO         3421    .text               mc_w.l(memseta.o)
    0x0001f5e8   0x00000018   Code   RO         3425    .text               mc_w.l(strncpy.o)
    0x0001f600   0x0000000e   Code   RO         3427    .text               mc_w.l(strlen.o)
    0x0001f60e   0x0000001a   Code   RO         3429    .text               mc_w.l(memcmp.o)
    0x0001f628   0x0000001e   Code   RO         3431    .text               mc_w.l(strncmp.o)
    0x0001f646   0x0000002c   Code   RO         3714    .text               mc_w.l(uidiv.o)
    0x0001f672   0x00000002   PAD
    0x0001f674   0x00000024   Code   RO         3735    .text               mc_w.l(init.o)
    0x0001f698   0x0000003a   Code   RO         3760    .text               mc_w.l(__dczerorl.o)
    0x0001f6d2   0x00000002   PAD
    0x0001f6d4   0x00000104   Code   RO          814    i.GPIOTE_IRQHandler  nrf_drv_gpiote.o
    0x0001f7d8   0x00000016   Code   RO         2978    i.NVIC_ClearPendingIRQ  app_timer.o
    0x0001f7ee   0x00000016   Code   RO         2979    i.NVIC_EnableIRQ    app_timer.o
    0x0001f804   0x00000016   Code   RO         2980    i.NVIC_SetPendingIRQ  app_timer.o
    0x0001f81a   0x00000020   Code   RO         2981    i.NVIC_SetPriority  app_timer.o
    0x0001f83a   0x00000002   PAD
    0x0001f83c   0x00000024   Code   RO         2982    i.RTC1_IRQHandler   app_timer.o
    0x0001f860   0x0000000c   Code   RO         1424    i.SPIM0_SPIS0_TWIM0_TWIS0_SPI0_TWI0_IRQHandler  nrf_drv_twi.o
    0x0001f86c   0x00000006   Code   RO         1593    i.SPIM1_SPIS1_TWIM1_TWIS1_SPI1_TWI1_IRQHandler  nrf_drv_twis.o
    0x0001f872   0x00000004   Code   RO         2983    i.SWI0_EGU0_IRQHandler  app_timer.o
    0x0001f876   0x00000002   PAD
    0x0001f878   0x00000028   Code   RO         3250    i.SWI2_EGU2_IRQHandler  softdevice_handler.o
    0x0001f8a0   0x00000120   Code   RO         3326    i.SystemInit        system_nrf52.o
    0x0001f9c0   0x00000190   Code   RO         1013    i.UARTE0_UART0_IRQHandler  nrf_drv_uart.o
    0x0001fb50   0x00000028   Code   RO         3482    i.__0sprintf$1      mc_w.l(printf1.o)
    0x0001fb78   0x0000000e   Code   RO         3754    i.__scatterload_copy  mc_w.l(handlers.o)
    0x0001fb86   0x00000002   Code   RO         3755    i.__scatterload_null  mc_w.l(handlers.o)
    0x0001fb88   0x0000000e   Code   RO         3756    i.__scatterload_zeroinit  mc_w.l(handlers.o)
    0x0001fb96   0x00000002   PAD
    0x0001fb98   0x00000154   Code   RO         3487    i._printf_core      mc_w.l(printf1.o)
    0x0001fcec   0x0000000a   Code   RO         3489    i._sputc            mc_w.l(printf1.o)
    0x0001fcf6   0x00000002   PAD
    0x0001fcf8   0x00000018   Code   RO         1425    i.ack_error         nrf_drv_twi.o
    0x0001fd10   0x0000001e   Code   RO         2257    i.add_sllao_opt     icmp6.o
    0x0001fd2e   0x00000002   PAD
    0x0001fd30   0x00000074   Code   RO         2509    i.addr_check        ipv6.o
    0x0001fda4   0x0000003c   Code   RO         2510    i.addr_free         ipv6.o
    0x0001fde0   0x000000a0   Code   RO         2511    i.addr_set          ipv6.o
    0x0001fe80   0x00000058   Code   RO         1426    i.address_req       nrf_drv_twi.o
    0x0001fed8   0x00000202   Code   RO          510    i.adv_data_encode   ble_advdata.o
    0x000200da   0x00000002   PAD
    0x000200dc   0x00000024   Code   RO         2833    i.app_button_enable  app_button.o
    0x00020100   0x00000070   Code   RO         2834    i.app_button_init   app_button.o
    0x00020170   0x00000040   Code   RO            5    i.app_coap_time_tick  main.o
    0x000201b0   0x0000003c   Code   RO            6    i.app_error_handler  main.o
    0x000201ec   0x00000010   Code   RO         1775    i.app_error_notify  coap.o
    0x000201fc   0x00000024   Code   RO         2986    i.app_timer_create  app_timer.o
    0x00020220   0x00000090   Code   RO         2987    i.app_timer_init    app_timer.o
    0x000202b0   0x00000080   Code   RO         2988    i.app_timer_start   app_timer.o
    0x00020330   0x00000050   Code   RO         2989    i.app_timer_stop    app_timer.o
    0x00020380   0x00000100   Code   RO         2512    i.ble_6lowpan_evt_handler  ipv6.o
    0x00020480   0x0000003c   Code   RO         3361    i.ble_6lowpan_init  ble_6lowpan.lib(ble_6lowpan.o)
    0x000204bc   0x000000c0   Code   RO         3363    i.ble_6lowpan_interface_send  ble_6lowpan.lib(ble_6lowpan.o)
    0x0002057c   0x00000068   Code   RO          511    i.ble_advdata_set   ble_advdata.o
    0x000205e4   0x0000005e   Code   RO          512    i.ble_device_addr_encode  ble_advdata.o
    0x00020642   0x00000004   Code   RO         2604    i.ble_evt_dispatch  ipv6_medium_ble.o
    0x00020646   0x00000002   PAD
    0x00020648   0x00000058   Code   RO         3397    i.ble_ipsp_disconnect  ble_6lowpan.lib(ble_ipsp.o)
    0x000206a0   0x000002f0   Code   RO         3398    i.ble_ipsp_evt_handler  ble_6lowpan.lib(ble_ipsp.o)
    0x00020990   0x00000040   Code   RO         3399    i.ble_ipsp_init     ble_6lowpan.lib(ble_ipsp.o)
    0x000209d0   0x0000004c   Code   RO         3400    i.ble_ipsp_send     ble_6lowpan.lib(ble_ipsp.o)
    0x00020a1c   0x00000050   Code   RO         2605    i.ble_stack_init    ipv6_medium_ble.o
    0x00020a6c   0x00000060   Code   RO            8    i.blink_timeout_handler  main.o
    0x00020acc   0x00000020   Code   RO         3142    i.block_init        mem_manager.o
    0x00020aec   0x0000002c   Code   RO            9    i.button_event_handler  main.o
    0x00020b18   0x0000001c   Code   RO          815    i.channel_free      nrf_drv_gpiote.o
    0x00020b34   0x00000030   Code   RO         3401    i.channel_init      ble_6lowpan.lib(ble_ipsp.o)
    0x00020b64   0x00000048   Code   RO          816    i.channel_port_alloc  nrf_drv_gpiote.o
    0x00020bac   0x00000010   Code   RO          817    i.channel_port_get  nrf_drv_gpiote.o
    0x00020bbc   0x0000002c   Code   RO         3402    i.channel_search    ble_6lowpan.lib(ble_ipsp.o)
    0x00020be8   0x000000d8   Code   RO           10    i.coap_endpoints_init  main.o
    0x00020cc0   0x00000002   Code   RO           11    i.coap_error_handler  main.o
    0x00020cc2   0x00000002   PAD
    0x00020cc4   0x0000000c   Code   RO         1776    i.coap_error_handler_register  coap.o
    0x00020cd0   0x00000038   Code   RO         1777    i.coap_init         coap.o
    0x00020d08   0x0000004c   Code   RO         1900    i.coap_message_accept_mask_get  coap_message.o
    0x00020d54   0x00000052   Code   RO         1901    i.coap_message_create  coap_message.o
    0x00020da6   0x00000072   Code   RO         1903    i.coap_message_ct_match_select  coap_message.o
    0x00020e18   0x000000c6   Code   RO         1904    i.coap_message_decode  coap_message.o
    0x00020ede   0x00000014   Code   RO         1779    i.coap_message_delete  coap.o
    0x00020ef2   0x00000002   PAD
    0x00020ef4   0x000000f0   Code   RO         1905    i.coap_message_encode  coap_message.o
    0x00020fe4   0x00000074   Code   RO         1780    i.coap_message_new  coap.o
    0x00021058   0x0000002c   Code   RO         1909    i.coap_message_opt_present  coap_message.o
    0x00021084   0x00000088   Code   RO         1911    i.coap_message_opt_uint_add  coap_message.o
    0x0002110c   0x00000018   Code   RO         1912    i.coap_message_payload_set  coap_message.o
    0x00021124   0x0000000c   Code   RO         1913    i.coap_message_remote_addr_set  coap_message.o
    0x00021130   0x00000004   Code   RO         1781    i.coap_message_send  coap.o
    0x00021134   0x00000004   Code   RO         2006    i.coap_observe_server_next_get  coap_observe.o
    0x00021138   0x00000004   Code   RO         2007    i.coap_observe_server_register  coap_observe.o
    0x0002113c   0x00000004   Code   RO         2008    i.coap_observe_server_search  coap_observe.o
    0x00021140   0x00000004   Code   RO         2009    i.coap_observe_server_unregister  coap_observe.o
    0x00021144   0x00000078   Code   RO         2079    i.coap_opt_uint_decode  coap_option.o
    0x000211bc   0x00000056   Code   RO         2080    i.coap_opt_uint_encode  coap_option.o
    0x00021212   0x00000002   PAD
    0x00021214   0x0000005c   Code   RO         2107    i.coap_queue_add    coap_queue.o
    0x00021270   0x00000034   Code   RO         2108    i.coap_queue_init   coap_queue.o
    0x000212a4   0x00000038   Code   RO         2109    i.coap_queue_item_by_mid_get  coap_queue.o
    0x000212dc   0x0000004c   Code   RO         2110    i.coap_queue_item_by_token_get  coap_queue.o
    0x00021328   0x00000054   Code   RO         2111    i.coap_queue_item_next_get  coap_queue.o
    0x0002137c   0x00000044   Code   RO         2112    i.coap_queue_remove  coap_queue.o
    0x000213c0   0x00000024   Code   RO         2152    i.coap_resource_child_add  coap_resource.o
    0x000213e4   0x00000048   Code   RO         2153    i.coap_resource_create  coap_resource.o
    0x0002142c   0x00000068   Code   RO         2154    i.coap_resource_get  coap_resource.o
    0x00021494   0x0000000c   Code   RO         2155    i.coap_resource_init  coap_resource.o
    0x000214a0   0x0000004c   Code   RO         2157    i.coap_resource_well_known_generate  coap_resource.o
    0x000214ec   0x00000080   Code   RO         1783    i.coap_time_tick    coap.o
    0x0002156c   0x00000060   Code   RO         2204    i.coap_transport_init  coap_transport_ipv6.o
    0x000215cc   0x00000002   Code   RO         2205    i.coap_transport_process  coap_transport_ipv6.o
    0x000215ce   0x00000002   PAD
    0x000215d0   0x00000248   Code   RO         1784    i.coap_transport_read  coap.o
    0x00021818   0x00000088   Code   RO         2206    i.coap_transport_write  coap_transport_ipv6.o
    0x000218a0   0x000000ac   Code   RO         2991    i.compare_reg_update  app_timer.o
    0x0002194c   0x00000088   Code   RO          513    i.conn_int_encode   ble_advdata.o
    0x000219d4   0x00000024   Code   RO           12    i.connectable_mode_enter  main.o
    0x000219f8   0x00000034   Code   RO         1914    i.content_format_to_bit  coap_message.o
    0x00021a2c   0x00000044   Code   RO         2336    i.context_find_by_cid  iot_context_manager.o
    0x00021a70   0x000000ac   Code   RO         2337    i.context_find_by_prefix  iot_context_manager.o
    0x00021b1c   0x00000014   Code   RO         2338    i.context_init      iot_context_manager.o
    0x00021b30   0x00000014   Code   RO         2339    i.context_table_find  iot_context_manager.o
    0x00021b44   0x0000003c   Code   RO         2340    i.context_table_init  iot_context_manager.o
    0x00021b80   0x000000a6   Code   RO         1785    i.create_response   coap.o
    0x00021c26   0x0000007a   Code   RO         1915    i.decode_option     coap_message.o
    0x00021ca0   0x00000060   Code   RO         2836    i.detection_delay_timeout_handler  app_button.o
    0x00021d00   0x00000126   Code   RO         2258    i.echo_reply_send   icmp6.o
    0x00021e26   0x00000002   PAD
    0x00021e28   0x00000040   Code   RO         2992    i.elapsed_ticks_acquire  app_timer.o
    0x00021e68   0x000000c0   Code   RO         1916    i.encode_option     coap_message.o
    0x00021f28   0x00000044   Code   RO         2606    i.gap_params_apply  ipv6_medium_ble.o
    0x00021f6c   0x0000004c   Code   RO         2607    i.gap_params_set    ipv6_medium_ble.o
    0x00021fb8   0x000000e4   Code   RO         2158    i.generate_path     coap_resource.o
    0x0002209c   0x0000003c   Code   RO         3143    i.get_block_cat     mem_manager.o
    0x000220d8   0x00000018   Code   RO         3144    i.get_block_size    mem_manager.o
    0x000220f0   0x00000058   Code   RO         2837    i.gpiote_event_handler  app_button.o
    0x00022148   0x00000004   Code   RO           13    i.icmp6_handler     main.o
    0x0002214c   0x00000014   Code   RO         2260    i.icmp6_init        icmp6.o
    0x00022160   0x000000e4   Code   RO         2261    i.icmp6_input       icmp6.o
    0x00022244   0x00000020   Code   RO         2263    i.icmp6_receive_register  icmp6.o
    0x00022264   0x00000110   Code   RO         2264    i.icmp6_rs_send     icmp6.o
    0x00022374   0x00000012   Code   RO         2265    i.icmp_ip_header    icmp6.o
    0x00022386   0x00000002   PAD
    0x00022388   0x0000002c   Code   RO         3364    i.instance_init     ble_6lowpan.lib(ble_6lowpan.o)
    0x000223b4   0x00000054   Code   RO         3365    i.interface_add     ble_6lowpan.lib(ble_6lowpan.o)
    0x00022408   0x00000026   Code   RO         2513    i.interface_reset   ipv6.o
    0x0002242e   0x00000002   PAD
    0x00022430   0x00000078   Code   RO         3251    i.intern_softdevice_events_execute  softdevice_handler.o
    0x000224a8   0x00000106   Code   RO         1786    i.internal_coap_message_send  coap.o
    0x000225ae   0x00000002   PAD
    0x000225b0   0x00000020   Code   RO         2010    i.internal_coap_observe_init  coap_observe.o
    0x000225d0   0x00000054   Code   RO         2012    i.internal_coap_observe_server_next_get  coap_observe.o
    0x00022624   0x00000068   Code   RO         2013    i.internal_coap_observe_server_register  coap_observe.o
    0x0002268c   0x00000054   Code   RO         2014    i.internal_coap_observe_server_search  coap_observe.o
    0x000226e0   0x00000024   Code   RO         2015    i.internal_coap_observe_server_unregister  coap_observe.o
    0x00022704   0x00000040   Code   RO         2341    i.iot_context_manager_get_by_addr  iot_context_manager.o
    0x00022744   0x00000044   Code   RO         2342    i.iot_context_manager_get_by_cid  iot_context_manager.o
    0x00022788   0x00000018   Code   RO         2343    i.iot_context_manager_init  iot_context_manager.o
    0x000227a0   0x00000058   Code   RO         2344    i.iot_context_manager_remove  iot_context_manager.o
    0x000227f8   0x00000044   Code   RO         2345    i.iot_context_manager_table_alloc  iot_context_manager.o
    0x0002283c   0x00000034   Code   RO         2346    i.iot_context_manager_table_free  iot_context_manager.o
    0x00022870   0x000000f4   Code   RO         2347    i.iot_context_manager_update  iot_context_manager.o
    0x00022964   0x00000074   Code   RO         2415    i.iot_pbuffer_allocate  iot_pbuffer.o
    0x000229d8   0x00000040   Code   RO         2416    i.iot_pbuffer_free  iot_pbuffer.o
    0x00022a18   0x0000002c   Code   RO         2417    i.iot_pbuffer_init  iot_pbuffer.o
    0x00022a44   0x00000048   Code   RO         2477    i.iot_timer_client_list_set  iot_timer.o
    0x00022a8c   0x00000014   Code   RO           14    i.iot_timer_tick_callback  main.o
    0x00022aa0   0x0000004c   Code   RO         2478    i.iot_timer_update  iot_timer.o
    0x00022aec   0x0000005c   Code   RO           15    i.ip_app_handler    main.o
    0x00022b48   0x000003d0   Code   RO         3366    i.iphc_decode       ble_6lowpan.lib(ble_6lowpan.o)
    0x00022f18   0x00000460   Code   RO         3367    i.iphc_encode       ble_6lowpan.lib(ble_6lowpan.o)
    0x00023378   0x0000009c   Code   RO         3368    i.iphc_nhc_decode   ble_6lowpan.lib(ble_6lowpan.o)
    0x00023414   0x00000090   Code   RO         3369    i.iphc_nhc_encode   ble_6lowpan.lib(ble_6lowpan.o)
    0x000234a4   0x00000194   Code   RO         3370    i.ipsp_evt_handler  ble_6lowpan.lib(ble_6lowpan.o)
    0x00023638   0x000000dc   Code   RO         2514    i.ipv6_address_find_best_match  ipv6.o
    0x00023714   0x00000074   Code   RO         2515    i.ipv6_address_remove  ipv6.o
    0x00023788   0x00000020   Code   RO         2516    i.ipv6_address_set  ipv6.o
    0x000237a8   0x0000005e   Code   RO         2728    i.ipv6_checksum_calculate  ipv6_utils.o
    0x00023806   0x00000016   Code   RO         2729    i.ipv6_header_init  ipv6_utils.o
    0x0002381c   0x00000074   Code   RO         2517    i.ipv6_init         ipv6.o
    0x00023890   0x00000060   Code   RO         2518    i.ipv6_input        ipv6.o
    0x000238f0   0x00000018   Code   RO         2608    i.ipv6_medium_connectable_mode_enter  ipv6_medium_ble.o
    0x00023908   0x00000028   Code   RO         2610    i.ipv6_medium_eui48_get  ipv6_medium_ble.o
    0x00023930   0x00000030   Code   RO         2611    i.ipv6_medium_eui48_set  ipv6_medium_ble.o
    0x00023960   0x00000064   Code   RO         2612    i.ipv6_medium_eui64_get  ipv6_medium_ble.o
    0x000239c4   0x00000094   Code   RO         2614    i.ipv6_medium_init  ipv6_medium_ble.o
    0x00023a58   0x00000038   Code   RO         2519    i.ipv6_send         ipv6.o
    0x00023a90   0x00000016   Code   RO         1787    i.is_ack            coap.o
    0x00023aa6   0x00000048   Code   RO         3371    i.is_context_cover_iid  ble_6lowpan.lib(ble_6lowpan.o)
    0x00023aee   0x0000000e   Code   RO         1788    i.is_request        coap.o
    0x00023afc   0x00000054   Code   RO          514    i.le_role_encode    ble_advdata.o
    0x00023b50   0x000001e8   Code   RO           17    i.led3_callback     main.o
    0x00023d38   0x000000bc   Code   RO         2993    i.list_deletions_handler  app_timer.o
    0x00023df4   0x000000cc   Code   RO         2994    i.list_insertions_handler  app_timer.o
    0x00023ec0   0x000001d0   Code   RO           18    i.main              main.o
    0x00024090   0x00000064   Code   RO          515    i.manuf_specific_data_encode  ble_advdata.o
    0x000240f4   0x0000009c   Code   RO          516    i.name_encode       ble_advdata.o
    0x00024190   0x000000c4   Code   RO           19    i.notify_all_led3_subscribers  main.o
    0x00024254   0x0000001a   Code   RO          755    i.nrf_delay_ms      nrf_delay.o
    0x0002426e   0x00000002   PAD
    0x00024270   0x0000001c   Code   RO         1594    i.nrf_drv_call_event_handler  nrf_drv_twis.o
    0x0002428c   0x00000038   Code   RO          786    i.nrf_drv_common_irq_enable  nrf_drv_common.o
    0x000242c4   0x000000a4   Code   RO          820    i.nrf_drv_gpiote_in_event_enable  nrf_drv_gpiote.o
    0x00024368   0x000000b8   Code   RO          821    i.nrf_drv_gpiote_in_init  nrf_drv_gpiote.o
    0x00024420   0x00000014   Code   RO          822    i.nrf_drv_gpiote_in_is_set  nrf_drv_gpiote.o
    0x00024434   0x00000054   Code   RO          824    i.nrf_drv_gpiote_init  nrf_drv_gpiote.o
    0x00024488   0x00000014   Code   RO          825    i.nrf_drv_gpiote_is_init  nrf_drv_gpiote.o
    0x0002449c   0x0000005c   Code   RO         1429    i.nrf_drv_twi_enable  nrf_drv_twi.o
    0x000244f8   0x000000a4   Code   RO         1430    i.nrf_drv_twi_init  nrf_drv_twi.o
    0x0002459c   0x000000e4   Code   RO         1431    i.nrf_drv_twi_int_handler  nrf_drv_twi.o
    0x00024680   0x00000010   Code   RO         1432    i.nrf_drv_twi_rx    nrf_drv_twi.o
    0x00024690   0x00000010   Code   RO         1433    i.nrf_drv_twi_tx    nrf_drv_twi.o
    0x000246a0   0x00000016   Code   RO         1596    i.nrf_drv_twis_check_bit  nrf_drv_twis.o
    0x000246b6   0x0000001a   Code   RO         1601    i.nrf_drv_twis_event_bit_get  nrf_drv_twis.o
    0x000246d0   0x0000002c   Code   RO         1609    i.nrf_drv_twis_process_error  nrf_drv_twis.o
    0x000246fc   0x0000022c   Code   RO         1612    i.nrf_drv_twis_state_machine  nrf_drv_twis.o
    0x00024928   0x00000040   Code   RO         3146    i.nrf_free          mem_manager.o
    0x00024968   0x00000022   Code   RO          837    i.nrf_gpio_cfg      nrf_drv_gpiote.o
    0x0002498a   0x0000001c   Code   RO          839    i.nrf_gpio_cfg_sense_set  nrf_drv_gpiote.o
    0x000249a6   0x00000002   PAD
    0x000249a8   0x00000010   Code   RO         1435    i.nrf_gpio_pin_set  nrf_drv_twi.o
    0x000249b8   0x00000014   Code   RO          840    i.nrf_gpiote_event_clear  nrf_drv_gpiote.o
    0x000249cc   0x00000010   Code   RO          841    i.nrf_gpiote_event_is_set  nrf_drv_gpiote.o
    0x000249dc   0x00000020   Code   RO         3148    i.nrf_mem_init      mem_manager.o
    0x000249fc   0x000000b4   Code   RO         3149    i.nrf_mem_reserve   mem_manager.o
    0x00024ab0   0x0000000a   Code   RO         1436    i.nrf_twi_event_check  nrf_drv_twi.o
    0x00024aba   0x0000000a   Code   RO         1028    i.nrf_uart_event_check  nrf_drv_uart.o
    0x00024ac4   0x0000000c   Code   RO         1029    i.nrf_uart_int_enable_check  nrf_drv_uart.o
    0x00024ad0   0x0000000a   Code   RO         1030    i.nrf_uarte_event_check  nrf_drv_uart.o
    0x00024ada   0x0000002e   Code   RO           20    i.observer_con_message_callback  main.o
    0x00024b08   0x00000068   Code   RO         2615    i.on_ble_evt        ipv6_medium_ble.o
    0x00024b70   0x0000004c   Code   RO         1437    i.on_error          nrf_drv_twi.o
    0x00024bbc   0x00000002   Code   RO           21    i.on_ipv6_medium_error  main.o
    0x00024bbe   0x00000002   PAD
    0x00024bc0   0x00000018   Code   RO           22    i.on_ipv6_medium_evt  main.o
    0x00024bd8   0x00000050   Code   RO         2419    i.pbuffer_allocate  iot_pbuffer.o
    0x00024c28   0x00000028   Code   RO         2420    i.pbuffer_find      iot_pbuffer.o
    0x00024c50   0x0000000e   Code   RO         2421    i.pbuffer_init      iot_pbuffer.o
    0x00024c5e   0x00000002   PAD
    0x00024c60   0x00000018   Code   RO          842    i.pin_in_use_by_port  nrf_drv_gpiote.o
    0x00024c78   0x00000018   Code   RO          843    i.pin_in_use_by_te  nrf_drv_gpiote.o
    0x00024c90   0x00000048   Code   RO         2207    i.port_data_callback  coap_transport_ipv6.o
    0x00024cd8   0x00000136   Code   RO         2266    i.ra_input          icmp6.o
    0x00024e0e   0x00000002   PAD
    0x00024e10   0x0000003c   Code   RO         2995    i.rtc1_stop         app_timer.o
    0x00024e4c   0x00000054   Code   RO         1438    i.rx_address_req    nrf_drv_twi.o
    0x00024ea0   0x00000024   Code   RO         1032    i.rx_byte           nrf_drv_uart.o
    0x00024ec4   0x00000038   Code   RO         1439    i.rx_done           nrf_drv_twi.o
    0x00024efc   0x00000024   Code   RO         1033    i.rx_done_event     nrf_drv_uart.o
    0x00024f20   0x00000004   Code   RO         1440    i.rx_prepare        nrf_drv_twi.o
    0x00024f24   0x00000042   Code   RO         1789    i.send_error_response  coap.o
    0x00024f66   0x00000002   PAD
    0x00024f68   0x00000088   Code   RO          517    i.service_data_encode  ble_advdata.o
    0x00024ff0   0x0000000c   Code   RO         3252    i.softdevice_assertion_handler  softdevice_handler.o
    0x00024ffc   0x00000014   Code   RO         3253    i.softdevice_ble_evt_handler_set  softdevice_handler.o
    0x00025010   0x00000030   Code   RO         3254    i.softdevice_handler_init  softdevice_handler.o
    0x00025040   0x00000014   Code   RO         3257    i.softdevice_sys_evt_handler_set  softdevice_handler.o
    0x00025054   0x00000050   Code   RO         1441    i.state_machine     nrf_drv_twi.o
    0x000250a4   0x00000002   Code   RO         2616    i.sys_evt_dispatch  ipv6_medium_ble.o
    0x000250a6   0x00000002   PAD
    0x000250a8   0x0000008c   Code   RO         2996    i.timer_list_handler  app_timer.o
    0x00025134   0x0000003c   Code   RO         2997    i.timer_list_insert  app_timer.o
    0x00025170   0x00000088   Code   RO         2998    i.timer_timeouts_check  app_timer.o
    0x000251f8   0x000000b0   Code   RO         1442    i.twi_clear_bus     nrf_drv_twi.o
    0x000252a8   0x0000016c   Code   RO         1443    i.twi_transfer      nrf_drv_twi.o
    0x00025414   0x00000024   Code   RO         1035    i.tx_byte           nrf_drv_uart.o
    0x00025438   0x0000001c   Code   RO         3372    i.tx_complete       ble_6lowpan.lib(ble_6lowpan.o)
    0x00025454   0x00000024   Code   RO         1444    i.tx_done           nrf_drv_twi.o
    0x00025478   0x00000024   Code   RO         1036    i.tx_done_event     nrf_drv_uart.o
    0x0002549c   0x00000020   Code   RO         1445    i.tx_prepare        nrf_drv_twi.o
    0x000254bc   0x00000058   Code   RO         3373    i.tx_send           ble_6lowpan.lib(ble_6lowpan.o)
    0x00025514   0x00000088   Code   RO         1446    i.txrx_shorts_set_task_start  nrf_drv_twi.o
    0x0002559c   0x00000022   Code   RO         2422    i.type_offset_get   iot_pbuffer.o
    0x000255be   0x00000002   PAD
    0x000255c0   0x0000004c   Code   RO         2746    i.udp6_socket_allocate  udp6.o
    0x0002560c   0x00000040   Code   RO         2747    i.udp6_socket_app_data_set  udp6.o
    0x0002564c   0x00000084   Code   RO         2748    i.udp6_socket_bind  udp6.o
    0x000256d0   0x00000040   Code   RO         2750    i.udp6_socket_free  udp6.o
    0x00025710   0x0000004c   Code   RO         2751    i.udp6_socket_recv  udp6.o
    0x0002575c   0x00000148   Code   RO         2753    i.udp6_socket_sendto  udp6.o
    0x000258a4   0x00000030   Code   RO         2754    i.udp_init          udp6.o
    0x000258d4   0x0000016c   Code   RO         2755    i.udp_input         udp6.o
    0x00025a40   0x0000001c   Code   RO         2756    i.udp_socket_init   udp6.o
    0x00025a5c   0x0000000a   Code   RO          518    i.uint16_encode     ble_advdata.o
    0x00025a66   0x00000002   PAD
    0x00025a68   0x00000044   Code   RO         2999    i.user_id_get       app_timer.o
    0x00025aac   0x00000028   Code   RO         3000    i.user_op_alloc     app_timer.o
    0x00025ad4   0x00000030   Code   RO          519    i.uuid_list_encode  ble_advdata.o
    0x00025b04   0x0000009e   Code   RO          520    i.uuid_list_sized_encode  ble_advdata.o
    0x00025ba2   0x00000002   PAD
    0x00025ba4   0x000000b4   Code   RO           23    i.well_known_core_callback  main.o
    0x00025c58   0x00000044   Data   RO           26    .constdata          main.o
    0x00025c9c   0x00000010   Data   RO           27    .constdata          main.o
    0x00025cac   0x00000034   Data   RO         1448    .constdata          nrf_drv_twi.o
    0x00025ce0   0x00000010   Data   RO         1449    .constdata          nrf_drv_twi.o
    0x00025cf0   0x00000028   Data   RO         1450    .constdata          nrf_drv_twi.o
    0x00025d18   0x00000020   Data   RO         1451    .constdata          nrf_drv_twi.o
    0x00025d38   0x00000018   Data   RO         1452    .constdata          nrf_drv_twi.o
    0x00025d50   0x00000018   Data   RO         1453    .constdata          nrf_drv_twi.o
    0x00025d68   0x00000018   Data   RO         1620    .constdata          nrf_drv_twis.o
    0x00025d80   0x00000008   Data   RO         2839    .constdata          app_button.o
    0x00025d88   0x00000070   Data   RO         3152    .constdata          mem_manager.o
    0x00025df8   0x00000008   Data   RO         3375    .constdata          ble_6lowpan.lib(ble_6lowpan.o)
    0x00025e00   0x00000020   Data   RO         3752    Region$$Table       anon$$obj.o


    Execution Region RW_IRAM1 (Base: 0x20002800, Size: 0x00004f20, Max: 0x0000d800, ABSOLUTE, COMPRESSED[0x00000030])

    Base Addr    Size         Type   Attr      Idx    E Section Name        Object

    0x20002800   0x00000028   Data   RW           28    .data               main.o
    0x20002828   0x00000020   Data   RW         1454    .data               nrf_drv_twi.o
    0x20002848   0x00000001   Data   RW         1621    .data               nrf_drv_twis.o
    0x20002849   0x00000003   PAD
    0x2000284c   0x00000090   Data   RW         1790    .data               coap.o
    0x200028dc   0x00000001   Data   RW         2114    .data               coap_queue.o
    0x200028dd   0x00000003   PAD
    0x200028e0   0x00000004   Data   RW         2160    .data               coap_resource.o
    0x200028e4   0x00000008   Data   RW         2208    .data               coap_transport_ipv6.o
    0x200028ec   0x00000008   Data   RW         2267    .data               icmp6.o
    0x200028f4   0x00000001   Data   RW         2349    .data               iot_context_manager.o
    0x200028f5   0x00000001   Data   RW         2424    .data               iot_pbuffer.o
    0x200028f6   0x00000002   PAD
    0x200028f8   0x00000008   Data   RW         2481    .data               iot_timer.o
    0x20002900   0x00000010   Data   RW         2521    .data               ipv6.o
    0x20002910   0x00000023   Data   RW         2618    .data               ipv6_medium_ble.o
    0x20002933   0x00000001   Data   RW         2758    .data               udp6.o
    0x20002934   0x00000014   Data   RW         2840    .data               app_button.o
    0x20002948   0x00000020   Data   RW         3001    .data               app_timer.o
    0x20002968   0x00000008   Data   RW         3153    .data               mem_manager.o
    0x20002970   0x00000014   Data   RW         3258    .data               softdevice_handler.o
    0x20002984   0x00000004   Data   RW         3327    .data               system_nrf52.o
    0x20002988   0x0000000c   Data   RW         3376    .data               ble_6lowpan.lib(ble_6lowpan.o)
    0x20002994   0x00000004   Data   RW         3405    .data               ble_6lowpan.lib(ble_ipsp.o)
    0x20002998   0x00000020   Zero   RW           24    .bss                main.o
    0x200029b8   0x000004d0   Zero   RW           25    .bss                main.o
    0x20002e88   0x00000058   Zero   RW          844    .bss                nrf_drv_gpiote.o
    0x20002ee0   0x00000018   Zero   RW         1037    .bss                nrf_drv_uart.o
    0x20002ef8   0x00000018   Zero   RW         1447    .bss                nrf_drv_twi.o
    0x20002f10   0x0000000c   Zero   RW         1619    .bss                nrf_drv_twis.o
    0x20002f1c   0x00000080   Zero   RW         2016    .bss                coap_observe.o
    0x20002f9c   0x000001e0   Zero   RW         2113    .bss                coap_queue.o
    0x2000317c   0x0000006a   Zero   RW         2159    .bss                coap_resource.o
    0x200031e6   0x00000002   PAD
    0x200031e8   0x00000188   Zero   RW         2348    .bss                iot_context_manager.o
    0x20003370   0x000000c8   Zero   RW         2423    .bss                iot_pbuffer.o
    0x20003438   0x0000004c   Zero   RW         2520    .bss                ipv6.o
    0x20003484   0x000000fc   Zero   RW         2617    .bss                ipv6_medium_ble.o
    0x20003580   0x00000084   Zero   RW         2757    .bss                udp6.o
    0x20003604   0x00000020   Zero   RW         2838    .bss                app_button.o
    0x20003624   0x00000c00   Zero   RW         3151    .bss                mem_manager.o
    0x20004224   0x000000ec   Zero   RW         3374    .bss                ble_6lowpan.lib(ble_6lowpan.o)
    0x20004310   0x0000140c   Zero   RW         3403    .bss                ble_6lowpan.lib(ble_ipsp.o)
    0x2000571c   0x00000004   PAD
    0x20005720   0x00002000   Zero   RW         3315    STACK               arm_startup_nrf52.o


==============================================================================

Image component sizes


      Code (inc. data)   RO Data    RW Data    ZI Data      Debug   Object Name

       332         34          8         20         32       9654   app_button.o
         0          0          0          0          0      26415   app_error.o
      1776        100          0         32          0      50651   app_timer.o
        36         10       1024          0       8192        932   arm_startup_nrf52.o
      1540          0          0          0          0      20336   ble_advdata.o
         0          0          0          0          0       4112   bsp.o
      1466         26          0        144          0      20399   coap.o
      1292          0          0          0          0      14141   coap_message.o
       356         24          0          0        128       9636   coap_observe.o
       206          6          0          0          0       2754   coap_option.o
       428         42          0          1        480       6602   coap_queue.o
       528         32          0          4        106       7382   coap_resource.o
       306         22          0          8          0       8086   coap_transport_ipv6.o
      1204         24          0          8          0      13116   icmp6.o
       948         66          0          1        392      14459   iot_context_manager.o
       392         36          0          1        200       8757   iot_pbuffer.o
       148          8          0          8          0       3679   iot_timer.o
      1266         78          0         16         76      23278   ipv6.o
       694         74          0         35        252      12224   ipv6_medium_ble.o
       116          0          0          0          0       2489   ipv6_utils.o
      2034        184         84         40       1264     129819   main.o
       392         40        112          8       3072      10904   mem_manager.o
       144          0          0          0          0       2055   nrf_delay.o
        56          0          0          0          0      27419   nrf_drv_common.o
       994         94          0          0         88      24188   nrf_drv_gpiote.o
      1828        128        188         32         24      60174   nrf_drv_twi.o
       682         30         24          1         12      15187   nrf_drv_twis.o
       576         36          0          0         24      19230   nrf_drv_uart.o
         0          0          0          0          0       1964   pstorage.o
       260         32          0         20          0       7453   softdevice_handler.o
       288         34          0          4          0       2283   system_nrf52.o
      1180         78          0          1        132      12763   udp6.o

    ----------------------------------------------------------------------
     21520       1238       1472        392      14476     572541   Object Totals
         0          0         32          0          0          0   (incl. Generated)
        52          0          0          8          2          0   (incl. Padding)

    ----------------------------------------------------------------------

      Code (inc. data)   RO Data    RW Data    ZI Data      Debug   Library Member Name

      3368         48          8         12        236       1592   ble_6lowpan.o
      1072         40          0          4       5132        776   ble_ipsp.o
        58          0          0          0          0          0   __dczerorl.o
         0          0          0          0          0          0   entry.o
         0          0          0          0          0          0   entry10a.o
         0          0          0          0          0          0   entry11a.o
         8          4          0          0          0          0   entry2.o
         4          0          0          0          0          0   entry5.o
         0          0          0          0          0          0   entry7b.o
         0          0          0          0          0          0   entry8b.o
         8          4          0          0          0          0   entry9a.o
        30          0          0          0          0          0   handlers.o
        36          8          0          0          0         68   init.o
        26          0          0          0          0         80   memcmp.o
        36          0          0          0          0         68   memcpya.o
        36          0          0          0          0        108   memseta.o
       390         10          0          0          0        252   printf1.o
        14          0          0          0          0         68   strlen.o
        30          0          0          0          0         80   strncmp.o
        24          0          0          0          0         76   strncpy.o
        44          0          0          0          0         80   uidiv.o

    ----------------------------------------------------------------------
      5192        114          8         16       5372       3248   Library Totals
         8          0          0          0          4          0   (incl. Padding)

    ----------------------------------------------------------------------

      Code (inc. data)   RO Data    RW Data    ZI Data      Debug   Library Name

      4440         88          8         16       5368       2368   ble_6lowpan.lib
       744         26          0          0          0        880   mc_w.l

    ----------------------------------------------------------------------
      5192        114          8         16       5372       3248   Library Totals

    ----------------------------------------------------------------------

==============================================================================


      Code (inc. data)   RO Data    RW Data    ZI Data      Debug   

     26712       1352       1480        408      19848     551409   Grand Totals
     26712       1352       1480         48      19848     551409   ELF Image Totals (compressed)
     26712       1352       1480         48          0          0   ROM Totals

==============================================================================

    Total RO  Size (Code + RO Data)                28192 (  27.53kB)
    Total RW  Size (RW Data + ZI Data)             20256 (  19.78kB)
    Total ROM Size (Code + RO Data + RW Data)      28240 (  27.58kB)

==============================================================================

