<html>
<body>
<pre>
<h1>µVision Build Log</h1>
<h2>Tool Versions:</h2>
IDE-Version: µVision V5.18.0.0
Copyright (C) 2016 ARM Ltd and ARM Germany GmbH. All rights reserved.
License Information: Sindre Schei, NTNU, LIC=----
 
Tool Versions:
Toolchain:       MDK-Lite  Version: 5.18
Toolchain Path:  C:\Keil_v5\ARM\ARMCC\Bin
C Compiler:      Armcc.exe V5.06 update 1 (build 61)
Assembler:       Armasm.exe V5.06 update 1 (build 61)
Linker/Locator:  ArmLink.exe V5.06 update 1 (build 61)
Library Manager: ArmAr.exe V5.06 update 1 (build 61)
Hex Converter:   FromElf.exe V5.06 update 1 (build 61)
CPU DLL:         
Dialog DLL:      
Target DLL:      Segger\JL2CM3.dll V2.99.18.0
Dialog DLL:      TCM.DLL V1.14.8.0
 
<h2>Project:</h2>
C:\Users\SindreSchei\Documents\MasterThesis\MasterThesis\NordicExamples5\nrf5_iot_sdk_3288530\examples\iot\coap\ipv6\server_observe\boards\pca10040\arm5_no_packs\iot_ipv6_coap_server_observe_pca10040.uvprojx
Project File Date:  03/31/2016

<h2>Output:</h2>
*** Using Compiler 'V5.06 update 1 (build 61)', folder: 'C:\Keil_v5\ARM\ARMCC\Bin'
Rebuild target 'nrf52832_xxaa_s1xx_iot'
compiling ble_advdata.c...
compiling ble_conn_params.c...
compiling ble_srv_common.c...
compiling bsp.c...
compiling main.c...
..\..\..\main.c(476): warning:  #940-D: missing return statement at end of non-void function "appendToString"
  }
..\..\..\main.c(489): warning:  #940-D: missing return statement at end of non-void function "intToChar2"
  }
..\..\..\main.c(497): warning:  #940-D: missing return statement at end of non-void function "intToChar"
  }
..\..\..\main.c(532): warning:  #177-D: variable "one" was declared but never referenced
  		int one = 37;
..\..\..\main.c(1345): warning:  #1-D: last line of file ends without a newline
   */
..\..\..\main.c(143): warning:  #177-D: variable "measuredTWIx" was declared but never referenced
  static uint32_t measuredTWIx;
..\..\..\main.c(144): warning:  #177-D: variable "measuredTWIy" was declared but never referenced
  static uint32_t measuredTWIy;
..\..\..\main.c(145): warning:  #177-D: variable "measuredTWIz" was declared but never referenced
  static uint32_t measuredTWIz;	
..\..\..\main.c(147): warning:  #177-D: variable "numberOfMeasurements" was declared but never referenced
  static uint32_t numberOfMeasurements = 0;
..\..\..\main.c(148): warning:  #177-D: variable "sumOfMeasurementsSinceLastCoAP" was declared but never referenced
  static uint32_t sumOfMeasurementsSinceLastCoAP = 0;
..\..\..\main.c(149): warning:  #177-D: variable "counter" was declared but never referenced
  static uint32_t counter = 0; 
..\..\..\main.c(152): warning:  #177-D: variable "valuesList" was declared but never referenced
  static char * valuesList[100]; 		
..\..\..\main.c(155): warning:  #550-D: variable "stringToSendOccupied" was set but never used
  static bool stringToSendOccupied = false; 
..\..\..\main.c(306): warning:  #177-D: function "read_reg" was declared but never referenced
  static uint16_t read_reg(uint8_t register_address, uint8_t data_returnValue) // should be reg. addr, data ptr. (to be returned after), size
..\..\..\main.c(457): warning:  #177-D: function "returnString" was declared but never referenced
  static char * returnString(int i)
..\..\..\main.c(464): warning:  #177-D: function "appendToString" was declared but never referenced
  static char * appendToString(char * originalString, const char * stringToAppend)
..\..\..\main.c(492): warning:  #177-D: function "intToChar" was declared but never referenced
  static char *intToChar(int i)	// Just use sprintf instead? 
..\..\..\main.c: 17 warnings, 0 errors
compiling app_uart_fifo.c...
compiling nrf_delay.c...
compiling nrf_drv_common.c...
compiling nrf_drv_gpiote.c...
compiling nrf_drv_uart.c...
compiling pstorage.c...
compiling nrf_drv_twi.c...
compiling coap_message.c...
compiling nrf_drv_twis.c...
..\..\..\..\..\..\..\..\components\drivers_nrf\twis_slave\nrf_drv_twis.c(665): warning:  #3731-D: intrinsic is deprecated
          ret = 
_LDREXW(&p_var_inst->error);
..\..\..\..\..\..\..\..\components\drivers_nrf\twis_slave\nrf_drv_twis.c(666): warning:  #3731-D: intrinsic is deprecated
      }while(
_STREXW(0, &p_var_inst->error));
..\..\..\..\..\..\..\..\components\drivers_nrf\twis_slave\nrf_drv_twis.c: 2 warnings, 0 errors
compiling coap_observe.c...
compiling coap_option.c...
compiling coap_queue.c...
compiling coap_transport_ipv6.c...
compiling coap_resource.c...
compiling coap.c...
compiling iot_context_manager.c...
compiling icmp6.c...
compiling iot_timer.c...
compiling ipv6.c...
compiling ipv6_parse.c...
compiling ipv6_utils.c...
compiling udp6.c...
compiling iot_pbuffer.c...
compiling ble_ncfgs.c...
compiling commissioning.c...
compiling ipv6_medium_ble.c...
compiling app_fifo.c...
compiling app_error.c...
compiling app_trace.c...
compiling app_button.c...
compiling nrf_assert.c...
compiling mem_manager.c...
compiling app_timer.c...
assembling arm_startup_nrf52.s...
compiling retarget.c...
compiling softdevice_handler.c...
compiling system_nrf52.c...
linking...
Program Size: Code=26776 RO-data=1480 RW-data=408 ZI-data=20016  
FromELF: creating hex file...
".\_build\nrf52832_xxaa_s1xx_iot.axf" - 0 Error(s), 19 Warning(s).

<h2>Software Packages used:</h2>

Package Vendor: ARM
                http://www.keil.com/pack/ARM.CMSIS.4.2.0.pack
                ARM::CMSIS:CORE:3.40.0
                CMSIS (Cortex Microcontroller Software Interface Standard)
   * Component: CORE Version: 3.40.0

Package Vendor: NordicSemiconductor
                http://developer.nordicsemi.com/nRF51_SDK/pieces/nRF_DeviceFamilyPack/NordicSemiconductor.nRF_DeviceFamilyPack.8.0.5.pack
                NordicSemiconductor::Device:Startup:8.0.5
                Nordic Semiconductor nRF ARM devices Device Family Pack.
   * Component: Startup Version: 8.0.5

<h2>Collection of Component include folders:</h2>
  C:\Users\SindreSchei\Documents\MasterThesis\MasterThesis\NordicExamples5\nrf5_iot_sdk_3288530\examples\iot\coap\ipv6\server_observe\boards\pca10040\arm5_no_packs\RTE
  C:\Keil_v5\ARM\PACK\ARM\CMSIS\4.2.0\CMSIS\Include
  C:\Keil_v5\ARM\PACK\NordicSemiconductor\nRF_DeviceFamilyPack\8.0.5\Device\Include

<h2>Collection of Component Files used:</h2>

   * Component: ARM::CMSIS:CORE:3.40.0
      Source file:   CMSIS\UserCodeTemplates\ARM\ITM_Retarget.c

   * Component: NordicSemiconductor::Device:Startup:8.0.5
      Source file:   Device\Source\arm\arm_startup_nrf52.s
      Source file:   Device\Source\system_nrf52.c
      Include file:  Device\Include\system_nrf52.h
Build Time Elapsed:  00:00:10
</pre>
</body>
</html>
