Component: ARM Compiler 5.06 update 1 (build 61) Tool: armlink [4d35a8]

==============================================================================

Section Cross References

    main.o(i.acceleration_value_get) refers to strcpy.o(.text) for strcpy
    main.o(i.acceleration_value_get) refers to main.o(.data) for .data
    main.o(i.acceleration_value_get) refers to main.o(.bss) for .bss
    main.o(i.app_coap_time_tick) refers to coap.o(i.coap_time_tick) for coap_time_tick
    main.o(i.app_coap_time_tick) refers to main.o(i.notify_all_led3_subscribers) for notify_all_led3_subscribers
    main.o(i.app_coap_time_tick) refers to main.o(.bss) for .bss
    main.o(i.app_coap_time_tick) refers to main.o(.data) for .data
    main.o(i.app_error_handler) refers to strncpy.o(.text) for strncpy
    main.o(i.app_error_handler) refers to main.o(.bss) for .bss
    main.o(i.app_error_handler) refers to main.o(.data) for .data
    main.o(i.appendchar) refers to strlen.o(.text) for strlen
    main.o(i.assert_nrf_callback) refers to main.o(i.app_error_handler) for app_error_handler
    main.o(i.blink_timeout_handler) refers to main.o(.data) for .data
    main.o(i.button_event_handler) refers to main.o(i.notify_all_led3_subscribers) for notify_all_led3_subscribers
    main.o(i.coap_endpoints_init) refers to coap_resource.o(i.coap_resource_create) for coap_resource_create
    main.o(i.coap_endpoints_init) refers to coap_resource.o(i.coap_resource_child_add) for coap_resource_child_add
    main.o(i.coap_endpoints_init) refers to coap_resource.o(i.coap_resource_well_known_generate) for coap_resource_well_known_generate
    main.o(i.coap_endpoints_init) refers to main.o(i.app_error_handler) for app_error_handler
    main.o(i.coap_endpoints_init) refers to main.o(.bss) for .bss
    main.o(i.coap_endpoints_init) refers to main.o(i.well_known_core_callback) for well_known_core_callback
    main.o(i.coap_endpoints_init) refers to main.o(.constdata) for .constdata
    main.o(i.coap_endpoints_init) refers to main.o(i.led3_callback) for led3_callback
    main.o(i.connectable_mode_enter) refers to ipv6_medium_ble.o(i.ipv6_medium_connectable_mode_enter) for ipv6_medium_connectable_mode_enter
    main.o(i.connectable_mode_enter) refers to main.o(i.app_error_handler) for app_error_handler
    main.o(i.connectable_mode_enter) refers to main.o(.data) for .data
    main.o(i.intToChar2) refers to puts.o(i.puts) for puts
    main.o(i.iot_timer_tick_callback) refers to iot_timer.o(i.iot_timer_update) for iot_timer_update
    main.o(i.iot_timer_tick_callback) refers to main.o(i.app_error_handler) for app_error_handler
    main.o(i.ip_app_handler) refers to nrf_delay.o(i.nrf_delay_ms) for nrf_delay_ms
    main.o(i.ip_app_handler) refers to icmp6.o(i.icmp6_rs_send) for icmp6_rs_send
    main.o(i.ip_app_handler) refers to main.o(i.app_error_handler) for app_error_handler
    main.o(i.ip_app_handler) refers to main.o(.data) for .data
    main.o(i.ip_app_handler) refers to main.o(.constdata) for .constdata
    main.o(i.led3_callback) refers to memseta.o(.text) for __aeabi_memclr4
    main.o(i.led3_callback) refers to memcpya.o(.text) for __aeabi_memcpy4
    main.o(i.led3_callback) refers to coap.o(i.coap_message_new) for coap_message_new
    main.o(i.led3_callback) refers to coap_message.o(i.coap_message_remote_addr_set) for coap_message_remote_addr_set
    main.o(i.led3_callback) refers to coap.o(i.coap_message_send) for coap_message_send
    main.o(i.led3_callback) refers to coap_message.o(i.coap_message_ct_match_select) for coap_message_ct_match_select
    main.o(i.led3_callback) refers to coap_message.o(i.coap_message_opt_present) for coap_message_opt_present
    main.o(i.led3_callback) refers to coap_observe.o(i.coap_observe_server_search) for coap_observe_server_search
    main.o(i.led3_callback) refers to coap_option.o(i.coap_opt_uint_decode) for coap_opt_uint_decode
    main.o(i.led3_callback) refers to main.o(i.app_error_handler) for app_error_handler
    main.o(i.led3_callback) refers to coap_observe.o(i.coap_observe_server_register) for coap_observe_server_register
    main.o(i.led3_callback) refers to coap_message.o(i.coap_message_opt_uint_add) for coap_message_opt_uint_add
    main.o(i.led3_callback) refers to coap_observe.o(i.coap_observe_server_unregister) for coap_observe_server_unregister
    main.o(i.led3_callback) refers to main.o(i.acceleration_value_get) for acceleration_value_get
    main.o(i.led3_callback) refers to strlen.o(.text) for strlen
    main.o(i.led3_callback) refers to coap_message.o(i.coap_message_payload_set) for coap_message_payload_set
    main.o(i.led3_callback) refers to coap.o(i.coap_message_delete) for coap_message_delete
    main.o(i.led3_callback) refers to main.o(i.notify_all_led3_subscribers) for notify_all_led3_subscribers
    main.o(i.led3_callback) refers to main.o(.data) for .data
    main.o(i.main) refers to nrf_drv_twi.o(i.nrf_drv_twi_init) for nrf_drv_twi_init
[...]
    i.nrf_uart_event_check                   0x00024afa   Section        0  nrf_drv_uart.o(i.nrf_uart_event_check)
    nrf_uart_event_check                     0x00024afb   Thumb Code    10  nrf_drv_uart.o(i.nrf_uart_event_check)
    i.nrf_uart_int_enable_check              0x00024b04   Section        0  nrf_drv_uart.o(i.nrf_uart_int_enable_check)
    nrf_uart_int_enable_check                0x00024b05   Thumb Code    12  nrf_drv_uart.o(i.nrf_uart_int_enable_check)
    i.nrf_uarte_event_check                  0x00024b10   Section        0  nrf_drv_uart.o(i.nrf_uarte_event_check)
    nrf_uarte_event_check                    0x00024b11   Thumb Code    10  nrf_drv_uart.o(i.nrf_uarte_event_check)
    i.observer_con_message_callback          0x00024b1a   Section        0  main.o(i.observer_con_message_callback)
    observer_con_message_callback            0x00024b1b   Thumb Code    46  main.o(i.observer_con_message_callback)
    i.on_ble_evt                             0x00024b48   Section        0  ipv6_medium_ble.o(i.on_ble_evt)
    on_ble_evt                               0x00024b49   Thumb Code   100  ipv6_medium_ble.o(i.on_ble_evt)
    i.on_error                               0x00024bb0   Section        0  nrf_drv_twi.o(i.on_error)
    on_error                                 0x00024bb1   Thumb Code    68  nrf_drv_twi.o(i.on_error)
    i.on_ipv6_medium_error                   0x00024bfc   Section        0  main.o(i.on_ipv6_medium_error)
    on_ipv6_medium_error                     0x00024bfd   Thumb Code     2  main.o(i.on_ipv6_medium_error)
    i.on_ipv6_medium_evt                     0x00024c00   Section        0  main.o(i.on_ipv6_medium_evt)
    on_ipv6_medium_evt                       0x00024c01   Thumb Code    20  main.o(i.on_ipv6_medium_evt)
    i.pbuffer_allocate                       0x00024c18   Section        0  iot_pbuffer.o(i.pbuffer_allocate)
    pbuffer_allocate                         0x00024c19   Thumb Code    76  iot_pbuffer.o(i.pbuffer_allocate)
    i.pbuffer_find                           0x00024c68   Section        0  iot_pbuffer.o(i.pbuffer_find)
    pbuffer_find                             0x00024c69   Thumb Code    34  iot_pbuffer.o(i.pbuffer_find)
    i.pbuffer_init                           0x00024c90   Section        0  iot_pbuffer.o(i.pbuffer_init)
    pbuffer_init                             0x00024c91   Thumb Code    14  iot_pbuffer.o(i.pbuffer_init)
    i.pin_in_use_by_port                     0x00024ca0   Section        0  nrf_drv_gpiote.o(i.pin_in_use_by_port)
    pin_in_use_by_port                       0x00024ca1   Thumb Code    20  nrf_drv_gpiote.o(i.pin_in_use_by_port)
    i.pin_in_use_by_te                       0x00024cb8   Section        0  nrf_drv_gpiote.o(i.pin_in_use_by_te)
    pin_in_use_by_te                         0x00024cb9   Thumb Code    20  nrf_drv_gpiote.o(i.pin_in_use_by_te)
    i.port_data_callback                     0x00024cd0   Section        0  coap_transport_ipv6.o(i.port_data_callback)
    port_data_callback                       0x00024cd1   Thumb Code    68  coap_transport_ipv6.o(i.port_data_callback)
    i.ra_input                               0x00024d18   Section        0  icmp6.o(i.ra_input)
    ra_input                                 0x00024d19   Thumb Code   310  icmp6.o(i.ra_input)
    i.rtc1_stop                              0x00024e50   Section        0  app_timer.o(i.rtc1_stop)
    rtc1_stop                                0x00024e51   Thumb Code    52  app_timer.o(i.rtc1_stop)
    i.rx_address_req                         0x00024e8c   Section        0  nrf_drv_twi.o(i.rx_address_req)
    rx_address_req                           0x00024e8d   Thumb Code    76  nrf_drv_twi.o(i.rx_address_req)
    i.rx_byte                                0x00024ee0   Section        0  nrf_drv_uart.o(i.rx_byte)
    rx_byte                                  0x00024ee1   Thumb Code    28  nrf_drv_uart.o(i.rx_byte)
    i.rx_done                                0x00024f04   Section        0  nrf_drv_twi.o(i.rx_done)
    rx_done                                  0x00024f05   Thumb Code    50  nrf_drv_twi.o(i.rx_done)
    i.rx_done_event                          0x00024f3c   Section        0  nrf_drv_uart.o(i.rx_done_event)
    rx_done_event                            0x00024f3d   Thumb Code    32  nrf_drv_uart.o(i.rx_done_event)
    i.rx_prepare                             0x00024f60   Section        0  nrf_drv_twi.o(i.rx_prepare)
    rx_prepare                               0x00024f61   Thumb Code     4  nrf_drv_twi.o(i.rx_prepare)
    i.send_error_response                    0x00024f64   Section        0  coap.o(i.send_error_response)
    send_error_response                      0x00024f65   Thumb Code    66  coap.o(i.send_error_response)
    i.service_data_encode                    0x00024fa8   Section        0  ble_advdata.o(i.service_data_encode)
    service_data_encode                      0x00024fa9   Thumb Code   136  ble_advdata.o(i.service_data_encode)
    i.softdevice_assertion_handler           0x00025030   Section        0  softdevice_handler.o(i.softdevice_assertion_handler)
    i.softdevice_ble_evt_handler_set         0x0002503c   Section        0  softdevice_handler.o(i.softdevice_ble_evt_handler_set)
    i.softdevice_handler_init                0x00025050   Section        0  softdevice_handler.o(i.softdevice_handler_init)
    i.softdevice_sys_evt_handler_set         0x00025080   Section        0  softdevice_handler.o(i.softdevice_sys_evt_handler_set)
    i.state_machine                          0x00025094   Section        0  nrf_drv_twi.o(i.state_machine)
    state_machine                            0x00025095   Thumb Code    68  nrf_drv_twi.o(i.state_machine)
    i.sys_evt_dispatch                       0x000250e4   Section        0  ipv6_medium_ble.o(i.sys_evt_dispatch)
    sys_evt_dispatch                         0x000250e5   Thumb Code     2  ipv6_medium_ble.o(i.sys_evt_dispatch)
    i.timer_list_handler                     0x000250e8   Section        0  app_timer.o(i.timer_list_handler)
    timer_list_handler                       0x000250e9   Thumb Code   134  app_timer.o(i.timer_list_handler)
    i.timer_list_insert                      0x00025174   Section        0  app_timer.o(i.timer_list_insert)
    timer_list_insert                        0x00025175   Thumb Code    56  app_timer.o(i.timer_list_insert)
    i.timer_timeouts_check                   0x000251b0   Section        0  app_timer.o(i.timer_timeouts_check)
    timer_timeouts_check                     0x000251b1   Thumb Code   128  app_timer.o(i.timer_timeouts_check)
    i.twi_clear_bus                          0x00025238   Section        0  nrf_drv_twi.o(i.twi_clear_bus)
    twi_clear_bus                            0x00025239   Thumb Code   170  nrf_drv_twi.o(i.twi_clear_bus)
    i.twi_transfer                           0x000252e8   Section        0  nrf_drv_twi.o(i.twi_transfer)
    twi_transfer                             0x000252e9   Thumb Code   352  nrf_drv_twi.o(i.twi_transfer)
    i.tx_byte                                0x00025454   Section        0  nrf_drv_uart.o(i.tx_byte)
    tx_byte                                  0x00025455   Thumb Code    28  nrf_drv_uart.o(i.tx_byte)
    i.tx_complete                            0x00025478   Section        0  ble_6lowpan.o(i.tx_complete)
    tx_complete                              0x00025479   Thumb Code    28  ble_6lowpan.o(i.tx_complete)
    i.tx_done                                0x00025494   Section        0  nrf_drv_twi.o(i.tx_done)
    tx_done                                  0x00025495   Thumb Code    32  nrf_drv_twi.o(i.tx_done)
    i.tx_done_event                          0x000254b8   Section        0  nrf_drv_uart.o(i.tx_done_event)
    tx_done_event                            0x000254b9   Thumb Code    30  nrf_drv_uart.o(i.tx_done_event)
    i.tx_prepare                             0x000254dc   Section        0  nrf_drv_twi.o(i.tx_prepare)
    tx_prepare                               0x000254dd   Thumb Code    28  nrf_drv_twi.o(i.tx_prepare)
    i.tx_send                                0x000254fc   Section        0  ble_6lowpan.o(i.tx_send)
    tx_send                                  0x000254fd   Thumb Code    84  ble_6lowpan.o(i.tx_send)
    i.txrx_shorts_set_task_start             0x00025554   Section        0  nrf_drv_twi.o(i.txrx_shorts_set_task_start)
    txrx_shorts_set_task_start               0x00025555   Thumb Code   128  nrf_drv_twi.o(i.txrx_shorts_set_task_start)
    i.type_offset_get                        0x000255dc   Section        0  iot_pbuffer.o(i.type_offset_get)
    type_offset_get                          0x000255dd   Thumb Code    34  iot_pbuffer.o(i.type_offset_get)
    i.udp6_socket_allocate                   0x00025600   Section        0  udp6.o(i.udp6_socket_allocate)
    i.udp6_socket_app_data_set               0x0002564c   Section        0  udp6.o(i.udp6_socket_app_data_set)
    i.udp6_socket_bind                       0x0002568c   Section        0  udp6.o(i.udp6_socket_bind)
    i.udp6_socket_free                       0x00025710   Section        0  udp6.o(i.udp6_socket_free)
    i.udp6_socket_recv                       0x00025750   Section        0  udp6.o(i.udp6_socket_recv)
    i.udp6_socket_sendto                     0x0002579c   Section        0  udp6.o(i.udp6_socket_sendto)
    i.udp_init                               0x000258e4   Section        0  udp6.o(i.udp_init)
    i.udp_input                              0x00025914   Section        0  udp6.o(i.udp_input)
    i.udp_socket_init                        0x00025a80   Section        0  udp6.o(i.udp_socket_init)
    udp_socket_init                          0x00025a81   Thumb Code    28  udp6.o(i.udp_socket_init)
    i.uint16_encode                          0x00025a9c   Section        0  ble_advdata.o(i.uint16_encode)
    uint16_encode                            0x00025a9d   Thumb Code    10  ble_advdata.o(i.uint16_encode)
    i.user_id_get                            0x00025aa8   Section        0  app_timer.o(i.user_id_get)
    user_id_get                              0x00025aa9   Thumb Code    62  app_timer.o(i.user_id_get)
    i.user_op_alloc                          0x00025aec   Section        0  app_timer.o(i.user_op_alloc)
    user_op_alloc                            0x00025aed   Thumb Code    40  app_timer.o(i.user_op_alloc)
    i.uuid_list_encode                       0x00025b14   Section        0  ble_advdata.o(i.uuid_list_encode)
    uuid_list_encode                         0x00025b15   Thumb Code    48  ble_advdata.o(i.uuid_list_encode)
    i.uuid_list_sized_encode                 0x00025b44   Section        0  ble_advdata.o(i.uuid_list_sized_encode)
    uuid_list_sized_encode                   0x00025b45   Thumb Code   158  ble_advdata.o(i.uuid_list_sized_encode)
    i.well_known_core_callback               0x00025be4   Section        0  main.o(i.well_known_core_callback)
    .constdata                               0x00025c98   Section       68  main.o(.constdata)
    m_iot_timer_tick_src_id                  0x00025c9c   Data           4  main.o(.constdata)
    m_led3_name                              0x00025ca0   Data           5  main.o(.constdata)
    m_lights_name                            0x00025ca5   Data           7  main.o(.constdata)
    m_twi_master                             0x00025cac   Data           8  main.o(.constdata)
    iot_timer_clients                        0x00025cb4   Data           8  main.o(.constdata)
    local_routers_multicast_addr             0x00025cbc   Data          16  main.o(.constdata)
    .constdata                               0x00025cdc   Section       16  main.o(.constdata)
    list_of_clients                          0x00025cdc   Data          16  main.o(.constdata)
    .constdata                               0x00025cec   Section       52  nrf_drv_twi.o(.constdata)
    m_default_config                         0x00025cec   Data          16  nrf_drv_twi.o(.constdata)
    m_states_len                             0x00025cfc   Data          20  nrf_drv_twi.o(.constdata)
    .constdata                               0x00025d20   Section       16  nrf_drv_twi.o(.constdata)
    m_idle                                   0x00025d20   Data          16  nrf_drv_twi.o(.constdata)
    .constdata                               0x00025d30   Section       40  nrf_drv_twi.o(.constdata)
    m_tx_suspended                           0x00025d30   Data          40  nrf_drv_twi.o(.constdata)
    .constdata                               0x00025d58   Section       32  nrf_drv_twi.o(.constdata)
    m_rx_suspended                           0x00025d58   Data          32  nrf_drv_twi.o(.constdata)
    .constdata                               0x00025d78   Section       24  nrf_drv_twi.o(.constdata)
    m_stopped                                0x00025d78   Data          24  nrf_drv_twi.o(.constdata)
    .constdata                               0x00025d90   Section       24  nrf_drv_twi.o(.constdata)
    m_error                                  0x00025d90   Data          24  nrf_drv_twi.o(.constdata)
    .constdata                               0x00025da8   Section       24  nrf_drv_twis.o(.constdata)
    m_const_inst                             0x00025da8   Data           4  nrf_drv_twis.o(.constdata)
    m_config_default                         0x00025dac   Data          20  nrf_drv_twis.o(.constdata)
    .constdata                               0x00025dc0   Section        8  app_button.o(.constdata)
    m_detection_delay_timer_id               0x00025dc0   Data           4  app_button.o(.constdata)
    .constdata                               0x00025dc8   Section      112  mem_manager.o(.constdata)
    m_block_size                             0x00025dc8   Data          28  mem_manager.o(.constdata)
    m_block_start                            0x00025de4   Data          28  mem_manager.o(.constdata)
    m_block_end                              0x00025e00   Data          28  mem_manager.o(.constdata)
    m_block_mem_start                        0x00025e1c   Data          28  mem_manager.o(.constdata)
    .constdata                               0x00025e38   Section        8  ble_6lowpan.o(.constdata)
    m_link_local_prefix                      0x00025e38   Data           2  ble_6lowpan.o(.constdata)
    m_link_local_16_middle                   0x00025e3a   Data           2  ble_6lowpan.o(.constdata)
    m_hop_limit                              0x00025e3c   Data           4  ble_6lowpan.o(.constdata)
    .data                                    0x20002800   Section       40  main.o(.data)
    m_display_state                          0x20002800   Data           1  main.o(.data)
    stringToSendOccupied                     0x20002801   Data           1  main.o(.data)
    s_line_num                               0x20002802   Data           2  main.o(.data)
    m_observer_sequence_num                  0x20002804   Data           4  main.o(.data)
    s_error_code                             0x20002808   Data           4  main.o(.data)
    msg_count                                0x2000280c   Data           4  main.o(.data)
    buttons                                  0x20002810   Data           8  main.o(.data)
    m_ipv6_medium                            0x20002818   Data           8  main.o(.data)
    .data                                    0x20002828   Section       32  nrf_drv_twi.o(.data)
    m_handlers                               0x20002828   Data           4  nrf_drv_twi.o(.data)
    mp_contexts                              0x2000282c   Data           4  nrf_drv_twi.o(.data)
    m_instances                              0x20002830   Data           4  nrf_drv_twi.o(.data)
    mp_states                                0x20002834   Data          20  nrf_drv_twi.o(.data)
    .data                                    0x20002848   Section        1  nrf_drv_twis.o(.data)
    m_sm_semaphore                           0x20002848   Data           1  nrf_drv_twis.o(.data)
    .data                                    0x2000284c   Section      144  coap.o(.data)
    m_request_handler                        0x2000284c   Data           4  coap.o(.data)
    m_token_seed                             0x20002850   Data           4  coap.o(.data)
    m_message_id_counter                     0x20002854   Data           4  coap.o(.data)
    m_error_callback                         0x20002858   Data           4  coap.o(.data)
    m_coap_empty_message                     0x2000285c   Data         128  coap.o(.data)
    .data                                    0x200028dc   Section        1  coap_queue.o(.data)
    m_message_queue_count                    0x200028dc   Data           1  coap_queue.o(.data)
    .data                                    0x200028e0   Section        4  coap_resource.o(.data)
    mp_root_resource                         0x200028e0   Data           4  coap_resource.o(.data)
    .data                                    0x200028e4   Section        8  coap_transport_ipv6.o(.data)
    m_port_table                             0x200028e4   Data           8  coap_transport_ipv6.o(.data)
    .data                                    0x200028ec   Section        8  icmp6.o(.data)
    m_initialization_state                   0x200028ec   Data           1  icmp6.o(.data)
    m_sequence_number                        0x200028ee   Data           2  icmp6.o(.data)
    m_event_handler                          0x200028f0   Data           4  icmp6.o(.data)
    .data                                    0x200028f4   Section        1  iot_context_manager.o(.data)
    m_initialization_state                   0x200028f4   Data           1  iot_context_manager.o(.data)
    .data                                    0x200028f5   Section        1  iot_pbuffer.o(.data)
    m_initialization_state                   0x200028f5   Data           1  iot_pbuffer.o(.data)
    .data                                    0x200028f8   Section        8  iot_timer.o(.data)
    m_wall_clock                             0x200028f8   Data           4  iot_timer.o(.data)
    m_clients                                0x200028fc   Data           4  iot_timer.o(.data)
    .data                                    0x20002900   Section       16  ipv6.o(.data)
    m_event_handler                          0x20002900   Data           4  ipv6.o(.data)
    m_interfaces_count                       0x20002904   Data           4  ipv6.o(.data)
    m_interfaces                             0x20002908   Data           8  ipv6.o(.data)
    .data                                    0x20002910   Section       35  ipv6_medium_ble.o(.data)
    m_module_instance_id                     0x20002910   Data           4  ipv6_medium_ble.o(.data)
    m_adv_uuids                              0x20002914   Data           4  ipv6_medium_ble.o(.data)
    m_ipv6_medium_evt_handler                0x20002918   Data           4  ipv6_medium_ble.o(.data)
    m_ipv6_medium_error_handler              0x2000291c   Data           4  ipv6_medium_ble.o(.data)
    m_evt_schedule_func                      0x20002920   Data           4  ipv6_medium_ble.o(.data)
    m_p_node_gap_params                      0x20002924   Data           4  ipv6_medium_ble.o(.data)
    m_p_node_adv_params                      0x20002928   Data           4  ipv6_medium_ble.o(.data)
    m_local_ble_addr                         0x2000292c   Data           7  ipv6_medium_ble.o(.data)
    .data                                    0x20002933   Section        1  udp6.o(.data)
    m_initialization_state                   0x20002933   Data           1  udp6.o(.data)
    .data                                    0x20002934   Section       20  app_button.o(.data)
    m_button_count                           0x20002934   Data           1  app_button.o(.data)
    mp_buttons                               0x20002938   Data           4  app_button.o(.data)
    m_detection_delay                        0x2000293c   Data           4  app_button.o(.data)
    m_pin_state                              0x20002940   Data           4  app_button.o(.data)
    m_pin_transition                         0x20002944   Data           4  app_button.o(.data)
    .data                                    0x20002948   Section       32  app_timer.o(.data)
    m_user_array_size                        0x20002948   Data           1  app_timer.o(.data)
    m_ticks_elapsed_q_read_ind               0x20002949   Data           1  app_timer.o(.data)
    m_ticks_elapsed_q_write_ind              0x2000294a   Data           1  app_timer.o(.data)
    m_rtc1_running                           0x2000294b   Data           1  app_timer.o(.data)
    m_rtc1_reset                             0x2000294c   Data           1  app_timer.o(.data)
    mp_users                                 0x20002950   Data           4  app_timer.o(.data)
    mp_timer_id_head                         0x20002954   Data           4  app_timer.o(.data)
    m_ticks_latest                           0x20002958   Data           4  app_timer.o(.data)
    m_evt_schedule_func                      0x2000295c   Data           4  app_timer.o(.data)
    m_ticks_elapsed                          0x20002960   Data           8  app_timer.o(.data)
    .data                                    0x20002968   Section        8  mem_manager.o(.data)
    m_module_initialized                     0x20002968   Data           1  mem_manager.o(.data)
    m_mem_pool                               0x2000296c   Data           4  mem_manager.o(.data)
    .data                                    0x20002970   Section       20  softdevice_handler.o(.data)
    m_softdevice_enabled                     0x20002970   Data           1  softdevice_handler.o(.data)
    m_ble_evt_buffer_size                    0x20002972   Data           2  softdevice_handler.o(.data)
    m_evt_schedule_func                      0x20002974   Data           4  softdevice_handler.o(.data)
    mp_ble_evt_buffer                        0x20002978   Data           4  softdevice_handler.o(.data)
    m_ble_evt_handler                        0x2000297c   Data           4  softdevice_handler.o(.data)
    m_sys_evt_handler                        0x20002980   Data           4  softdevice_handler.o(.data)
    .data                                    0x20002984   Section        4  system_nrf52.o(.data)
    __tagsym$$used                           0x20002984   Number         0  system_nrf52.o(.data)
    .data                                    0x20002988   Section       12  ble_6lowpan.o(.data)
    m_event_handler                          0x20002988   Data           4  ble_6lowpan.o(.data)
    m_ll_addr                                0x2000298c   Data           8  ble_6lowpan.o(.data)
    .data                                    0x20002994   Section        4  ble_ipsp.o(.data)
    m_evt_handler                            0x20002994   Data           4  ble_ipsp.o(.data)
    .bss                                     0x20002998   Section       32  main.o(.bss)
    m_iot_timer_tick_src_id_data             0x20002998   Data          32  main.o(.bss)
    .bss                                     0x200029b8   Section     1400  main.o(.bss)
    s_file_name                              0x200029b8   Data         128  main.o(.bss)
    APP_TIMER_BUF                            0x20002a38   Data         600  main.o(.bss)
    root                                     0x20002c90   Data          52  main.o(.bss)
    well_known                               0x20002cc4   Data          52  main.o(.bss)
    core                                     0x20002cf8   Data          52  main.o(.bss)
    lights                                   0x20002d2c   Data          52  main.o(.bss)
    ipv6_medium_init_params                  0x20002d60   Data          12  main.o(.bss)
    m_well_known_core                        0x20002d6c   Data         100  main.o(.bss)
    m_led3                                   0x20002dd0   Data          52  main.o(.bss)
    stringToSend                             0x20002e04   Data         150  main.o(.bss)
    newString                                0x20002e9a   Data         150  main.o(.bss)
    .bss                                     0x20002f30   Section       88  nrf_drv_gpiote.o(.bss)
    m_cb                                     0x20002f30   Data          88  nrf_drv_gpiote.o(.bss)
    .bss                                     0x20002f88   Section       24  nrf_drv_uart.o(.bss)
    m_cb                                     0x20002f88   Data          24  nrf_drv_uart.o(.bss)
    .bss                                     0x20002fa0   Section       24  nrf_drv_twi.o(.bss)
    m_cb                                     0x20002fa0   Data          24  nrf_drv_twi.o(.bss)
    .bss                                     0x20002fb8   Section       12  nrf_drv_twis.o(.bss)
    m_var_inst                               0x20002fb8   Data          12  nrf_drv_twis.o(.bss)
    .bss                                     0x20002fc4   Section      128  coap_observe.o(.bss)
    m_observers                              0x20002fc4   Data         128  coap_observe.o(.bss)
    .bss                                     0x20003044   Section      480  coap_queue.o(.bss)
    m_queue                                  0x20003044   Data         480  coap_queue.o(.bss)
    .bss                                     0x20003224   Section      106  coap_resource.o(.bss)
    m_scratch_buffer                         0x20003224   Data         106  coap_resource.o(.bss)
    .bss                                     0x20003290   Section      392  iot_context_manager.o(.bss)
    m_context_table                          0x20003290   Data         392  iot_context_manager.o(.bss)
    .bss                                     0x20003418   Section      200  iot_pbuffer.o(.bss)
    m_pbuffer                                0x20003418   Data         200  iot_pbuffer.o(.bss)
    .bss                                     0x200034e0   Section       76  ipv6.o(.bss)
    m_address_table                          0x200034e0   Data          60  ipv6.o(.bss)
    .bss                                     0x2000352c   Section      252  ipv6_medium_ble.o(.bss)
    BLE_EVT_BUFFER                           0x2000352c   Data          72  ipv6_medium_ble.o(.bss)
    m_gap_params                             0x20003574   Data          20  ipv6_medium_ble.o(.bss)
    m_adv_params                             0x20003588   Data         160  ipv6_medium_ble.o(.bss)
    .bss                                     0x20003628   Section      132  udp6.o(.bss)
    m_socket                                 0x20003628   Data         132  udp6.o(.bss)
    .bss                                     0x200036ac   Section       32  app_button.o(.bss)
    m_detection_delay_timer_id_data          0x200036ac   Data          32  app_button.o(.bss)
    .bss                                     0x200036cc   Section     3072  mem_manager.o(.bss)
    m_memory                                 0x200036cc   Data        3072  mem_manager.o(.bss)
    .bss                                     0x200042cc   Section      236  ble_6lowpan.o(.bss)
    m_instances                              0x200042cc   Data         236  ble_6lowpan.o(.bss)
    .bss                                     0x200043b8   Section     5132  ble_ipsp.o(.bss)
    m_channel                                0x200043b8   Data          12  ble_ipsp.o(.bss)
    m_rx_buffer                              0x200043c4   Data        5120  ble_ipsp.o(.bss)
    STACK                                    0x200057c8   Section     8192  arm_startup_nrf52.o(STACK)

    Global Symbols

    Symbol Name                              Value     Ov Type        Size  Object(Section)

    BuildAttributes$$THM_ISAv4$E$P$D$K$B$S$7EM$VFPi3$EXTD16$VFPS$VFMA$PE$A:L22UL41UL21$X:L11$S22US41US21$IEEE1$IW$USESV6$~STKCKD$USESV7$~SHL$OSPACE$ROPI$EBA8$MICROLIB$REQ8$PRES8$EABIv2 0x00000000   Number         0  anon$$obj.o ABSOLUTE
    __ARM_use_no_argv                        0x00000000   Number         0  main.o ABSOLUTE
    _printf_a                                0x00000000   Number         0  stubs.o ABSOLUTE
    _printf_c                                0x00000000   Number         0  stubs.o ABSOLUTE
    _printf_charcount                        0x00000000   Number         0  stubs.o ABSOLUTE
    _printf_d                                0x00000000   Number         0  stubs.o ABSOLUTE
    _printf_e                                0x00000000   Number         0  stubs.o ABSOLUTE
    _printf_f                                0x00000000   Number         0  stubs.o ABSOLUTE
    _printf_flags                            0x00000000   Number         0  stubs.o ABSOLUTE
    _printf_fp_dec                           0x00000000   Number         0  stubs.o ABSOLUTE
    _printf_fp_hex                           0x00000000   Number         0  stubs.o ABSOLUTE
    _printf_g                                0x00000000   Number         0  stubs.o ABSOLUTE
    _printf_i                                0x00000000   Number         0  stubs.o ABSOLUTE
    _printf_int_dec                          0x00000000   Number         0  stubs.o ABSOLUTE
    _printf_l                                0x00000000   Number         0  stubs.o ABSOLUTE
    _printf_lc                               0x00000000   Number         0  stubs.o ABSOLUTE
    _printf_ll                               0x00000000   Number         0  stubs.o ABSOLUTE
    _printf_lld                              0x00000000   Number         0  stubs.o ABSOLUTE
    _printf_lli                              0x00000000   Number         0  stubs.o ABSOLUTE
    _printf_llo                              0x00000000   Number         0  stubs.o ABSOLUTE
    _printf_llu                              0x00000000   Number         0  stubs.o ABSOLUTE
    _printf_llx                              0x00000000   Number         0  stubs.o ABSOLUTE
    _printf_longlong_dec                     0x00000000   Number         0  stubs.o ABSOLUTE
    _printf_longlong_hex                     0x00000000   Number         0  stubs.o ABSOLUTE
    _printf_longlong_oct                     0x00000000   Number         0  stubs.o ABSOLUTE
    _printf_ls                               0x00000000   Number         0  stubs.o ABSOLUTE
    _printf_mbtowc                           0x00000000   Number         0  stubs.o ABSOLUTE
    _printf_n                                0x00000000   Number         0  stubs.o ABSOLUTE
    _printf_o                                0x00000000   Number         0  stubs.o ABSOLUTE
    _printf_p                                0x00000000   Number         0  stubs.o ABSOLUTE
    _printf_percent                          0x00000000   Number         0  stubs.o ABSOLUTE
    _printf_pre_padding                      0x00000000   Number         0  stubs.o ABSOLUTE
    _printf_return_value                     0x00000000   Number         0  stubs.o ABSOLUTE
    _printf_s                                0x00000000   Number         0  stubs.o ABSOLUTE
    _printf_sizespec                         0x00000000   Number         0  stubs.o ABSOLUTE
    _printf_str                              0x00000000   Number         0  stubs.o ABSOLUTE
    _printf_truncate_signed                  0x00000000   Number         0  stubs.o ABSOLUTE
    _printf_truncate_unsigned                0x00000000   Number         0  stubs.o ABSOLUTE
    _printf_u                                0x00000000   Number         0  stubs.o ABSOLUTE
    _printf_wc                               0x00000000   Number         0  stubs.o ABSOLUTE
    _printf_wctomb                           0x00000000   Number         0  stubs.o ABSOLUTE
    _printf_widthprec                        0x00000000   Number         0  stubs.o ABSOLUTE
    _printf_x                                0x00000000   Number         0  stubs.o ABSOLUTE
    __cpp_initialize__aeabi_                  - Undefined Weak Reference
    __cxa_finalize                            - Undefined Weak Reference
    _clock_init                               - Undefined Weak Reference
    _microlib_exit                            - Undefined Weak Reference
    _scanf_longlong                           - Undefined Weak Reference
    _scanf_real                               - Undefined Weak Reference
    _scanf_string                             - Undefined Weak Reference
    __Vectors_Size                           0x00000400   Number         0  arm_startup_nrf52.o ABSOLUTE
    __Vectors                                0x0001f000   Data           4  arm_startup_nrf52.o(RESET)
    __Vectors_End                            0x0001f400   Data           0  arm_startup_nrf52.o(RESET)
    __main                                   0x0001f401   Thumb Code     0  entry.o(.ARM.Collect$$$$00000000)
    _main_stk                                0x0001f401   Thumb Code     0  entry2.o(.ARM.Collect$$$$00000001)
    _main_scatterload                        0x0001f405   Thumb Code     0  entry5.o(.ARM.Collect$$$$00000004)
    __main_after_scatterload                 0x0001f409   Thumb Code     0  entry5.o(.ARM.Collect$$$$00000004)
    _main_clock                              0x0001f409   Thumb Code     0  entry7b.o(.ARM.Collect$$$$00000008)
    _main_cpp_init                           0x0001f409   Thumb Code     0  entry8b.o(.ARM.Collect$$$$0000000A)
    _main_init                               0x0001f409   Thumb Code     0  entry9a.o(.ARM.Collect$$$$0000000B)
    __rt_final_cpp                           0x0001f411   Thumb Code     0  entry10a.o(.ARM.Collect$$$$0000000D)
    __rt_final_exit                          0x0001f411   Thumb Code     0  entry11a.o(.ARM.Collect$$$$0000000F)
    __asm___11_nrf_delay_c_532987f3__nrf_delay_us 0x0001f415   Thumb Code   118  nrf_delay.o(.emb_text)
    __asm___13_nrf_drv_twi_c_a9bcf68d__nrf_delay_us 0x0001f48d   Thumb Code   118  nrf_drv_twi.o(.emb_text)
    __asm___11_app_timer_c_cd27f9c3__nrf_delay_us 0x0001f505   Thumb Code   118  app_timer.o(.emb_text)
    Reset_Handler                            0x0001f57d   Thumb Code     8  arm_startup_nrf52.o(.text)
    NMI_Handler                              0x0001f585   Thumb Code     2  arm_startup_nrf52.o(.text)
    HardFault_Handler                        0x0001f587   Thumb Code     2  arm_startup_nrf52.o(.text)
    MemoryManagement_Handler                 0x0001f589   Thumb Code     2  arm_startup_nrf52.o(.text)
    BusFault_Handler                         0x0001f58b   Thumb Code     2  arm_startup_nrf52.o(.text)
    UsageFault_Handler                       0x0001f58d   Thumb Code     2  arm_startup_nrf52.o(.text)
    SVC_Handler                              0x0001f58f   Thumb Code     2  arm_startup_nrf52.o(.text)
    PendSV_Handler                           0x0001f591   Thumb Code     2  arm_startup_nrf52.o(.text)
    SysTick_Handler                          0x0001f593   Thumb Code     2  arm_startup_nrf52.o(.text)
    CCM_AAR_IRQHandler                       0x0001f595   Thumb Code     0  arm_startup_nrf52.o(.text)
    COMP_LPCOMP_IRQHandler                   0x0001f595   Thumb Code     0  arm_startup_nrf52.o(.text)
    ECB_IRQHandler                           0x0001f595   Thumb Code     0  arm_startup_nrf52.o(.text)
    I2S_IRQHandler                           0x0001f595   Thumb Code     0  arm_startup_nrf52.o(.text)
    MWU_IRQHandler                           0x0001f595   Thumb Code     0  arm_startup_nrf52.o(.text)
    NFCT_IRQHandler                          0x0001f595   Thumb Code     0  arm_startup_nrf52.o(.text)
    PDM_IRQHandler                           0x0001f595   Thumb Code     0  arm_startup_nrf52.o(.text)
    POWER_CLOCK_IRQHandler                   0x0001f595   Thumb Code     0  arm_startup_nrf52.o(.text)
    PWM0_IRQHandler                          0x0001f595   Thumb Code     0  arm_startup_nrf52.o(.text)
    PWM1_IRQHandler                          0x0001f595   Thumb Code     0  arm_startup_nrf52.o(.text)
    PWM2_IRQHandler                          0x0001f595   Thumb Code     0  arm_startup_nrf52.o(.text)
    QDEC_IRQHandler                          0x0001f595   Thumb Code     0  arm_startup_nrf52.o(.text)
    RADIO_IRQHandler                         0x0001f595   Thumb Code     0  arm_startup_nrf52.o(.text)
    RNG_IRQHandler                           0x0001f595   Thumb Code     0  arm_startup_nrf52.o(.text)
    RTC0_IRQHandler                          0x0001f595   Thumb Code     0  arm_startup_nrf52.o(.text)
    RTC2_IRQHandler                          0x0001f595   Thumb Code     0  arm_startup_nrf52.o(.text)
    SAADC_IRQHandler                         0x0001f595   Thumb Code     0  arm_startup_nrf52.o(.text)
    SPIM2_SPIS2_SPI2_IRQHandler              0x0001f595   Thumb Code     0  arm_startup_nrf52.o(.text)
    SWI1_EGU1_IRQHandler                     0x0001f595   Thumb Code     0  arm_startup_nrf52.o(.text)
    SWI3_EGU3_IRQHandler                     0x0001f595   Thumb Code     0  arm_startup_nrf52.o(.text)
    SWI4_EGU4_IRQHandler                     0x0001f595   Thumb Code     0  arm_startup_nrf52.o(.text)
    SWI5_EGU5_IRQHandler                     0x0001f595   Thumb Code     0  arm_startup_nrf52.o(.text)
    TEMP_IRQHandler                          0x0001f595   Thumb Code     0  arm_startup_nrf52.o(.text)
    TIMER0_IRQHandler                        0x0001f595   Thumb Code     0  arm_startup_nrf52.o(.text)
    TIMER1_IRQHandler                        0x0001f595   Thumb Code     0  arm_startup_nrf52.o(.text)
    TIMER2_IRQHandler                        0x0001f595   Thumb Code     0  arm_startup_nrf52.o(.text)
    TIMER3_IRQHandler                        0x0001f595   Thumb Code     0  arm_startup_nrf52.o(.text)
    TIMER4_IRQHandler                        0x0001f595   Thumb Code     0  arm_startup_nrf52.o(.text)
    WDT_IRQHandler                           0x0001f595   Thumb Code     0  arm_startup_nrf52.o(.text)
    __aeabi_memcpy                           0x0001f5a1   Thumb Code    36  memcpya.o(.text)
    __aeabi_memcpy4                          0x0001f5a1   Thumb Code     0  memcpya.o(.text)
    __aeabi_memcpy8                          0x0001f5a1   Thumb Code     0  memcpya.o(.text)
    __aeabi_memset                           0x0001f5c5   Thumb Code    14  memseta.o(.text)
    __aeabi_memset4                          0x0001f5c5   Thumb Code     0  memseta.o(.text)
    __aeabi_memset8                          0x0001f5c5   Thumb Code     0  memseta.o(.text)
    __aeabi_memclr                           0x0001f5d3   Thumb Code     4  memseta.o(.text)
    __aeabi_memclr4                          0x0001f5d3   Thumb Code     0  memseta.o(.text)
    __aeabi_memclr8                          0x0001f5d3   Thumb Code     0  memseta.o(.text)
    _memset$wrapper                          0x0001f5d7   Thumb Code    18  memseta.o(.text)
    strncpy                                  0x0001f5e9   Thumb Code    24  strncpy.o(.text)
    strlen                                   0x0001f601   Thumb Code    14  strlen.o(.text)
    memcmp                                   0x0001f60f   Thumb Code    26  memcmp.o(.text)
    strcpy                                   0x0001f629   Thumb Code    18  strcpy.o(.text)
    strncmp                                  0x0001f63b   Thumb Code    30  strncmp.o(.text)
    __aeabi_uidiv                            0x0001f659   Thumb Code     0  uidiv.o(.text)
    __aeabi_uidivmod                         0x0001f659   Thumb Code    44  uidiv.o(.text)
    __scatterload                            0x0001f685   Thumb Code    28  init.o(.text)
    __scatterload_rt2                        0x0001f685   Thumb Code     0  init.o(.text)
    __decompress                             0x0001f6a9   Thumb Code     0  __dczerorl.o(.text)
    __decompress0                            0x0001f6a9   Thumb Code    58  __dczerorl.o(.text)
    GPIOTE_IRQHandler                        0x0001f6e5   Thumb Code   246  nrf_drv_gpiote.o(i.GPIOTE_IRQHandler)
    RTC1_IRQHandler                          0x0001f84d   Thumb Code    32  app_timer.o(i.RTC1_IRQHandler)
    SPIM0_SPIS0_TWIM0_TWIS0_SPI0_TWI0_IRQHandler 0x0001f871   Thumb Code     8  nrf_drv_twi.o(i.SPIM0_SPIS0_TWIM0_TWIS0_SPI0_TWI0_IRQHandler)
    SPIM1_SPIS1_TWIM1_TWIS1_SPI1_TWI1_IRQHandler 0x0001f87d   Thumb Code     6  nrf_drv_twis.o(i.SPIM1_SPIS1_TWIM1_TWIS1_SPI1_TWI1_IRQHandler)
    SWI0_EGU0_IRQHandler                     0x0001f883   Thumb Code     4  app_timer.o(i.SWI0_EGU0_IRQHandler)
    SWI2_EGU2_IRQHandler                     0x0001f889   Thumb Code    36  softdevice_handler.o(i.SWI2_EGU2_IRQHandler)
    SystemInit                               0x0001f8b1   Thumb Code   254  system_nrf52.o(i.SystemInit)
    UARTE0_UART0_IRQHandler                  0x0001f9d1   Thumb Code   390  nrf_drv_uart.o(i.UARTE0_UART0_IRQHandler)
    __0sprintf$1                             0x0001fb61   Thumb Code    34  printf1.o(i.__0sprintf$1)
    __1sprintf$1                             0x0001fb61   Thumb Code     0  printf1.o(i.__0sprintf$1)
    __2sprintf                               0x0001fb61   Thumb Code     0  printf1.o(i.__0sprintf$1)
    __scatterload_copy                       0x0001fb89   Thumb Code    14  handlers.o(i.__scatterload_copy)
    __scatterload_null                       0x0001fb97   Thumb Code     2  handlers.o(i.__scatterload_null)
    __scatterload_zeroinit                   0x0001fb99   Thumb Code    14  handlers.o(i.__scatterload_zeroinit)
    adv_data_encode                          0x0001ff15   Thumb Code   514  ble_advdata.o(i.adv_data_encode)
    app_button_enable                        0x00020119   Thumb Code    32  app_button.o(i.app_button_enable)
    app_button_init                          0x0002013d   Thumb Code    96  app_button.o(i.app_button_init)
    app_error_handler                        0x000201ed   Thumb Code    48  main.o(i.app_error_handler)
    app_timer_create                         0x00020239   Thumb Code    32  app_timer.o(i.app_timer_create)
    app_timer_init                           0x0002025d   Thumb Code   134  app_timer.o(i.app_timer_init)
    app_timer_start                          0x000202ed   Thumb Code   118  app_timer.o(i.app_timer_start)
    app_timer_stop                           0x0002036d   Thumb Code    76  app_timer.o(i.app_timer_stop)
    appendchar                               0x000203bd   Thumb Code    34  main.o(i.appendchar)
    ble_6lowpan_init                         0x000204e1   Thumb Code    52  ble_6lowpan.o(i.ble_6lowpan_init)
    ble_6lowpan_interface_send               0x0002051d   Thumb Code   184  ble_6lowpan.o(i.ble_6lowpan_interface_send)
    ble_advdata_set                          0x000205dd   Thumb Code   104  ble_advdata.o(i.ble_advdata_set)
    ble_ipsp_disconnect                      0x000206a9   Thumb Code    78  ble_ipsp.o(i.ble_ipsp_disconnect)
    ble_ipsp_evt_handler                     0x00020701   Thumb Code   744  ble_ipsp.o(i.ble_ipsp_evt_handler)
    ble_ipsp_init                            0x000209f1   Thumb Code    58  ble_ipsp.o(i.ble_ipsp_init)
    ble_ipsp_send                            0x00020a31   Thumb Code    72  ble_ipsp.o(i.ble_ipsp_send)
    coap_error_handler_register              0x00020d25   Thumb Code     8  coap.o(i.coap_error_handler_register)
    coap_init                                0x00020d31   Thumb Code    50  coap.o(i.coap_init)
    coap_message_accept_mask_get             0x00020d69   Thumb Code    76  coap_message.o(i.coap_message_accept_mask_get)
    coap_message_create                      0x00020db5   Thumb Code    82  coap_message.o(i.coap_message_create)
    coap_message_ct_match_select             0x00020e07   Thumb Code   114  coap_message.o(i.coap_message_ct_match_select)
    coap_message_decode                      0x00020e79   Thumb Code   198  coap_message.o(i.coap_message_decode)
    coap_message_delete                      0x00020f3f   Thumb Code    20  coap.o(i.coap_message_delete)
    coap_message_encode                      0x00020f55   Thumb Code   240  coap_message.o(i.coap_message_encode)
    coap_message_new                         0x00021045   Thumb Code   110  coap.o(i.coap_message_new)
    coap_message_opt_present                 0x000210b9   Thumb Code    44  coap_message.o(i.coap_message_opt_present)
    coap_message_opt_uint_add                0x000210e5   Thumb Code   136  coap_message.o(i.coap_message_opt_uint_add)
    coap_message_payload_set                 0x0002116d   Thumb Code    24  coap_message.o(i.coap_message_payload_set)
    coap_message_remote_addr_set             0x00021185   Thumb Code    12  coap_message.o(i.coap_message_remote_addr_set)
    coap_message_send                        0x00021191   Thumb Code     4  coap.o(i.coap_message_send)
    coap_observe_server_next_get             0x00021195   Thumb Code     4  coap_observe.o(i.coap_observe_server_next_get)
    coap_observe_server_register             0x00021199   Thumb Code     4  coap_observe.o(i.coap_observe_server_register)
    coap_observe_server_search               0x0002119d   Thumb Code     4  coap_observe.o(i.coap_observe_server_search)
    coap_observe_server_unregister           0x000211a1   Thumb Code     4  coap_observe.o(i.coap_observe_server_unregister)
    coap_opt_uint_decode                     0x000211a5   Thumb Code   120  coap_option.o(i.coap_opt_uint_decode)
    coap_opt_uint_encode                     0x0002121d   Thumb Code    86  coap_option.o(i.coap_opt_uint_encode)
    coap_queue_add                           0x00021275   Thumb Code    82  coap_queue.o(i.coap_queue_add)
    coap_queue_init                          0x000212d1   Thumb Code    42  coap_queue.o(i.coap_queue_init)
    coap_queue_item_by_mid_get               0x00021305   Thumb Code    50  coap_queue.o(i.coap_queue_item_by_mid_get)
    coap_queue_item_by_token_get             0x0002133d   Thumb Code    72  coap_queue.o(i.coap_queue_item_by_token_get)
    coap_queue_item_next_get                 0x00021389   Thumb Code    80  coap_queue.o(i.coap_queue_item_next_get)
    coap_queue_remove                        0x000213dd   Thumb Code    60  coap_queue.o(i.coap_queue_remove)
    coap_resource_child_add                  0x00021421   Thumb Code    36  coap_resource.o(i.coap_resource_child_add)
    coap_resource_create                     0x00021445   Thumb Code    68  coap_resource.o(i.coap_resource_create)
    coap_resource_get                        0x0002148d   Thumb Code   100  coap_resource.o(i.coap_resource_get)
    coap_resource_init                       0x000214f5   Thumb Code     8  coap_resource.o(i.coap_resource_init)
    coap_resource_well_known_generate        0x00021501   Thumb Code    70  coap_resource.o(i.coap_resource_well_known_generate)
    coap_time_tick                           0x0002154d   Thumb Code   128  coap.o(i.coap_time_tick)
    coap_transport_init                      0x000215cd   Thumb Code    84  coap_transport_ipv6.o(i.coap_transport_init)
    coap_transport_process                   0x0002162d   Thumb Code     2  coap_transport_ipv6.o(i.coap_transport_process)
    coap_transport_read                      0x00021631   Thumb Code   578  coap.o(i.coap_transport_read)
    coap_transport_write                     0x00021879   Thumb Code   130  coap_transport_ipv6.o(i.coap_transport_write)
    icmp6_handler                            0x000221a9   Thumb Code     4  main.o(i.icmp6_handler)
    icmp6_init                               0x000221ad   Thumb Code    14  icmp6.o(i.icmp6_init)
    icmp6_input                              0x000221c1   Thumb Code   222  icmp6.o(i.icmp6_input)
    icmp6_receive_register                   0x000222a5   Thumb Code    26  icmp6.o(i.icmp6_receive_register)
    icmp6_rs_send                            0x000222c5   Thumb Code   266  icmp6.o(i.icmp6_rs_send)
    intern_softdevice_events_execute         0x00022491   Thumb Code   114  softdevice_handler.o(i.intern_softdevice_events_execute)
    internal_coap_message_send               0x00022509   Thumb Code   262  coap.o(i.internal_coap_message_send)
    internal_coap_observe_init               0x00022611   Thumb Code    26  coap_observe.o(i.internal_coap_observe_init)
    internal_coap_observe_server_next_get    0x00022631   Thumb Code    80  coap_observe.o(i.internal_coap_observe_server_next_get)
    internal_coap_observe_server_register    0x00022685   Thumb Code   100  coap_observe.o(i.internal_coap_observe_server_register)
    internal_coap_observe_server_search      0x000226ed   Thumb Code    80  coap_observe.o(i.internal_coap_observe_server_search)
    internal_coap_observe_server_unregister  0x00022741   Thumb Code    30  coap_observe.o(i.internal_coap_observe_server_unregister)
    iot_context_manager_get_by_addr          0x00022765   Thumb Code    58  iot_context_manager.o(i.iot_context_manager_get_by_addr)
    iot_context_manager_get_by_cid           0x000227a5   Thumb Code    64  iot_context_manager.o(i.iot_context_manager_get_by_cid)
    iot_context_manager_init                 0x000227e9   Thumb Code    18  iot_context_manager.o(i.iot_context_manager_init)
    iot_context_manager_remove               0x00022801   Thumb Code    80  iot_context_manager.o(i.iot_context_manager_remove)
    iot_context_manager_table_alloc          0x00022859   Thumb Code    60  iot_context_manager.o(i.iot_context_manager_table_alloc)
    iot_context_manager_table_free           0x0002289d   Thumb Code    46  iot_context_manager.o(i.iot_context_manager_table_free)
    iot_context_manager_update               0x000228d1   Thumb Code   236  iot_context_manager.o(i.iot_context_manager_update)
    iot_pbuffer_allocate                     0x000229c5   Thumb Code   110  iot_pbuffer.o(i.iot_pbuffer_allocate)
    iot_pbuffer_free                         0x00022a39   Thumb Code    58  iot_pbuffer.o(i.iot_pbuffer_free)
    iot_pbuffer_init                         0x00022a79   Thumb Code    36  iot_pbuffer.o(i.iot_pbuffer_init)
    iot_timer_client_list_set                0x00022aa5   Thumb Code    68  iot_timer.o(i.iot_timer_client_list_set)
    iot_timer_update                         0x00022b01   Thumb Code    72  iot_timer.o(i.iot_timer_update)
    ipv6_address_find_best_match             0x00023699   Thumb Code   210  ipv6.o(i.ipv6_address_find_best_match)
    ipv6_address_remove                      0x00023775   Thumb Code   108  ipv6.o(i.ipv6_address_remove)
    ipv6_address_set                         0x000237e9   Thumb Code    28  ipv6.o(i.ipv6_address_set)
    ipv6_checksum_calculate                  0x00023809   Thumb Code    94  ipv6_utils.o(i.ipv6_checksum_calculate)
    ipv6_header_init                         0x00023867   Thumb Code    22  ipv6_utils.o(i.ipv6_header_init)
    ipv6_init                                0x0002387d   Thumb Code   102  ipv6.o(i.ipv6_init)
    ipv6_medium_connectable_mode_enter       0x00023951   Thumb Code    20  ipv6_medium_ble.o(i.ipv6_medium_connectable_mode_enter)
    ipv6_medium_eui48_get                    0x00023969   Thumb Code    34  ipv6_medium_ble.o(i.ipv6_medium_eui48_get)
    ipv6_medium_eui48_set                    0x00023991   Thumb Code    42  ipv6_medium_ble.o(i.ipv6_medium_eui48_set)
    ipv6_medium_eui64_get                    0x000239c1   Thumb Code    96  ipv6_medium_ble.o(i.ipv6_medium_eui64_get)
    ipv6_medium_init                         0x00023a25   Thumb Code   140  ipv6_medium_ble.o(i.ipv6_medium_init)
    ipv6_send                                0x00023ab9   Thumb Code    52  ipv6.o(i.ipv6_send)
    main                                     0x00023f25   Thumb Code   390  main.o(i.main)
    nrf_delay_ms                             0x000242a5   Thumb Code    26  nrf_delay.o(i.nrf_delay_ms)
    nrf_drv_common_irq_enable                0x000242dd   Thumb Code    56  nrf_drv_common.o(i.nrf_drv_common_irq_enable)
    nrf_drv_gpiote_in_event_enable           0x00024315   Thumb Code   150  nrf_drv_gpiote.o(i.nrf_drv_gpiote_in_event_enable)
    nrf_drv_gpiote_in_init                   0x000243b9   Thumb Code   170  nrf_drv_gpiote.o(i.nrf_drv_gpiote_in_init)
    nrf_drv_gpiote_in_is_set                 0x00024471   Thumb Code    16  nrf_drv_gpiote.o(i.nrf_drv_gpiote_in_is_set)
    nrf_drv_gpiote_init                      0x00024485   Thumb Code    76  nrf_drv_gpiote.o(i.nrf_drv_gpiote_init)
    nrf_drv_gpiote_is_init                   0x000244d9   Thumb Code    14  nrf_drv_gpiote.o(i.nrf_drv_gpiote_is_init)
    nrf_drv_twi_enable                       0x000244ed   Thumb Code    84  nrf_drv_twi.o(i.nrf_drv_twi_enable)
    nrf_drv_twi_init                         0x00024549   Thumb Code   150  nrf_drv_twi.o(i.nrf_drv_twi_init)
    nrf_drv_twi_tx                           0x000246d1   Thumb Code    16  nrf_drv_twi.o(i.nrf_drv_twi_tx)
    nrf_free                                 0x00024969   Thumb Code    56  mem_manager.o(i.nrf_free)
    nrf_mem_init                             0x00024a1d   Thumb Code    26  mem_manager.o(i.nrf_mem_init)
    nrf_mem_reserve                          0x00024a3d   Thumb Code   168  mem_manager.o(i.nrf_mem_reserve)
    softdevice_assertion_handler             0x00025031   Thumb Code    12  softdevice_handler.o(i.softdevice_assertion_handler)
    softdevice_ble_evt_handler_set           0x0002503d   Thumb Code    14  softdevice_handler.o(i.softdevice_ble_evt_handler_set)
    softdevice_handler_init                  0x00025051   Thumb Code    38  softdevice_handler.o(i.softdevice_handler_init)
    softdevice_sys_evt_handler_set           0x00025081   Thumb Code    14  softdevice_handler.o(i.softdevice_sys_evt_handler_set)
    udp6_socket_allocate                     0x00025601   Thumb Code    68  udp6.o(i.udp6_socket_allocate)
    udp6_socket_app_data_set                 0x0002564d   Thumb Code    54  udp6.o(i.udp6_socket_app_data_set)
    udp6_socket_bind                         0x0002568d   Thumb Code   122  udp6.o(i.udp6_socket_bind)
    udp6_socket_free                         0x00025711   Thumb Code    56  udp6.o(i.udp6_socket_free)
    udp6_socket_recv                         0x00025751   Thumb Code    66  udp6.o(i.udp6_socket_recv)
    udp6_socket_sendto                       0x0002579d   Thumb Code   314  udp6.o(i.udp6_socket_sendto)
    udp_init                                 0x000258e5   Thumb Code    40  udp6.o(i.udp_init)
    udp_input                                0x00025915   Thumb Code   354  udp6.o(i.udp_input)
    well_known_core_callback                 0x00025be5   Thumb Code   176  main.o(i.well_known_core_callback)
    Region$$Table$$Base                      0x00025e40   Number         0  anon$$obj.o(Region$$Table)
    Region$$Table$$Limit                     0x00025e60   Number         0  anon$$obj.o(Region$$Table)
    eui64_local_iid                          0x20002820   Data           8  main.o(.data)
    SystemCoreClock                          0x20002984   Data           4  system_nrf52.o(.data)
    ipv6_addr_any                            0x2000351c   Data          16  ipv6.o(.bss)
    __initial_sp                             0x200077c8   Data           0  arm_startup_nrf52.o(STACK)



==============================================================================

Memory Map of the image

  Image Entry point : 0x0001f401

  Load Region LR_IROM1 (Base: 0x0001f000, Size: 0x00006ff8, Max: 0x00061000, ABSOLUTE, COMPRESSED[0x00006e90])

    Execution Region ER_IROM1 (Base: 0x0001f000, Size: 0x00006e60, Max: 0x00061000, ABSOLUTE)

    Base Addr    Size         Type   Attr      Idx    E Section Name        Object

    0x0001f000   0x00000400   Data   RO         3328    RESET               arm_startup_nrf52.o
    0x0001f400   0x00000000   Code   RO         3427  * .ARM.Collect$$$$00000000  mc_w.l(entry.o)
    0x0001f400   0x00000004   Code   RO         3717    .ARM.Collect$$$$00000001  mc_w.l(entry2.o)
    0x0001f404   0x00000004   Code   RO         3720    .ARM.Collect$$$$00000004  mc_w.l(entry5.o)
    0x0001f408   0x00000000   Code   RO         3722    .ARM.Collect$$$$00000008  mc_w.l(entry7b.o)
    0x0001f408   0x00000000   Code   RO         3724    .ARM.Collect$$$$0000000A  mc_w.l(entry8b.o)
    0x0001f408   0x00000008   Code   RO         3725    .ARM.Collect$$$$0000000B  mc_w.l(entry9a.o)
    0x0001f410   0x00000000   Code   RO         3727    .ARM.Collect$$$$0000000D  mc_w.l(entry10a.o)
    0x0001f410   0x00000000   Code   RO         3729    .ARM.Collect$$$$0000000F  mc_w.l(entry11a.o)
    0x0001f410   0x00000004   Code   RO         3718    .ARM.Collect$$$$00002712  mc_w.l(entry2.o)
    0x0001f414   0x00000076   Code   RO          765    .emb_text           nrf_delay.o
    0x0001f48a   0x00000002   PAD
    0x0001f48c   0x00000076   Code   RO         1434    .emb_text           nrf_drv_twi.o
    0x0001f502   0x00000002   PAD
    0x0001f504   0x00000076   Code   RO         2988    .emb_text           app_timer.o
    0x0001f57a   0x00000002   PAD
    0x0001f57c   0x00000024   Code   RO         3329    .text               arm_startup_nrf52.o
    0x0001f5a0   0x00000024   Code   RO         3434    .text               mc_w.l(memcpya.o)
    0x0001f5c4   0x00000024   Code   RO         3436    .text               mc_w.l(memseta.o)
    0x0001f5e8   0x00000018   Code   RO         3440    .text               mc_w.l(strncpy.o)
    0x0001f600   0x0000000e   Code   RO         3442    .text               mc_w.l(strlen.o)
    0x0001f60e   0x0000001a   Code   RO         3444    .text               mc_w.l(memcmp.o)
    0x0001f628   0x00000012   Code   RO         3446    .text               mc_w.l(strcpy.o)
    0x0001f63a   0x0000001e   Code   RO         3448    .text               mc_w.l(strncmp.o)
    0x0001f658   0x0000002c   Code   RO         3731    .text               mc_w.l(uidiv.o)
    0x0001f684   0x00000024   Code   RO         3752    .text               mc_w.l(init.o)
    0x0001f6a8   0x0000003a   Code   RO         3777    .text               mc_w.l(__dczerorl.o)
    0x0001f6e2   0x00000002   PAD
    0x0001f6e4   0x00000104   Code   RO          825    i.GPIOTE_IRQHandler  nrf_drv_gpiote.o
    0x0001f7e8   0x00000016   Code   RO         2989    i.NVIC_ClearPendingIRQ  app_timer.o
    0x0001f7fe   0x00000016   Code   RO         2990    i.NVIC_EnableIRQ    app_timer.o
    0x0001f814   0x00000016   Code   RO         2991    i.NVIC_SetPendingIRQ  app_timer.o
    0x0001f82a   0x00000020   Code   RO         2992    i.NVIC_SetPriority  app_timer.o
    0x0001f84a   0x00000002   PAD
    0x0001f84c   0x00000024   Code   RO         2993    i.RTC1_IRQHandler   app_timer.o
    0x0001f870   0x0000000c   Code   RO         1435    i.SPIM0_SPIS0_TWIM0_TWIS0_SPI0_TWI0_IRQHandler  nrf_drv_twi.o
    0x0001f87c   0x00000006   Code   RO         1604    i.SPIM1_SPIS1_TWIM1_TWIS1_SPI1_TWI1_IRQHandler  nrf_drv_twis.o
    0x0001f882   0x00000004   Code   RO         2994    i.SWI0_EGU0_IRQHandler  app_timer.o
    0x0001f886   0x00000002   PAD
    0x0001f888   0x00000028   Code   RO         3261    i.SWI2_EGU2_IRQHandler  softdevice_handler.o
    0x0001f8b0   0x00000120   Code   RO         3337    i.SystemInit        system_nrf52.o
    0x0001f9d0   0x00000190   Code   RO         1024    i.UARTE0_UART0_IRQHandler  nrf_drv_uart.o
    0x0001fb60   0x00000028   Code   RO         3499    i.__0sprintf$1      mc_w.l(printf1.o)
    0x0001fb88   0x0000000e   Code   RO         3771    i.__scatterload_copy  mc_w.l(handlers.o)
    0x0001fb96   0x00000002   Code   RO         3772    i.__scatterload_null  mc_w.l(handlers.o)
    0x0001fb98   0x0000000e   Code   RO         3773    i.__scatterload_zeroinit  mc_w.l(handlers.o)
    0x0001fba6   0x00000002   PAD
    0x0001fba8   0x00000154   Code   RO         3504    i._printf_core      mc_w.l(printf1.o)
    0x0001fcfc   0x0000000a   Code   RO         3506    i._sputc            mc_w.l(printf1.o)
    0x0001fd06   0x00000002   PAD
    0x0001fd08   0x0000002c   Code   RO            5    i.acceleration_value_get  main.o
    0x0001fd34   0x00000018   Code   RO         1436    i.ack_error         nrf_drv_twi.o
    0x0001fd4c   0x0000001e   Code   RO         2268    i.add_sllao_opt     icmp6.o
    0x0001fd6a   0x00000002   PAD
    0x0001fd6c   0x00000074   Code   RO         2520    i.addr_check        ipv6.o
    0x0001fde0   0x0000003c   Code   RO         2521    i.addr_free         ipv6.o
    0x0001fe1c   0x000000a0   Code   RO         2522    i.addr_set          ipv6.o
    0x0001febc   0x00000058   Code   RO         1437    i.address_req       nrf_drv_twi.o
    0x0001ff14   0x00000202   Code   RO          521    i.adv_data_encode   ble_advdata.o
    0x00020116   0x00000002   PAD
    0x00020118   0x00000024   Code   RO         2844    i.app_button_enable  app_button.o
    0x0002013c   0x00000070   Code   RO         2845    i.app_button_init   app_button.o
    0x000201ac   0x00000040   Code   RO            6    i.app_coap_time_tick  main.o
    0x000201ec   0x0000003c   Code   RO            7    i.app_error_handler  main.o
    0x00020228   0x00000010   Code   RO         1786    i.app_error_notify  coap.o
    0x00020238   0x00000024   Code   RO         2997    i.app_timer_create  app_timer.o
    0x0002025c   0x00000090   Code   RO         2998    i.app_timer_init    app_timer.o
    0x000202ec   0x00000080   Code   RO         2999    i.app_timer_start   app_timer.o
    0x0002036c   0x00000050   Code   RO         3000    i.app_timer_stop    app_timer.o
    0x000203bc   0x00000022   Code   RO            8    i.appendchar        main.o
    0x000203de   0x00000002   PAD
    0x000203e0   0x00000100   Code   RO         2523    i.ble_6lowpan_evt_handler  ipv6.o
    0x000204e0   0x0000003c   Code   RO         3372    i.ble_6lowpan_init  ble_6lowpan.lib(ble_6lowpan.o)
    0x0002051c   0x000000c0   Code   RO         3374    i.ble_6lowpan_interface_send  ble_6lowpan.lib(ble_6lowpan.o)
    0x000205dc   0x00000068   Code   RO          522    i.ble_advdata_set   ble_advdata.o
    0x00020644   0x0000005e   Code   RO          523    i.ble_device_addr_encode  ble_advdata.o
    0x000206a2   0x00000004   Code   RO         2615    i.ble_evt_dispatch  ipv6_medium_ble.o
    0x000206a6   0x00000002   PAD
    0x000206a8   0x00000058   Code   RO         3408    i.ble_ipsp_disconnect  ble_6lowpan.lib(ble_ipsp.o)
    0x00020700   0x000002f0   Code   RO         3409    i.ble_ipsp_evt_handler  ble_6lowpan.lib(ble_ipsp.o)
    0x000209f0   0x00000040   Code   RO         3410    i.ble_ipsp_init     ble_6lowpan.lib(ble_ipsp.o)
    0x00020a30   0x0000004c   Code   RO         3411    i.ble_ipsp_send     ble_6lowpan.lib(ble_ipsp.o)
    0x00020a7c   0x00000050   Code   RO         2616    i.ble_stack_init    ipv6_medium_ble.o
    0x00020acc   0x00000060   Code   RO           10    i.blink_timeout_handler  main.o
    0x00020b2c   0x00000020   Code   RO         3153    i.block_init        mem_manager.o
    0x00020b4c   0x0000002c   Code   RO           11    i.button_event_handler  main.o
    0x00020b78   0x0000001c   Code   RO          826    i.channel_free      nrf_drv_gpiote.o
    0x00020b94   0x00000030   Code   RO         3412    i.channel_init      ble_6lowpan.lib(ble_ipsp.o)
    0x00020bc4   0x00000048   Code   RO          827    i.channel_port_alloc  nrf_drv_gpiote.o
    0x00020c0c   0x00000010   Code   RO          828    i.channel_port_get  nrf_drv_gpiote.o
    0x00020c1c   0x0000002c   Code   RO         3413    i.channel_search    ble_6lowpan.lib(ble_ipsp.o)
    0x00020c48   0x000000d8   Code   RO           12    i.coap_endpoints_init  main.o
    0x00020d20   0x00000002   Code   RO           13    i.coap_error_handler  main.o
    0x00020d22   0x00000002   PAD
    0x00020d24   0x0000000c   Code   RO         1787    i.coap_error_handler_register  coap.o
    0x00020d30   0x00000038   Code   RO         1788    i.coap_init         coap.o
    0x00020d68   0x0000004c   Code   RO         1911    i.coap_message_accept_mask_get  coap_message.o
    0x00020db4   0x00000052   Code   RO         1912    i.coap_message_create  coap_message.o
    0x00020e06   0x00000072   Code   RO         1914    i.coap_message_ct_match_select  coap_message.o
    0x00020e78   0x000000c6   Code   RO         1915    i.coap_message_decode  coap_message.o
    0x00020f3e   0x00000014   Code   RO         1790    i.coap_message_delete  coap.o
    0x00020f52   0x00000002   PAD
    0x00020f54   0x000000f0   Code   RO         1916    i.coap_message_encode  coap_message.o
    0x00021044   0x00000074   Code   RO         1791    i.coap_message_new  coap.o
    0x000210b8   0x0000002c   Code   RO         1920    i.coap_message_opt_present  coap_message.o
    0x000210e4   0x00000088   Code   RO         1922    i.coap_message_opt_uint_add  coap_message.o
    0x0002116c   0x00000018   Code   RO         1923    i.coap_message_payload_set  coap_message.o
    0x00021184   0x0000000c   Code   RO         1924    i.coap_message_remote_addr_set  coap_message.o
    0x00021190   0x00000004   Code   RO         1792    i.coap_message_send  coap.o
    0x00021194   0x00000004   Code   RO         2017    i.coap_observe_server_next_get  coap_observe.o
    0x00021198   0x00000004   Code   RO         2018    i.coap_observe_server_register  coap_observe.o
    0x0002119c   0x00000004   Code   RO         2019    i.coap_observe_server_search  coap_observe.o
    0x000211a0   0x00000004   Code   RO         2020    i.coap_observe_server_unregister  coap_observe.o
    0x000211a4   0x00000078   Code   RO         2090    i.coap_opt_uint_decode  coap_option.o
    0x0002121c   0x00000056   Code   RO         2091    i.coap_opt_uint_encode  coap_option.o
    0x00021272   0x00000002   PAD
    0x00021274   0x0000005c   Code   RO         2118    i.coap_queue_add    coap_queue.o
    0x000212d0   0x00000034   Code   RO         2119    i.coap_queue_init   coap_queue.o
    0x00021304   0x00000038   Code   RO         2120    i.coap_queue_item_by_mid_get  coap_queue.o
    0x0002133c   0x0000004c   Code   RO         2121    i.coap_queue_item_by_token_get  coap_queue.o
    0x00021388   0x00000054   Code   RO         2122    i.coap_queue_item_next_get  coap_queue.o
    0x000213dc   0x00000044   Code   RO         2123    i.coap_queue_remove  coap_queue.o
    0x00021420   0x00000024   Code   RO         2163    i.coap_resource_child_add  coap_resource.o
    0x00021444   0x00000048   Code   RO         2164    i.coap_resource_create  coap_resource.o
    0x0002148c   0x00000068   Code   RO         2165    i.coap_resource_get  coap_resource.o
    0x000214f4   0x0000000c   Code   RO         2166    i.coap_resource_init  coap_resource.o
    0x00021500   0x0000004c   Code   RO         2168    i.coap_resource_well_known_generate  coap_resource.o
    0x0002154c   0x00000080   Code   RO         1794    i.coap_time_tick    coap.o
    0x000215cc   0x00000060   Code   RO         2215    i.coap_transport_init  coap_transport_ipv6.o
    0x0002162c   0x00000002   Code   RO         2216    i.coap_transport_process  coap_transport_ipv6.o
    0x0002162e   0x00000002   PAD
    0x00021630   0x00000248   Code   RO         1795    i.coap_transport_read  coap.o
    0x00021878   0x00000088   Code   RO         2217    i.coap_transport_write  coap_transport_ipv6.o
    0x00021900   0x000000ac   Code   RO         3002    i.compare_reg_update  app_timer.o
    0x000219ac   0x00000088   Code   RO          524    i.conn_int_encode   ble_advdata.o
    0x00021a34   0x00000024   Code   RO           14    i.connectable_mode_enter  main.o
    0x00021a58   0x00000034   Code   RO         1925    i.content_format_to_bit  coap_message.o
    0x00021a8c   0x00000044   Code   RO         2347    i.context_find_by_cid  iot_context_manager.o
    0x00021ad0   0x000000ac   Code   RO         2348    i.context_find_by_prefix  iot_context_manager.o
    0x00021b7c   0x00000014   Code   RO         2349    i.context_init      iot_context_manager.o
    0x00021b90   0x00000014   Code   RO         2350    i.context_table_find  iot_context_manager.o
    0x00021ba4   0x0000003c   Code   RO         2351    i.context_table_init  iot_context_manager.o
    0x00021be0   0x000000a6   Code   RO         1796    i.create_response   coap.o
    0x00021c86   0x0000007a   Code   RO         1926    i.decode_option     coap_message.o
    0x00021d00   0x00000060   Code   RO         2847    i.detection_delay_timeout_handler  app_button.o
    0x00021d60   0x00000126   Code   RO         2269    i.echo_reply_send   icmp6.o
    0x00021e86   0x00000002   PAD
    0x00021e88   0x00000040   Code   RO         3003    i.elapsed_ticks_acquire  app_timer.o
    0x00021ec8   0x000000c0   Code   RO         1927    i.encode_option     coap_message.o
    0x00021f88   0x00000044   Code   RO         2617    i.gap_params_apply  ipv6_medium_ble.o
    0x00021fcc   0x0000004c   Code   RO         2618    i.gap_params_set    ipv6_medium_ble.o
    0x00022018   0x000000e4   Code   RO         2169    i.generate_path     coap_resource.o
    0x000220fc   0x0000003c   Code   RO         3154    i.get_block_cat     mem_manager.o
    0x00022138   0x00000018   Code   RO         3155    i.get_block_size    mem_manager.o
    0x00022150   0x00000058   Code   RO         2848    i.gpiote_event_handler  app_button.o
    0x000221a8   0x00000004   Code   RO           15    i.icmp6_handler     main.o
    0x000221ac   0x00000014   Code   RO         2271    i.icmp6_init        icmp6.o
    0x000221c0   0x000000e4   Code   RO         2272    i.icmp6_input       icmp6.o
    0x000222a4   0x00000020   Code   RO         2274    i.icmp6_receive_register  icmp6.o
    0x000222c4   0x00000110   Code   RO         2275    i.icmp6_rs_send     icmp6.o
    0x000223d4   0x00000012   Code   RO         2276    i.icmp_ip_header    icmp6.o
    0x000223e6   0x00000002   PAD
    0x000223e8   0x0000002c   Code   RO         3375    i.instance_init     ble_6lowpan.lib(ble_6lowpan.o)
    0x00022414   0x00000054   Code   RO         3376    i.interface_add     ble_6lowpan.lib(ble_6lowpan.o)
    0x00022468   0x00000026   Code   RO         2524    i.interface_reset   ipv6.o
    0x0002248e   0x00000002   PAD
    0x00022490   0x00000078   Code   RO         3262    i.intern_softdevice_events_execute  softdevice_handler.o
    0x00022508   0x00000106   Code   RO         1797    i.internal_coap_message_send  coap.o
    0x0002260e   0x00000002   PAD
    0x00022610   0x00000020   Code   RO         2021    i.internal_coap_observe_init  coap_observe.o
    0x00022630   0x00000054   Code   RO         2023    i.internal_coap_observe_server_next_get  coap_observe.o
    0x00022684   0x00000068   Code   RO         2024    i.internal_coap_observe_server_register  coap_observe.o
    0x000226ec   0x00000054   Code   RO         2025    i.internal_coap_observe_server_search  coap_observe.o
    0x00022740   0x00000024   Code   RO         2026    i.internal_coap_observe_server_unregister  coap_observe.o
    0x00022764   0x00000040   Code   RO         2352    i.iot_context_manager_get_by_addr  iot_context_manager.o
    0x000227a4   0x00000044   Code   RO         2353    i.iot_context_manager_get_by_cid  iot_context_manager.o
    0x000227e8   0x00000018   Code   RO         2354    i.iot_context_manager_init  iot_context_manager.o
    0x00022800   0x00000058   Code   RO         2355    i.iot_context_manager_remove  iot_context_manager.o
    0x00022858   0x00000044   Code   RO         2356    i.iot_context_manager_table_alloc  iot_context_manager.o
    0x0002289c   0x00000034   Code   RO         2357    i.iot_context_manager_table_free  iot_context_manager.o
    0x000228d0   0x000000f4   Code   RO         2358    i.iot_context_manager_update  iot_context_manager.o
    0x000229c4   0x00000074   Code   RO         2426    i.iot_pbuffer_allocate  iot_pbuffer.o
    0x00022a38   0x00000040   Code   RO         2427    i.iot_pbuffer_free  iot_pbuffer.o
    0x00022a78   0x0000002c   Code   RO         2428    i.iot_pbuffer_init  iot_pbuffer.o
    0x00022aa4   0x00000048   Code   RO         2488    i.iot_timer_client_list_set  iot_timer.o
    0x00022aec   0x00000014   Code   RO           17    i.iot_timer_tick_callback  main.o
    0x00022b00   0x0000004c   Code   RO         2489    i.iot_timer_update  iot_timer.o
    0x00022b4c   0x0000005c   Code   RO           18    i.ip_app_handler    main.o
    0x00022ba8   0x000003d0   Code   RO         3377    i.iphc_decode       ble_6lowpan.lib(ble_6lowpan.o)
    0x00022f78   0x00000460   Code   RO         3378    i.iphc_encode       ble_6lowpan.lib(ble_6lowpan.o)
    0x000233d8   0x0000009c   Code   RO         3379    i.iphc_nhc_decode   ble_6lowpan.lib(ble_6lowpan.o)
    0x00023474   0x00000090   Code   RO         3380    i.iphc_nhc_encode   ble_6lowpan.lib(ble_6lowpan.o)
    0x00023504   0x00000194   Code   RO         3381    i.ipsp_evt_handler  ble_6lowpan.lib(ble_6lowpan.o)
    0x00023698   0x000000dc   Code   RO         2525    i.ipv6_address_find_best_match  ipv6.o
    0x00023774   0x00000074   Code   RO         2526    i.ipv6_address_remove  ipv6.o
    0x000237e8   0x00000020   Code   RO         2527    i.ipv6_address_set  ipv6.o
    0x00023808   0x0000005e   Code   RO         2739    i.ipv6_checksum_calculate  ipv6_utils.o
    0x00023866   0x00000016   Code   RO         2740    i.ipv6_header_init  ipv6_utils.o
    0x0002387c   0x00000074   Code   RO         2528    i.ipv6_init         ipv6.o
    0x000238f0   0x00000060   Code   RO         2529    i.ipv6_input        ipv6.o
    0x00023950   0x00000018   Code   RO         2619    i.ipv6_medium_connectable_mode_enter  ipv6_medium_ble.o
    0x00023968   0x00000028   Code   RO         2621    i.ipv6_medium_eui48_get  ipv6_medium_ble.o
    0x00023990   0x00000030   Code   RO         2622    i.ipv6_medium_eui48_set  ipv6_medium_ble.o
    0x000239c0   0x00000064   Code   RO         2623    i.ipv6_medium_eui64_get  ipv6_medium_ble.o
    0x00023a24   0x00000094   Code   RO         2625    i.ipv6_medium_init  ipv6_medium_ble.o
    0x00023ab8   0x00000038   Code   RO         2530    i.ipv6_send         ipv6.o
    0x00023af0   0x00000016   Code   RO         1798    i.is_ack            coap.o
    0x00023b06   0x00000048   Code   RO         3382    i.is_context_cover_iid  ble_6lowpan.lib(ble_6lowpan.o)
    0x00023b4e   0x0000000e   Code   RO         1799    i.is_request        coap.o
    0x00023b5c   0x00000054   Code   RO          525    i.le_role_encode    ble_advdata.o
    0x00023bb0   0x000001ec   Code   RO           19    i.led3_callback     main.o
    0x00023d9c   0x000000bc   Code   RO         3004    i.list_deletions_handler  app_timer.o
    0x00023e58   0x000000cc   Code   RO         3005    i.list_insertions_handler  app_timer.o
    0x00023f24   0x000001b8   Code   RO           20    i.main              main.o
    0x000240dc   0x00000064   Code   RO          526    i.manuf_specific_data_encode  ble_advdata.o
    0x00024140   0x0000009c   Code   RO          527    i.name_encode       ble_advdata.o
    0x000241dc   0x000000c8   Code   RO           21    i.notify_all_led3_subscribers  main.o
    0x000242a4   0x0000001a   Code   RO          766    i.nrf_delay_ms      nrf_delay.o
    0x000242be   0x00000002   PAD
    0x000242c0   0x0000001c   Code   RO         1605    i.nrf_drv_call_event_handler  nrf_drv_twis.o
    0x000242dc   0x00000038   Code   RO          797    i.nrf_drv_common_irq_enable  nrf_drv_common.o
    0x00024314   0x000000a4   Code   RO          831    i.nrf_drv_gpiote_in_event_enable  nrf_drv_gpiote.o
    0x000243b8   0x000000b8   Code   RO          832    i.nrf_drv_gpiote_in_init  nrf_drv_gpiote.o
    0x00024470   0x00000014   Code   RO          833    i.nrf_drv_gpiote_in_is_set  nrf_drv_gpiote.o
    0x00024484   0x00000054   Code   RO          835    i.nrf_drv_gpiote_init  nrf_drv_gpiote.o
    0x000244d8   0x00000014   Code   RO          836    i.nrf_drv_gpiote_is_init  nrf_drv_gpiote.o
    0x000244ec   0x0000005c   Code   RO         1440    i.nrf_drv_twi_enable  nrf_drv_twi.o
    0x00024548   0x000000a4   Code   RO         1441    i.nrf_drv_twi_init  nrf_drv_twi.o
    0x000245ec   0x000000e4   Code   RO         1442    i.nrf_drv_twi_int_handler  nrf_drv_twi.o
    0x000246d0   0x00000010   Code   RO         1444    i.nrf_drv_twi_tx    nrf_drv_twi.o
    0x000246e0   0x00000016   Code   RO         1607    i.nrf_drv_twis_check_bit  nrf_drv_twis.o
    0x000246f6   0x0000001a   Code   RO         1612    i.nrf_drv_twis_event_bit_get  nrf_drv_twis.o
    0x00024710   0x0000002c   Code   RO         1620    i.nrf_drv_twis_process_error  nrf_drv_twis.o
    0x0002473c   0x0000022c   Code   RO         1623    i.nrf_drv_twis_state_machine  nrf_drv_twis.o
    0x00024968   0x00000040   Code   RO         3157    i.nrf_free          mem_manager.o
    0x000249a8   0x00000022   Code   RO          848    i.nrf_gpio_cfg      nrf_drv_gpiote.o
    0x000249ca   0x0000001c   Code   RO          850    i.nrf_gpio_cfg_sense_set  nrf_drv_gpiote.o
    0x000249e6   0x00000002   PAD
    0x000249e8   0x00000010   Code   RO         1446    i.nrf_gpio_pin_set  nrf_drv_twi.o
    0x000249f8   0x00000014   Code   RO          851    i.nrf_gpiote_event_clear  nrf_drv_gpiote.o
    0x00024a0c   0x00000010   Code   RO          852    i.nrf_gpiote_event_is_set  nrf_drv_gpiote.o
    0x00024a1c   0x00000020   Code   RO         3159    i.nrf_mem_init      mem_manager.o
    0x00024a3c   0x000000b4   Code   RO         3160    i.nrf_mem_reserve   mem_manager.o
    0x00024af0   0x0000000a   Code   RO         1447    i.nrf_twi_event_check  nrf_drv_twi.o
    0x00024afa   0x0000000a   Code   RO         1039    i.nrf_uart_event_check  nrf_drv_uart.o
    0x00024b04   0x0000000c   Code   RO         1040    i.nrf_uart_int_enable_check  nrf_drv_uart.o
    0x00024b10   0x0000000a   Code   RO         1041    i.nrf_uarte_event_check  nrf_drv_uart.o
    0x00024b1a   0x0000002e   Code   RO           22    i.observer_con_message_callback  main.o
    0x00024b48   0x00000068   Code   RO         2626    i.on_ble_evt        ipv6_medium_ble.o
    0x00024bb0   0x0000004c   Code   RO         1448    i.on_error          nrf_drv_twi.o
    0x00024bfc   0x00000002   Code   RO           23    i.on_ipv6_medium_error  main.o
    0x00024bfe   0x00000002   PAD
    0x00024c00   0x00000018   Code   RO           24    i.on_ipv6_medium_evt  main.o
    0x00024c18   0x00000050   Code   RO         2430    i.pbuffer_allocate  iot_pbuffer.o
    0x00024c68   0x00000028   Code   RO         2431    i.pbuffer_find      iot_pbuffer.o
    0x00024c90   0x0000000e   Code   RO         2432    i.pbuffer_init      iot_pbuffer.o
    0x00024c9e   0x00000002   PAD
    0x00024ca0   0x00000018   Code   RO          853    i.pin_in_use_by_port  nrf_drv_gpiote.o
    0x00024cb8   0x00000018   Code   RO          854    i.pin_in_use_by_te  nrf_drv_gpiote.o
    0x00024cd0   0x00000048   Code   RO         2218    i.port_data_callback  coap_transport_ipv6.o
    0x00024d18   0x00000136   Code   RO         2277    i.ra_input          icmp6.o
    0x00024e4e   0x00000002   PAD
    0x00024e50   0x0000003c   Code   RO         3006    i.rtc1_stop         app_timer.o
    0x00024e8c   0x00000054   Code   RO         1449    i.rx_address_req    nrf_drv_twi.o
    0x00024ee0   0x00000024   Code   RO         1043    i.rx_byte           nrf_drv_uart.o
    0x00024f04   0x00000038   Code   RO         1450    i.rx_done           nrf_drv_twi.o
    0x00024f3c   0x00000024   Code   RO         1044    i.rx_done_event     nrf_drv_uart.o
    0x00024f60   0x00000004   Code   RO         1451    i.rx_prepare        nrf_drv_twi.o
    0x00024f64   0x00000042   Code   RO         1800    i.send_error_response  coap.o
    0x00024fa6   0x00000002   PAD
    0x00024fa8   0x00000088   Code   RO          528    i.service_data_encode  ble_advdata.o
    0x00025030   0x0000000c   Code   RO         3263    i.softdevice_assertion_handler  softdevice_handler.o
    0x0002503c   0x00000014   Code   RO         3264    i.softdevice_ble_evt_handler_set  softdevice_handler.o
    0x00025050   0x00000030   Code   RO         3265    i.softdevice_handler_init  softdevice_handler.o
    0x00025080   0x00000014   Code   RO         3268    i.softdevice_sys_evt_handler_set  softdevice_handler.o
    0x00025094   0x00000050   Code   RO         1452    i.state_machine     nrf_drv_twi.o
    0x000250e4   0x00000002   Code   RO         2627    i.sys_evt_dispatch  ipv6_medium_ble.o
    0x000250e6   0x00000002   PAD
    0x000250e8   0x0000008c   Code   RO         3007    i.timer_list_handler  app_timer.o
    0x00025174   0x0000003c   Code   RO         3008    i.timer_list_insert  app_timer.o
    0x000251b0   0x00000088   Code   RO         3009    i.timer_timeouts_check  app_timer.o
    0x00025238   0x000000b0   Code   RO         1453    i.twi_clear_bus     nrf_drv_twi.o
    0x000252e8   0x0000016c   Code   RO         1454    i.twi_transfer      nrf_drv_twi.o
    0x00025454   0x00000024   Code   RO         1046    i.tx_byte           nrf_drv_uart.o
    0x00025478   0x0000001c   Code   RO         3383    i.tx_complete       ble_6lowpan.lib(ble_6lowpan.o)
    0x00025494   0x00000024   Code   RO         1455    i.tx_done           nrf_drv_twi.o
    0x000254b8   0x00000024   Code   RO         1047    i.tx_done_event     nrf_drv_uart.o
    0x000254dc   0x00000020   Code   RO         1456    i.tx_prepare        nrf_drv_twi.o
    0x000254fc   0x00000058   Code   RO         3384    i.tx_send           ble_6lowpan.lib(ble_6lowpan.o)
    0x00025554   0x00000088   Code   RO         1457    i.txrx_shorts_set_task_start  nrf_drv_twi.o
    0x000255dc   0x00000022   Code   RO         2433    i.type_offset_get   iot_pbuffer.o
    0x000255fe   0x00000002   PAD
    0x00025600   0x0000004c   Code   RO         2757    i.udp6_socket_allocate  udp6.o
    0x0002564c   0x00000040   Code   RO         2758    i.udp6_socket_app_data_set  udp6.o
    0x0002568c   0x00000084   Code   RO         2759    i.udp6_socket_bind  udp6.o
    0x00025710   0x00000040   Code   RO         2761    i.udp6_socket_free  udp6.o
    0x00025750   0x0000004c   Code   RO         2762    i.udp6_socket_recv  udp6.o
    0x0002579c   0x00000148   Code   RO         2764    i.udp6_socket_sendto  udp6.o
    0x000258e4   0x00000030   Code   RO         2765    i.udp_init          udp6.o
    0x00025914   0x0000016c   Code   RO         2766    i.udp_input         udp6.o
    0x00025a80   0x0000001c   Code   RO         2767    i.udp_socket_init   udp6.o
    0x00025a9c   0x0000000a   Code   RO          529    i.uint16_encode     ble_advdata.o
    0x00025aa6   0x00000002   PAD
    0x00025aa8   0x00000044   Code   RO         3010    i.user_id_get       app_timer.o
    0x00025aec   0x00000028   Code   RO         3011    i.user_op_alloc     app_timer.o
    0x00025b14   0x00000030   Code   RO          530    i.uuid_list_encode  ble_advdata.o
    0x00025b44   0x0000009e   Code   RO          531    i.uuid_list_sized_encode  ble_advdata.o
    0x00025be2   0x00000002   PAD
    0x00025be4   0x000000b4   Code   RO           25    i.well_known_core_callback  main.o
    0x00025c98   0x00000044   Data   RO           28    .constdata          main.o
    0x00025cdc   0x00000010   Data   RO           29    .constdata          main.o
    0x00025cec   0x00000034   Data   RO         1459    .constdata          nrf_drv_twi.o
    0x00025d20   0x00000010   Data   RO         1460    .constdata          nrf_drv_twi.o
    0x00025d30   0x00000028   Data   RO         1461    .constdata          nrf_drv_twi.o
    0x00025d58   0x00000020   Data   RO         1462    .constdata          nrf_drv_twi.o
    0x00025d78   0x00000018   Data   RO         1463    .constdata          nrf_drv_twi.o
    0x00025d90   0x00000018   Data   RO         1464    .constdata          nrf_drv_twi.o
    0x00025da8   0x00000018   Data   RO         1631    .constdata          nrf_drv_twis.o
    0x00025dc0   0x00000008   Data   RO         2850    .constdata          app_button.o
    0x00025dc8   0x00000070   Data   RO         3163    .constdata          mem_manager.o
    0x00025e38   0x00000008   Data   RO         3386    .constdata          ble_6lowpan.lib(ble_6lowpan.o)
    0x00025e40   0x00000020   Data   RO         3769    Region$$Table       anon$$obj.o


    Execution Region RW_IRAM1 (Base: 0x20002800, Size: 0x00004fc8, Max: 0x0000d800, ABSOLUTE, COMPRESSED[0x00000030])

    Base Addr    Size         Type   Attr      Idx    E Section Name        Object

    0x20002800   0x00000028   Data   RW           30    .data               main.o
    0x20002828   0x00000020   Data   RW         1465    .data               nrf_drv_twi.o
    0x20002848   0x00000001   Data   RW         1632    .data               nrf_drv_twis.o
    0x20002849   0x00000003   PAD
    0x2000284c   0x00000090   Data   RW         1801    .data               coap.o
    0x200028dc   0x00000001   Data   RW         2125    .data               coap_queue.o
    0x200028dd   0x00000003   PAD
    0x200028e0   0x00000004   Data   RW         2171    .data               coap_resource.o
    0x200028e4   0x00000008   Data   RW         2219    .data               coap_transport_ipv6.o
    0x200028ec   0x00000008   Data   RW         2278    .data               icmp6.o
    0x200028f4   0x00000001   Data   RW         2360    .data               iot_context_manager.o
    0x200028f5   0x00000001   Data   RW         2435    .data               iot_pbuffer.o
    0x200028f6   0x00000002   PAD
    0x200028f8   0x00000008   Data   RW         2492    .data               iot_timer.o
    0x20002900   0x00000010   Data   RW         2532    .data               ipv6.o
    0x20002910   0x00000023   Data   RW         2629    .data               ipv6_medium_ble.o
    0x20002933   0x00000001   Data   RW         2769    .data               udp6.o
    0x20002934   0x00000014   Data   RW         2851    .data               app_button.o
    0x20002948   0x00000020   Data   RW         3012    .data               app_timer.o
    0x20002968   0x00000008   Data   RW         3164    .data               mem_manager.o
    0x20002970   0x00000014   Data   RW         3269    .data               softdevice_handler.o
    0x20002984   0x00000004   Data   RW         3338    .data               system_nrf52.o
    0x20002988   0x0000000c   Data   RW         3387    .data               ble_6lowpan.lib(ble_6lowpan.o)
    0x20002994   0x00000004   Data   RW         3416    .data               ble_6lowpan.lib(ble_ipsp.o)
    0x20002998   0x00000020   Zero   RW           26    .bss                main.o
    0x200029b8   0x00000578   Zero   RW           27    .bss                main.o
    0x20002f30   0x00000058   Zero   RW          855    .bss                nrf_drv_gpiote.o
    0x20002f88   0x00000018   Zero   RW         1048    .bss                nrf_drv_uart.o
    0x20002fa0   0x00000018   Zero   RW         1458    .bss                nrf_drv_twi.o
    0x20002fb8   0x0000000c   Zero   RW         1630    .bss                nrf_drv_twis.o
    0x20002fc4   0x00000080   Zero   RW         2027    .bss                coap_observe.o
    0x20003044   0x000001e0   Zero   RW         2124    .bss                coap_queue.o
    0x20003224   0x0000006a   Zero   RW         2170    .bss                coap_resource.o
    0x2000328e   0x00000002   PAD
    0x20003290   0x00000188   Zero   RW         2359    .bss                iot_context_manager.o
    0x20003418   0x000000c8   Zero   RW         2434    .bss                iot_pbuffer.o
    0x200034e0   0x0000004c   Zero   RW         2531    .bss                ipv6.o
    0x2000352c   0x000000fc   Zero   RW         2628    .bss                ipv6_medium_ble.o
    0x20003628   0x00000084   Zero   RW         2768    .bss                udp6.o
    0x200036ac   0x00000020   Zero   RW         2849    .bss                app_button.o
    0x200036cc   0x00000c00   Zero   RW         3162    .bss                mem_manager.o
    0x200042cc   0x000000ec   Zero   RW         3385    .bss                ble_6lowpan.lib(ble_6lowpan.o)
    0x200043b8   0x0000140c   Zero   RW         3414    .bss                ble_6lowpan.lib(ble_ipsp.o)
    0x200057c4   0x00000004   PAD
    0x200057c8   0x00002000   Zero   RW         3326    STACK               arm_startup_nrf52.o


==============================================================================

Image component sizes


      Code (inc. data)   RO Data    RW Data    ZI Data      Debug   Object Name

       332         34          8         20         32       9654   app_button.o
         0          0          0          0          0      26415   app_error.o
      1776        100          0         32          0      50651   app_timer.o
        36         10       1024          0       8192        932   arm_startup_nrf52.o
      1540          0          0          0          0      20336   ble_advdata.o
         0          0          0          0          0       4112   bsp.o
      1466         26          0        144          0      20399   coap.o
      1292          0          0          0          0      14141   coap_message.o
       356         24          0          0        128       9636   coap_observe.o
       206          6          0          0          0       2754   coap_option.o
       428         42          0          1        480       6602   coap_queue.o
       528         32          0          4        106       7382   coap_resource.o
       306         22          0          8          0       8086   coap_transport_ipv6.o
      1204         24          0          8          0      13116   icmp6.o
       948         66          0          1        392      14459   iot_context_manager.o
       392         36          0          1        200       8757   iot_pbuffer.o
       148          8          0          8          0       3679   iot_timer.o
      1266         78          0         16         76      23278   ipv6.o
       694         74          0         35        252      12224   ipv6_medium_ble.o
       116          0          0          0          0       2489   ipv6_utils.o
      2096        182         84         40       1432     130577   main.o
       392         40        112          8       3072      10904   mem_manager.o
       144          0          0          0          0       2055   nrf_delay.o
        56          0          0          0          0      27419   nrf_drv_common.o
       994         94          0          0         88      24188   nrf_drv_gpiote.o
      1812        128        188         32         24      59273   nrf_drv_twi.o
       682         30         24          1         12      15187   nrf_drv_twis.o
       576         36          0          0         24      19230   nrf_drv_uart.o
         0          0          0          0          0       1964   pstorage.o
       260         32          0         20          0       7453   softdevice_handler.o
       288         34          0          4          0       2283   system_nrf52.o
      1180         78          0          1        132      12763   udp6.o

    ----------------------------------------------------------------------
     21568       1236       1472        392      14644     572398   Object Totals
         0          0         32          0          0          0   (incl. Generated)
        54          0          0          8          2          0   (incl. Padding)

    ----------------------------------------------------------------------

      Code (inc. data)   RO Data    RW Data    ZI Data      Debug   Library Member Name

      3368         48          8         12        236       1592   ble_6lowpan.o
      1072         40          0          4       5132        776   ble_ipsp.o
        58          0          0          0          0          0   __dczerorl.o
         0          0          0          0          0          0   entry.o
         0          0          0          0          0          0   entry10a.o
         0          0          0          0          0          0   entry11a.o
         8          4          0          0          0          0   entry2.o
         4          0          0          0          0          0   entry5.o
         0          0          0          0          0          0   entry7b.o
         0          0          0          0          0          0   entry8b.o
         8          4          0          0          0          0   entry9a.o
        30          0          0          0          0          0   handlers.o
        36          8          0          0          0         68   init.o
        26          0          0          0          0         80   memcmp.o
        36          0          0          0          0         68   memcpya.o
        36          0          0          0          0        108   memseta.o
       390         10          0          0          0        252   printf1.o
        18          0          0          0          0         68   strcpy.o
        14          0          0          0          0         68   strlen.o
        30          0          0          0          0         80   strncmp.o
        24          0          0          0          0         76   strncpy.o
        44          0          0          0          0         80   uidiv.o

    ----------------------------------------------------------------------
      5208        114          8         16       5372       3316   Library Totals
         6          0          0          0          4          0   (incl. Padding)

    ----------------------------------------------------------------------

      Code (inc. data)   RO Data    RW Data    ZI Data      Debug   Library Name

      4440         88          8         16       5368       2368   ble_6lowpan.lib
       762         26          0          0          0        948   mc_w.l

    ----------------------------------------------------------------------
      5208        114          8         16       5372       3316   Library Totals

    ----------------------------------------------------------------------

==============================================================================


      Code (inc. data)   RO Data    RW Data    ZI Data      Debug   

     26776       1350       1480        408      20016     551182   Grand Totals
     26776       1350       1480         48      20016     551182   ELF Image Totals (compressed)
     26776       1350       1480         48          0          0   ROM Totals

==============================================================================

    Total RO  Size (Code + RO Data)                28256 (  27.59kB)
    Total RW  Size (RW Data + ZI Data)             20424 (  19.95kB)
    Total ROM Size (Code + RO Data + RW Data)      28304 (  27.64kB)

==============================================================================

