Component: ARM Compiler 5.06 update 1 (build 61) Tool: armlink [4d35a8]

==============================================================================

Section Cross References

    main.o(i.app_coap_time_tick) refers to coap.o(i.coap_time_tick) for coap_time_tick
    main.o(i.app_error_handler) refers to strncpy.o(.text) for strncpy
    main.o(i.app_error_handler) refers to main.o(.bss) for .bss
    main.o(i.app_error_handler) refers to main.o(.data) for .data
    main.o(i.assert_nrf_callback) refers to main.o(i.app_error_handler) for app_error_handler
    main.o(i.blink_timeout_handler) refers to main.o(.data) for .data
    main.o(i.button_event_handler) refers to commissioning.o(i.commissioning_settings_clear) for commissioning_settings_clear
    main.o(i.coap_endpoints_init) refers to coap_resource.o(i.coap_resource_create) for coap_resource_create
    main.o(i.coap_endpoints_init) refers to main.o(i.app_error_handler) for app_error_handler
    main.o(i.coap_endpoints_init) refers to coap_resource.o(i.coap_resource_child_add) for coap_resource_child_add
    main.o(i.coap_endpoints_init) refers to coap_resource.o(i.coap_resource_well_known_generate) for coap_resource_well_known_generate
    main.o(i.coap_endpoints_init) refers to main.o(.bss) for .bss
    main.o(i.coap_endpoints_init) refers to main.o(i.well_known_core_callback) for well_known_core_callback
    main.o(i.coap_endpoints_init) refers to main.o(.constdata) for .constdata
    main.o(i.coap_endpoints_init) refers to main.o(i.led3_callback) for led3_callback
    main.o(i.coap_endpoints_init) refers to main.o(i.led4_callback) for led4_callback
    main.o(i.commissioning_id_mode_cb) refers to main.o(.data) for .data
    main.o(i.commissioning_power_off_cb) refers to main.o(.data) for .data
    main.o(i.connectable_mode_enter) refers to ipv6_medium_ble.o(i.ipv6_medium_connectable_mode_enter) for ipv6_medium_connectable_mode_enter
    main.o(i.connectable_mode_enter) refers to main.o(i.app_error_handler) for app_error_handler
    main.o(i.connectable_mode_enter) refers to main.o(.data) for .data
    main.o(i.handle_led_request) refers to memseta.o(.text) for __aeabi_memclr4
    main.o(i.handle_led_request) refers to memcpya.o(.text) for __aeabi_memcpy4
    main.o(i.handle_led_request) refers to coap.o(i.coap_message_new) for coap_message_new
    main.o(i.handle_led_request) refers to main.o(i.app_error_handler) for app_error_handler
    main.o(i.handle_led_request) refers to coap_message.o(i.coap_message_remote_addr_set) for coap_message_remote_addr_set
    main.o(i.handle_led_request) refers to coap.o(i.coap_message_send) for coap_message_send
    main.o(i.handle_led_request) refers to coap.o(i.coap_message_delete) for coap_message_delete
    main.o(i.handle_led_request) refers to coap_message.o(i.coap_message_ct_match_select) for coap_message_ct_match_select
    main.o(i.handle_led_request) refers to main.o(i.led_value_get) for led_value_get
    main.o(i.handle_led_request) refers to strlen.o(.text) for strlen
    main.o(i.handle_led_request) refers to coap_message.o(i.coap_message_payload_set) for coap_message_payload_set
    main.o(i.iot_timer_tick_callback) refers to iot_timer.o(i.iot_timer_update) for iot_timer_update
    main.o(i.iot_timer_tick_callback) refers to main.o(i.app_error_handler) for app_error_handler
    main.o(i.ip_app_handler) refers to commissioning.o(i.commissioning_joining_mode_timer_ctrl) for commissioning_joining_mode_timer_ctrl
    main.o(i.ip_app_handler) refers to nrf_delay.o(i.nrf_delay_ms) for nrf_delay_ms
    main.o(i.ip_app_handler) refers to icmp6.o(i.icmp6_rs_send) for icmp6_rs_send
    main.o(i.ip_app_handler) refers to main.o(i.app_error_handler) for app_error_handler
    main.o(i.ip_app_handler) refers to main.o(.data) for .data
    main.o(i.ip_app_handler) refers to main.o(.constdata) for .constdata
    main.o(i.led3_callback) refers to main.o(i.handle_led_request) for handle_led_request
    main.o(i.led4_callback) refers to main.o(i.handle_led_request) for handle_led_request
    main.o(i.led_value_get) refers to printf1.o(i.__0sprintf$1) for __2sprintf
    main.o(i.led_value_get) refers to main.o(.data) for .data
    main.o(i.main) refers to app_timer.o(i.app_timer_init) for app_timer_init
    main.o(i.main) refers to main.o(i.app_error_handler) for app_error_handler
    main.o(i.main) refers to app_timer.o(i.app_timer_create) for app_timer_create
    main.o(i.main) refers to pstorage.o(i.pstorage_init) for pstorage_init
    main.o(i.main) refers to app_button.o(i.app_button_init) for app_button_init
    main.o(i.main) refers to app_button.o(i.app_button_enable) for app_button_enable
    main.o(i.main) refers to memseta.o(.text) for __aeabi_memclr4
    main.o(i.main) refers to ipv6_medium_ble.o(i.ipv6_medium_init) for ipv6_medium_init
    main.o(i.main) refers to ipv6_medium_ble.o(i.ipv6_medium_eui48_get) for ipv6_medium_eui48_get
[...]
    i.state_swap_erase_entry_run             0x00025c20   Section        0  pstorage.o(i.state_swap_erase_entry_run)
    state_swap_erase_entry_run               0x00025c21   Thumb Code    34  pstorage.o(i.state_swap_erase_entry_run)
    i.state_write_data_swap_entry_run        0x00025c44   Section        0  pstorage.o(i.state_write_data_swap_entry_run)
    state_write_data_swap_entry_run          0x00025c45   Thumb Code    46  pstorage.o(i.state_write_data_swap_entry_run)
    i.store_cmd_flash_write_execute          0x00025c78   Section        0  pstorage.o(i.store_cmd_flash_write_execute)
    store_cmd_flash_write_execute            0x00025c79   Thumb Code    84  pstorage.o(i.store_cmd_flash_write_execute)
    i.swap_erase_state_run                   0x00025cd4   Section        0  pstorage.o(i.swap_erase_state_run)
    swap_erase_state_run                     0x00025cd5   Thumb Code    18  pstorage.o(i.swap_erase_state_run)
    i.swap_sub_state_err_busy_process        0x00025cec   Section        0  pstorage.o(i.swap_sub_state_err_busy_process)
    swap_sub_state_err_busy_process          0x00025ced   Thumb Code    16  pstorage.o(i.swap_sub_state_err_busy_process)
    i.swap_sub_state_state_change            0x00025d00   Section        0  pstorage.o(i.swap_sub_state_state_change)
    swap_sub_state_state_change              0x00025d01   Thumb Code    12  pstorage.o(i.swap_sub_state_state_change)
    i.sys_evt_dispatch                       0x00025d14   Section        0  ipv6_medium_ble.o(i.sys_evt_dispatch)
    sys_evt_dispatch                         0x00025d15   Thumb Code     4  ipv6_medium_ble.o(i.sys_evt_dispatch)
    i.tail_restore_state_run                 0x00025d18   Section        0  pstorage.o(i.tail_restore_state_run)
    tail_restore_state_run                   0x00025d19   Thumb Code    16  pstorage.o(i.tail_restore_state_run)
    i.timer_list_handler                     0x00025d2c   Section        0  app_timer.o(i.timer_list_handler)
    timer_list_handler                       0x00025d2d   Thumb Code   134  app_timer.o(i.timer_list_handler)
    i.timer_list_insert                      0x00025db8   Section        0  app_timer.o(i.timer_list_insert)
    timer_list_insert                        0x00025db9   Thumb Code    56  app_timer.o(i.timer_list_insert)
    i.timer_timeouts_check                   0x00025df4   Section        0  app_timer.o(i.timer_timeouts_check)
    timer_timeouts_check                     0x00025df5   Thumb Code   128  app_timer.o(i.timer_timeouts_check)
    i.tx_byte                                0x00025e7c   Section        0  nrf_drv_uart.o(i.tx_byte)
    tx_byte                                  0x00025e7d   Thumb Code    28  nrf_drv_uart.o(i.tx_byte)
    i.tx_complete                            0x00025ea0   Section        0  ble_6lowpan.o(i.tx_complete)
    tx_complete                              0x00025ea1   Thumb Code    28  ble_6lowpan.o(i.tx_complete)
    i.tx_done_event                          0x00025ebc   Section        0  nrf_drv_uart.o(i.tx_done_event)
    tx_done_event                            0x00025ebd   Thumb Code    30  nrf_drv_uart.o(i.tx_done_event)
    i.tx_send                                0x00025ee0   Section        0  ble_6lowpan.o(i.tx_send)
    tx_send                                  0x00025ee1   Thumb Code    84  ble_6lowpan.o(i.tx_send)
    i.type_offset_get                        0x00025f38   Section        0  iot_pbuffer.o(i.type_offset_get)
    type_offset_get                          0x00025f39   Thumb Code    34  iot_pbuffer.o(i.type_offset_get)
    i.udp6_socket_allocate                   0x00025f5c   Section        0  udp6.o(i.udp6_socket_allocate)
    i.udp6_socket_app_data_set               0x00025fa8   Section        0  udp6.o(i.udp6_socket_app_data_set)
    i.udp6_socket_bind                       0x00025fe8   Section        0  udp6.o(i.udp6_socket_bind)
    i.udp6_socket_free                       0x0002606c   Section        0  udp6.o(i.udp6_socket_free)
    i.udp6_socket_recv                       0x000260ac   Section        0  udp6.o(i.udp6_socket_recv)
    i.udp6_socket_sendto                     0x000260f8   Section        0  udp6.o(i.udp6_socket_sendto)
    i.udp_init                               0x00026240   Section        0  udp6.o(i.udp_init)
    i.udp_input                              0x00026270   Section        0  udp6.o(i.udp_input)
    i.udp_socket_init                        0x000263dc   Section        0  udp6.o(i.udp_socket_init)
    udp_socket_init                          0x000263dd   Thumb Code    28  udp6.o(i.udp_socket_init)
    i.uint16_encode                          0x000263f8   Section        0  ble_advdata.o(i.uint16_encode)
    uint16_encode                            0x000263f9   Thumb Code    10  ble_advdata.o(i.uint16_encode)
    i.user_id_get                            0x00026404   Section        0  app_timer.o(i.user_id_get)
    user_id_get                              0x00026405   Thumb Code    62  app_timer.o(i.user_id_get)
    i.user_op_alloc                          0x00026448   Section        0  app_timer.o(i.user_op_alloc)
    user_op_alloc                            0x00026449   Thumb Code    40  app_timer.o(i.user_op_alloc)
    i.uuid_list_encode                       0x00026470   Section        0  ble_advdata.o(i.uuid_list_encode)
    uuid_list_encode                         0x00026471   Thumb Code    48  ble_advdata.o(i.uuid_list_encode)
    i.uuid_list_sized_encode                 0x000264a0   Section        0  ble_advdata.o(i.uuid_list_sized_encode)
    uuid_list_sized_encode                   0x000264a1   Thumb Code   158  ble_advdata.o(i.uuid_list_sized_encode)
    i.well_known_core_callback               0x00026540   Section        0  main.o(i.well_known_core_callback)
    .constdata                               0x0002661c   Section       52  main.o(.constdata)
    m_iot_timer_tick_src_id                  0x00026620   Data           4  main.o(.constdata)
    m_led3_name                              0x00026624   Data           5  main.o(.constdata)
    m_led4_name                              0x00026629   Data           5  main.o(.constdata)
    m_lights_name                            0x0002662e   Data           7  main.o(.constdata)
    iot_timer_clients                        0x00026638   Data           8  main.o(.constdata)
    local_routers_multicast_addr             0x00026640   Data          16  main.o(.constdata)
    .constdata                               0x00026650   Section       24  main.o(.constdata)
    list_of_clients                          0x00026650   Data          24  main.o(.constdata)
    .constdata                               0x00026668   Section       40  pstorage.o(.constdata)
    swap_sub_state_sm_lut                    0x00026668   Data          20  pstorage.o(.constdata)
    swap_sub_state_sm_lut                    0x0002667c   Data          20  pstorage.o(.constdata)
    .constdata                               0x00026690   Section       16  ble_ncfgs.o(.constdata)
    .constdata                               0x000266a0   Section        8  app_button.o(.constdata)
    m_detection_delay_timer_id               0x000266a0   Data           4  app_button.o(.constdata)
    .constdata                               0x000266a8   Section      112  mem_manager.o(.constdata)
    m_block_size                             0x000266a8   Data          28  mem_manager.o(.constdata)
    m_block_start                            0x000266c4   Data          28  mem_manager.o(.constdata)
    m_block_end                              0x000266e0   Data          28  mem_manager.o(.constdata)
    m_block_mem_start                        0x000266fc   Data          28  mem_manager.o(.constdata)
    .constdata                               0x00026718   Section        8  ble_6lowpan.o(.constdata)
    m_link_local_prefix                      0x00026718   Data           2  ble_6lowpan.o(.constdata)
    m_link_local_16_middle                   0x0002671a   Data           2  ble_6lowpan.o(.constdata)
    m_hop_limit                              0x0002671c   Data           4  ble_6lowpan.o(.constdata)
    .data                                    0x20002800   Section       98  main.o(.data)
    m_display_state                          0x20002800   Data           1  main.o(.data)
    m_power_off_on_failure                   0x20002801   Data           1  main.o(.data)
    id_mode_previously_enabled               0x20002802   Data           1  main.o(.data)
    m_identity_mode_active                   0x20002803   Data           1  main.o(.data)
    s_line_num                               0x20002804   Data           2  main.o(.data)
    response_str                             0x20002806   Data           2  main.o(.data)
    s_error_code                             0x20002808   Data           4  main.o(.data)
    buttons                                  0x2000280c   Data           8  main.o(.data)
    m_ipv6_medium                            0x20002814   Data           8  main.o(.data)
    response_str_led3_true                   0x20002824   Data          15  main.o(.data)
    response_str_led3_false                  0x20002833   Data          16  main.o(.data)
    response_str_led4_true                   0x20002843   Data          15  main.o(.data)
    response_str_led4_false                  0x20002852   Data          16  main.o(.data)
    .data                                    0x20002864   Section       36  pstorage.o(.data)
    m_state                                  0x20002864   Data           1  pstorage.o(.data)
    m_swap_sub_state                         0x20002865   Data           1  pstorage.o(.data)
    m_next_app_instance                      0x20002866   Data           2  pstorage.o(.data)
    m_flags                                  0x20002868   Data           4  pstorage.o(.data)
    m_next_page_addr                         0x2000286c   Data           4  pstorage.o(.data)
    m_head_word_size                         0x20002870   Data           4  pstorage.o(.data)
    m_tail_word_size                         0x20002874   Data           4  pstorage.o(.data)
    m_current_page_id                        0x20002878   Data           4  pstorage.o(.data)
    m_num_of_command_retries                 0x2000287c   Data           4  pstorage.o(.data)
    m_num_of_bytes_written                   0x20002880   Data           4  pstorage.o(.data)
    m_app_data_size                          0x20002884   Data           4  pstorage.o(.data)
    .data                                    0x20002888   Section      144  coap.o(.data)
    m_request_handler                        0x20002888   Data           4  coap.o(.data)
    m_token_seed                             0x2000288c   Data           4  coap.o(.data)
    m_message_id_counter                     0x20002890   Data           4  coap.o(.data)
    m_error_callback                         0x20002894   Data           4  coap.o(.data)
    m_coap_empty_message                     0x20002898   Data         128  coap.o(.data)
    .data                                    0x20002918   Section        1  coap_queue.o(.data)
    m_message_queue_count                    0x20002918   Data           1  coap_queue.o(.data)
    .data                                    0x2000291c   Section        4  coap_resource.o(.data)
    mp_root_resource                         0x2000291c   Data           4  coap_resource.o(.data)
    .data                                    0x20002920   Section        8  coap_transport_ipv6.o(.data)
    m_port_table                             0x20002920   Data           8  coap_transport_ipv6.o(.data)
    .data                                    0x20002928   Section        8  icmp6.o(.data)
    m_initialization_state                   0x20002928   Data           1  icmp6.o(.data)
    m_sequence_number                        0x2000292a   Data           2  icmp6.o(.data)
    m_event_handler                          0x2000292c   Data           4  icmp6.o(.data)
    .data                                    0x20002930   Section        1  iot_context_manager.o(.data)
    m_initialization_state                   0x20002930   Data           1  iot_context_manager.o(.data)
    .data                                    0x20002931   Section        1  iot_pbuffer.o(.data)
    m_initialization_state                   0x20002931   Data           1  iot_pbuffer.o(.data)
    .data                                    0x20002934   Section        8  iot_timer.o(.data)
    m_wall_clock                             0x20002934   Data           4  iot_timer.o(.data)
    m_clients                                0x20002938   Data           4  iot_timer.o(.data)
    .data                                    0x2000293c   Section       16  ipv6.o(.data)
    m_event_handler                          0x2000293c   Data           4  ipv6.o(.data)
    m_interfaces_count                       0x20002940   Data           4  ipv6.o(.data)
    m_interfaces                             0x20002944   Data           8  ipv6.o(.data)
    .data                                    0x2000294c   Section       43  ipv6_medium_ble.o(.data)
    m_connectable_mode_active                0x2000294c   Data           1  ipv6_medium_ble.o(.data)
    m_adv_params_applied                     0x2000294d   Data           1  ipv6_medium_ble.o(.data)
    m_conn_handle                            0x2000294e   Data           2  ipv6_medium_ble.o(.data)
    m_module_instance_id                     0x20002950   Data           4  ipv6_medium_ble.o(.data)
    m_ipv6_medium_evt_handler                0x20002954   Data           4  ipv6_medium_ble.o(.data)
    m_ipv6_medium_error_handler              0x20002958   Data           4  ipv6_medium_ble.o(.data)
    m_evt_schedule_func                      0x2000295c   Data           4  ipv6_medium_ble.o(.data)
    m_p_node_gap_params                      0x20002960   Data           4  ipv6_medium_ble.o(.data)
    m_p_node_adv_params                      0x20002964   Data           4  ipv6_medium_ble.o(.data)
    m_commissioning_id_mode_cb               0x20002968   Data           4  ipv6_medium_ble.o(.data)
    m_commissioning_power_off_cb             0x2000296c   Data           4  ipv6_medium_ble.o(.data)
    m_local_ble_addr                         0x20002970   Data           7  ipv6_medium_ble.o(.data)
    .data                                    0x20002977   Section        1  udp6.o(.data)
    m_initialization_state                   0x20002977   Data           1  udp6.o(.data)
    .data                                    0x20002978   Section        8  ble_ncfgs.o(.data)
    m_service_state                          0x20002978   Data           1  ble_ncfgs.o(.data)
    m_app_evt_handler                        0x2000297c   Data           4  ble_ncfgs.o(.data)
    .data                                    0x20002980   Section       28  commissioning.o(.data)
    m_power_off_on_failure                   0x20002980   Data           1  commissioning.o(.data)
    m_current_mode                           0x20002981   Data           1  commissioning.o(.data)
    m_next_mode                              0x20002982   Data           1  commissioning.o(.data)
    m_settings_block_size                    0x20002983   Data           1  commissioning.o(.data)
    m_conn_handle                            0x20002984   Data           2  commissioning.o(.data)
    m_config_mode_adv_uuids                  0x20002986   Data           4  commissioning.o(.data)
    m_joining_mode_adv_uuids                 0x2000298a   Data           4  commissioning.o(.data)
    m_commissioning_evt_handler              0x20002990   Data           4  commissioning.o(.data)
    m_settings_storage_handle                0x20002994   Data           8  commissioning.o(.data)
    .data                                    0x2000299c   Section       20  app_button.o(.data)
    m_button_count                           0x2000299c   Data           1  app_button.o(.data)
    mp_buttons                               0x200029a0   Data           4  app_button.o(.data)
    m_detection_delay                        0x200029a4   Data           4  app_button.o(.data)
    m_pin_state                              0x200029a8   Data           4  app_button.o(.data)
    m_pin_transition                         0x200029ac   Data           4  app_button.o(.data)
    .data                                    0x200029b0   Section       32  app_timer.o(.data)
    m_user_array_size                        0x200029b0   Data           1  app_timer.o(.data)
    m_ticks_elapsed_q_read_ind               0x200029b1   Data           1  app_timer.o(.data)
    m_ticks_elapsed_q_write_ind              0x200029b2   Data           1  app_timer.o(.data)
    m_rtc1_running                           0x200029b3   Data           1  app_timer.o(.data)
    m_rtc1_reset                             0x200029b4   Data           1  app_timer.o(.data)
    mp_users                                 0x200029b8   Data           4  app_timer.o(.data)
    mp_timer_id_head                         0x200029bc   Data           4  app_timer.o(.data)
    m_ticks_latest                           0x200029c0   Data           4  app_timer.o(.data)
    m_evt_schedule_func                      0x200029c4   Data           4  app_timer.o(.data)
    m_ticks_elapsed                          0x200029c8   Data           8  app_timer.o(.data)
    .data                                    0x200029d0   Section        8  mem_manager.o(.data)
    m_module_initialized                     0x200029d0   Data           1  mem_manager.o(.data)
    m_mem_pool                               0x200029d4   Data           4  mem_manager.o(.data)
    .data                                    0x200029d8   Section       20  softdevice_handler.o(.data)
    m_softdevice_enabled                     0x200029d8   Data           1  softdevice_handler.o(.data)
    m_ble_evt_buffer_size                    0x200029da   Data           2  softdevice_handler.o(.data)
    m_evt_schedule_func                      0x200029dc   Data           4  softdevice_handler.o(.data)
    mp_ble_evt_buffer                        0x200029e0   Data           4  softdevice_handler.o(.data)
    m_ble_evt_handler                        0x200029e4   Data           4  softdevice_handler.o(.data)
    m_sys_evt_handler                        0x200029e8   Data           4  softdevice_handler.o(.data)
    .data                                    0x200029ec   Section        4  system_nrf52.o(.data)
    __tagsym$$used                           0x200029ec   Number         0  system_nrf52.o(.data)
    .data                                    0x200029f0   Section       12  ble_6lowpan.o(.data)
    m_event_handler                          0x200029f0   Data           4  ble_6lowpan.o(.data)
    m_ll_addr                                0x200029f4   Data           8  ble_6lowpan.o(.data)
    .data                                    0x200029fc   Section        4  ble_ipsp.o(.data)
    m_evt_handler                            0x200029fc   Data           4  ble_ipsp.o(.data)
    .bss                                     0x20002a00   Section       32  main.o(.bss)
    m_iot_timer_tick_src_id_data             0x20002a00   Data          32  main.o(.bss)
    .bss                                     0x20002a20   Section     1304  main.o(.bss)
    s_file_name                              0x20002a20   Data         128  main.o(.bss)
    APP_TIMER_BUF                            0x20002aa0   Data         744  main.o(.bss)
    root                                     0x20002d88   Data          52  main.o(.bss)
    well_known                               0x20002dbc   Data          52  main.o(.bss)
    core                                     0x20002df0   Data          52  main.o(.bss)
    lights                                   0x20002e24   Data          52  main.o(.bss)
    led3                                     0x20002e58   Data          52  main.o(.bss)
    led4                                     0x20002e8c   Data          52  main.o(.bss)
    ipv6_medium_init_params                  0x20002ec0   Data          20  main.o(.bss)
    m_well_known_core                        0x20002ed4   Data         100  main.o(.bss)
    .bss                                     0x20002f38   Section       88  nrf_drv_gpiote.o(.bss)
    m_cb                                     0x20002f38   Data          88  nrf_drv_gpiote.o(.bss)
    .bss                                     0x20002f90   Section       24  nrf_drv_uart.o(.bss)
    m_cb                                     0x20002f90   Data          24  nrf_drv_uart.o(.bss)
    .bss                                     0x20002fa8   Section      628  pstorage.o(.bss)
    m_cmd_queue                              0x20002fa8   Data         604  pstorage.o(.bss)
    m_app_table                              0x20003204   Data          24  pstorage.o(.bss)
    .bss                                     0x2000321c   Section      240  coap_queue.o(.bss)
    m_queue                                  0x2000321c   Data         240  coap_queue.o(.bss)
    .bss                                     0x2000330c   Section      106  coap_resource.o(.bss)
    m_scratch_buffer                         0x2000330c   Data         106  coap_resource.o(.bss)
    .bss                                     0x20003378   Section      392  iot_context_manager.o(.bss)
    m_context_table                          0x20003378   Data         392  iot_context_manager.o(.bss)
    .bss                                     0x20003500   Section      200  iot_pbuffer.o(.bss)
    m_pbuffer                                0x20003500   Data         200  iot_pbuffer.o(.bss)
    .bss                                     0x200035c8   Section       76  ipv6.o(.bss)
    m_address_table                          0x200035c8   Data          60  ipv6.o(.bss)
    .bss                                     0x20003614   Section       72  ipv6_medium_ble.o(.bss)
    BLE_EVT_BUFFER                           0x20003614   Data          72  ipv6_medium_ble.o(.bss)
    .bss                                     0x2000365c   Section      132  udp6.o(.bss)
    m_socket                                 0x2000365c   Data         132  udp6.o(.bss)
    .bss                                     0x200036e0   Section       97  ble_ncfgs.o(.bss)
    m_database                               0x200036e0   Data          26  ble_ncfgs.o(.bss)
    m_ctrlp_value_buffer                     0x200036fa   Data          18  ble_ncfgs.o(.bss)
    m_ncfgs_data                             0x2000370c   Data          53  ble_ncfgs.o(.bss)
    .bss                                     0x20003748   Section      472  commissioning.o(.bss)
    m_node_settings                          0x20003748   Data          64  commissioning.o(.bss)
    m_commissioning_timers                   0x20003788   Data          48  commissioning.o(.bss)
    m_config_mode_gap_params                 0x200037b8   Data          20  commissioning.o(.bss)
    m_config_mode_adv_params                 0x200037cc   Data         160  commissioning.o(.bss)
    m_joining_mode_gap_params                0x2000386c   Data          20  commissioning.o(.bss)
    m_joining_mode_adv_params                0x20003880   Data         160  commissioning.o(.bss)
    .bss                                     0x20003920   Section       32  app_button.o(.bss)
    m_detection_delay_timer_id_data          0x20003920   Data          32  app_button.o(.bss)
    .bss                                     0x20003940   Section     4096  mem_manager.o(.bss)
    m_memory                                 0x20003940   Data        4096  mem_manager.o(.bss)
    .bss                                     0x20004940   Section      236  ble_6lowpan.o(.bss)
    m_instances                              0x20004940   Data         236  ble_6lowpan.o(.bss)
    .bss                                     0x20004a2c   Section     5132  ble_ipsp.o(.bss)
    m_channel                                0x20004a2c   Data          12  ble_ipsp.o(.bss)
    m_rx_buffer                              0x20004a38   Data        5120  ble_ipsp.o(.bss)
    STACK                                    0x20005e38   Section     8192  arm_startup_nrf52.o(STACK)

    Global Symbols

    Symbol Name                              Value     Ov Type        Size  Object(Section)

    BuildAttributes$$THM_ISAv4$E$P$D$K$B$S$7EM$VFPi3$EXTD16$VFPS$VFMA$PE$A:L22UL41UL21$X:L11$S22US41US21$IEEE1$IW$USESV6$~STKCKD$USESV7$~SHL$OSPACE$ROPI$EBA8$MICROLIB$REQ8$PRES8$EABIv2 0x00000000   Number         0  anon$$obj.o ABSOLUTE
    __ARM_use_no_argv                        0x00000000   Number         0  main.o ABSOLUTE
    _printf_a                                0x00000000   Number         0  stubs.o ABSOLUTE
    _printf_c                                0x00000000   Number         0  stubs.o ABSOLUTE
    _printf_charcount                        0x00000000   Number         0  stubs.o ABSOLUTE
    _printf_d                                0x00000000   Number         0  stubs.o ABSOLUTE
    _printf_e                                0x00000000   Number         0  stubs.o ABSOLUTE
    _printf_f                                0x00000000   Number         0  stubs.o ABSOLUTE
    _printf_flags                            0x00000000   Number         0  stubs.o ABSOLUTE
    _printf_fp_dec                           0x00000000   Number         0  stubs.o ABSOLUTE
    _printf_fp_hex                           0x00000000   Number         0  stubs.o ABSOLUTE
    _printf_g                                0x00000000   Number         0  stubs.o ABSOLUTE
    _printf_i                                0x00000000   Number         0  stubs.o ABSOLUTE
    _printf_int_dec                          0x00000000   Number         0  stubs.o ABSOLUTE
    _printf_l                                0x00000000   Number         0  stubs.o ABSOLUTE
    _printf_lc                               0x00000000   Number         0  stubs.o ABSOLUTE
    _printf_ll                               0x00000000   Number         0  stubs.o ABSOLUTE
    _printf_lld                              0x00000000   Number         0  stubs.o ABSOLUTE
    _printf_lli                              0x00000000   Number         0  stubs.o ABSOLUTE
    _printf_llo                              0x00000000   Number         0  stubs.o ABSOLUTE
    _printf_llu                              0x00000000   Number         0  stubs.o ABSOLUTE
    _printf_llx                              0x00000000   Number         0  stubs.o ABSOLUTE
    _printf_longlong_dec                     0x00000000   Number         0  stubs.o ABSOLUTE
    _printf_longlong_hex                     0x00000000   Number         0  stubs.o ABSOLUTE
    _printf_longlong_oct                     0x00000000   Number         0  stubs.o ABSOLUTE
    _printf_ls                               0x00000000   Number         0  stubs.o ABSOLUTE
    _printf_mbtowc                           0x00000000   Number         0  stubs.o ABSOLUTE
    _printf_n                                0x00000000   Number         0  stubs.o ABSOLUTE
    _printf_o                                0x00000000   Number         0  stubs.o ABSOLUTE
    _printf_p                                0x00000000   Number         0  stubs.o ABSOLUTE
    _printf_percent                          0x00000000   Number         0  stubs.o ABSOLUTE
    _printf_pre_padding                      0x00000000   Number         0  stubs.o ABSOLUTE
    _printf_return_value                     0x00000000   Number         0  stubs.o ABSOLUTE
    _printf_s                                0x00000000   Number         0  stubs.o ABSOLUTE
    _printf_sizespec                         0x00000000   Number         0  stubs.o ABSOLUTE
    _printf_str                              0x00000000   Number         0  stubs.o ABSOLUTE
    _printf_truncate_signed                  0x00000000   Number         0  stubs.o ABSOLUTE
    _printf_truncate_unsigned                0x00000000   Number         0  stubs.o ABSOLUTE
    _printf_u                                0x00000000   Number         0  stubs.o ABSOLUTE
    _printf_wc                               0x00000000   Number         0  stubs.o ABSOLUTE
    _printf_wctomb                           0x00000000   Number         0  stubs.o ABSOLUTE
    _printf_widthprec                        0x00000000   Number         0  stubs.o ABSOLUTE
    _printf_x                                0x00000000   Number         0  stubs.o ABSOLUTE
    __cpp_initialize__aeabi_                  - Undefined Weak Reference
    __cxa_finalize                            - Undefined Weak Reference
    _clock_init                               - Undefined Weak Reference
    _microlib_exit                            - Undefined Weak Reference
    _scanf_longlong                           - Undefined Weak Reference
    _scanf_real                               - Undefined Weak Reference
    _scanf_string                             - Undefined Weak Reference
    __Vectors_Size                           0x00000400   Number         0  arm_startup_nrf52.o ABSOLUTE
    __Vectors                                0x0001f000   Data           4  arm_startup_nrf52.o(RESET)
    __Vectors_End                            0x0001f400   Data           0  arm_startup_nrf52.o(RESET)
    __main                                   0x0001f401   Thumb Code     0  entry.o(.ARM.Collect$$$$00000000)
    _main_stk                                0x0001f401   Thumb Code     0  entry2.o(.ARM.Collect$$$$00000001)
    _main_scatterload                        0x0001f405   Thumb Code     0  entry5.o(.ARM.Collect$$$$00000004)
    __main_after_scatterload                 0x0001f409   Thumb Code     0  entry5.o(.ARM.Collect$$$$00000004)
    _main_clock                              0x0001f409   Thumb Code     0  entry7b.o(.ARM.Collect$$$$00000008)
    _main_cpp_init                           0x0001f409   Thumb Code     0  entry8b.o(.ARM.Collect$$$$0000000A)
    _main_init                               0x0001f409   Thumb Code     0  entry9a.o(.ARM.Collect$$$$0000000B)
    __rt_final_cpp                           0x0001f411   Thumb Code     0  entry10a.o(.ARM.Collect$$$$0000000D)
    __rt_final_exit                          0x0001f411   Thumb Code     0  entry11a.o(.ARM.Collect$$$$0000000F)
    __asm___11_nrf_delay_c_532987f3__nrf_delay_us 0x0001f415   Thumb Code   118  nrf_delay.o(.emb_text)
    __asm___11_app_timer_c_cd27f9c3__nrf_delay_us 0x0001f48d   Thumb Code   118  app_timer.o(.emb_text)
    Reset_Handler                            0x0001f505   Thumb Code     8  arm_startup_nrf52.o(.text)
    NMI_Handler                              0x0001f50d   Thumb Code     2  arm_startup_nrf52.o(.text)
    HardFault_Handler                        0x0001f50f   Thumb Code     2  arm_startup_nrf52.o(.text)
    MemoryManagement_Handler                 0x0001f511   Thumb Code     2  arm_startup_nrf52.o(.text)
    BusFault_Handler                         0x0001f513   Thumb Code     2  arm_startup_nrf52.o(.text)
    UsageFault_Handler                       0x0001f515   Thumb Code     2  arm_startup_nrf52.o(.text)
    SVC_Handler                              0x0001f517   Thumb Code     2  arm_startup_nrf52.o(.text)
    PendSV_Handler                           0x0001f519   Thumb Code     2  arm_startup_nrf52.o(.text)
    SysTick_Handler                          0x0001f51b   Thumb Code     2  arm_startup_nrf52.o(.text)
    CCM_AAR_IRQHandler                       0x0001f51d   Thumb Code     0  arm_startup_nrf52.o(.text)
    COMP_LPCOMP_IRQHandler                   0x0001f51d   Thumb Code     0  arm_startup_nrf52.o(.text)
    ECB_IRQHandler                           0x0001f51d   Thumb Code     0  arm_startup_nrf52.o(.text)
    I2S_IRQHandler                           0x0001f51d   Thumb Code     0  arm_startup_nrf52.o(.text)
    MWU_IRQHandler                           0x0001f51d   Thumb Code     0  arm_startup_nrf52.o(.text)
    NFCT_IRQHandler                          0x0001f51d   Thumb Code     0  arm_startup_nrf52.o(.text)
    PDM_IRQHandler                           0x0001f51d   Thumb Code     0  arm_startup_nrf52.o(.text)
    POWER_CLOCK_IRQHandler                   0x0001f51d   Thumb Code     0  arm_startup_nrf52.o(.text)
    PWM0_IRQHandler                          0x0001f51d   Thumb Code     0  arm_startup_nrf52.o(.text)
    PWM1_IRQHandler                          0x0001f51d   Thumb Code     0  arm_startup_nrf52.o(.text)
    PWM2_IRQHandler                          0x0001f51d   Thumb Code     0  arm_startup_nrf52.o(.text)
    QDEC_IRQHandler                          0x0001f51d   Thumb Code     0  arm_startup_nrf52.o(.text)
    RADIO_IRQHandler                         0x0001f51d   Thumb Code     0  arm_startup_nrf52.o(.text)
    RNG_IRQHandler                           0x0001f51d   Thumb Code     0  arm_startup_nrf52.o(.text)
    RTC0_IRQHandler                          0x0001f51d   Thumb Code     0  arm_startup_nrf52.o(.text)
    RTC2_IRQHandler                          0x0001f51d   Thumb Code     0  arm_startup_nrf52.o(.text)
    SAADC_IRQHandler                         0x0001f51d   Thumb Code     0  arm_startup_nrf52.o(.text)
    SPIM0_SPIS0_TWIM0_TWIS0_SPI0_TWI0_IRQHandler 0x0001f51d   Thumb Code     0  arm_startup_nrf52.o(.text)
    SPIM1_SPIS1_TWIM1_TWIS1_SPI1_TWI1_IRQHandler 0x0001f51d   Thumb Code     0  arm_startup_nrf52.o(.text)
    SPIM2_SPIS2_SPI2_IRQHandler              0x0001f51d   Thumb Code     0  arm_startup_nrf52.o(.text)
    SWI1_EGU1_IRQHandler                     0x0001f51d   Thumb Code     0  arm_startup_nrf52.o(.text)
    SWI3_EGU3_IRQHandler                     0x0001f51d   Thumb Code     0  arm_startup_nrf52.o(.text)
    SWI4_EGU4_IRQHandler                     0x0001f51d   Thumb Code     0  arm_startup_nrf52.o(.text)
    SWI5_EGU5_IRQHandler                     0x0001f51d   Thumb Code     0  arm_startup_nrf52.o(.text)
    TEMP_IRQHandler                          0x0001f51d   Thumb Code     0  arm_startup_nrf52.o(.text)
    TIMER0_IRQHandler                        0x0001f51d   Thumb Code     0  arm_startup_nrf52.o(.text)
    TIMER1_IRQHandler                        0x0001f51d   Thumb Code     0  arm_startup_nrf52.o(.text)
    TIMER2_IRQHandler                        0x0001f51d   Thumb Code     0  arm_startup_nrf52.o(.text)
    TIMER3_IRQHandler                        0x0001f51d   Thumb Code     0  arm_startup_nrf52.o(.text)
    TIMER4_IRQHandler                        0x0001f51d   Thumb Code     0  arm_startup_nrf52.o(.text)
    WDT_IRQHandler                           0x0001f51d   Thumb Code     0  arm_startup_nrf52.o(.text)
    __aeabi_memcpy                           0x0001f529   Thumb Code    36  memcpya.o(.text)
    __aeabi_memcpy4                          0x0001f529   Thumb Code     0  memcpya.o(.text)
    __aeabi_memcpy8                          0x0001f529   Thumb Code     0  memcpya.o(.text)
    __aeabi_memset                           0x0001f54d   Thumb Code    14  memseta.o(.text)
    __aeabi_memset4                          0x0001f54d   Thumb Code     0  memseta.o(.text)
    __aeabi_memset8                          0x0001f54d   Thumb Code     0  memseta.o(.text)
    __aeabi_memclr                           0x0001f55b   Thumb Code     4  memseta.o(.text)
    __aeabi_memclr4                          0x0001f55b   Thumb Code     0  memseta.o(.text)
    __aeabi_memclr8                          0x0001f55b   Thumb Code     0  memseta.o(.text)
    _memset$wrapper                          0x0001f55f   Thumb Code    18  memseta.o(.text)
    strncpy                                  0x0001f571   Thumb Code    24  strncpy.o(.text)
    strlen                                   0x0001f589   Thumb Code    14  strlen.o(.text)
    memcmp                                   0x0001f597   Thumb Code    26  memcmp.o(.text)
    strncmp                                  0x0001f5b1   Thumb Code    30  strncmp.o(.text)
    __aeabi_uidiv                            0x0001f5cf   Thumb Code     0  uidiv.o(.text)
    __aeabi_uidivmod                         0x0001f5cf   Thumb Code    44  uidiv.o(.text)
    __scatterload                            0x0001f5fd   Thumb Code    28  init.o(.text)
    __scatterload_rt2                        0x0001f5fd   Thumb Code     0  init.o(.text)
    __decompress                             0x0001f621   Thumb Code     0  __dczerorl2.o(.text)
    __decompress1                            0x0001f621   Thumb Code    86  __dczerorl2.o(.text)
    GPIOTE_IRQHandler                        0x0001f679   Thumb Code   246  nrf_drv_gpiote.o(i.GPIOTE_IRQHandler)
    RTC1_IRQHandler                          0x0001f7e1   Thumb Code    32  app_timer.o(i.RTC1_IRQHandler)
    SWI0_EGU0_IRQHandler                     0x0001f805   Thumb Code     4  app_timer.o(i.SWI0_EGU0_IRQHandler)
    SWI2_EGU2_IRQHandler                     0x0001f809   Thumb Code    36  softdevice_handler.o(i.SWI2_EGU2_IRQHandler)
    SystemInit                               0x0001f831   Thumb Code   254  system_nrf52.o(i.SystemInit)
    UARTE0_UART0_IRQHandler                  0x0001f951   Thumb Code   390  nrf_drv_uart.o(i.UARTE0_UART0_IRQHandler)
    __0sprintf$1                             0x0001fae1   Thumb Code    34  printf1.o(i.__0sprintf$1)
    __1sprintf$1                             0x0001fae1   Thumb Code     0  printf1.o(i.__0sprintf$1)
    __2sprintf                               0x0001fae1   Thumb Code     0  printf1.o(i.__0sprintf$1)
    __scatterload_copy                       0x0001fb09   Thumb Code    14  handlers.o(i.__scatterload_copy)
    __scatterload_null                       0x0001fb17   Thumb Code     2  handlers.o(i.__scatterload_null)
    __scatterload_zeroinit                   0x0001fb19   Thumb Code    14  handlers.o(i.__scatterload_zeroinit)
    adv_data_encode                          0x0001ffe5   Thumb Code   514  ble_advdata.o(i.adv_data_encode)
    app_button_enable                        0x0002020d   Thumb Code    32  app_button.o(i.app_button_enable)
    app_button_init                          0x00020231   Thumb Code    96  app_button.o(i.app_button_init)
    app_error_handler                        0x000202a5   Thumb Code    92  main.o(i.app_error_handler)
    app_timer_create                         0x00020375   Thumb Code    32  app_timer.o(i.app_timer_create)
    app_timer_init                           0x00020399   Thumb Code   134  app_timer.o(i.app_timer_init)
    app_timer_start                          0x00020429   Thumb Code   118  app_timer.o(i.app_timer_start)
    app_timer_stop                           0x000204a9   Thumb Code    76  app_timer.o(i.app_timer_stop)
    ble_6lowpan_init                         0x000205f9   Thumb Code    52  ble_6lowpan.o(i.ble_6lowpan_init)
    ble_6lowpan_interface_send               0x00020635   Thumb Code   184  ble_6lowpan.o(i.ble_6lowpan_interface_send)
    ble_advdata_set                          0x000206f5   Thumb Code   104  ble_advdata.o(i.ble_advdata_set)
    ble_ipsp_disconnect                      0x000207d5   Thumb Code    78  ble_ipsp.o(i.ble_ipsp_disconnect)
    ble_ipsp_evt_handler                     0x0002082d   Thumb Code   744  ble_ipsp.o(i.ble_ipsp_evt_handler)
    ble_ipsp_init                            0x00020b1d   Thumb Code    58  ble_ipsp.o(i.ble_ipsp_init)
    ble_ipsp_send                            0x00020b5d   Thumb Code    72  ble_ipsp.o(i.ble_ipsp_send)
    ble_ncfgs_ble_evt_handler                0x00020ba9   Thumb Code   258  ble_ncfgs.o(i.ble_ncfgs_ble_evt_handler)
    ble_ncfgs_init                           0x00020d09   Thumb Code    24  ble_ncfgs.o(i.ble_ncfgs_init)
    coap_error_handler_register              0x00021221   Thumb Code     8  coap.o(i.coap_error_handler_register)
    coap_init                                0x0002122d   Thumb Code    44  coap.o(i.coap_init)
    coap_message_accept_mask_get             0x0002125d   Thumb Code    76  coap_message.o(i.coap_message_accept_mask_get)
    coap_message_create                      0x000212a9   Thumb Code    82  coap_message.o(i.coap_message_create)
    coap_message_ct_match_select             0x000212fb   Thumb Code   114  coap_message.o(i.coap_message_ct_match_select)
    coap_message_decode                      0x0002136d   Thumb Code   198  coap_message.o(i.coap_message_decode)
    coap_message_delete                      0x00021433   Thumb Code    20  coap.o(i.coap_message_delete)
    coap_message_encode                      0x00021449   Thumb Code   240  coap_message.o(i.coap_message_encode)
    coap_message_new                         0x00021539   Thumb Code   110  coap.o(i.coap_message_new)
    coap_message_opt_uint_add                0x000215ad   Thumb Code   136  coap_message.o(i.coap_message_opt_uint_add)
    coap_message_payload_set                 0x00021635   Thumb Code    24  coap_message.o(i.coap_message_payload_set)
    coap_message_remote_addr_set             0x0002164d   Thumb Code    12  coap_message.o(i.coap_message_remote_addr_set)
    coap_message_send                        0x00021659   Thumb Code     4  coap.o(i.coap_message_send)
    coap_opt_uint_decode                     0x0002165d   Thumb Code   120  coap_option.o(i.coap_opt_uint_decode)
    coap_opt_uint_encode                     0x000216d5   Thumb Code    86  coap_option.o(i.coap_opt_uint_encode)
    coap_queue_add                           0x0002172d   Thumb Code    82  coap_queue.o(i.coap_queue_add)
    coap_queue_init                          0x00021789   Thumb Code    42  coap_queue.o(i.coap_queue_init)
    coap_queue_item_by_mid_get               0x000217bd   Thumb Code    50  coap_queue.o(i.coap_queue_item_by_mid_get)
    coap_queue_item_by_token_get             0x000217f5   Thumb Code    72  coap_queue.o(i.coap_queue_item_by_token_get)
    coap_queue_item_next_get                 0x00021841   Thumb Code    80  coap_queue.o(i.coap_queue_item_next_get)
    coap_queue_remove                        0x00021895   Thumb Code    60  coap_queue.o(i.coap_queue_remove)
    coap_resource_child_add                  0x000218d9   Thumb Code    36  coap_resource.o(i.coap_resource_child_add)
    coap_resource_create                     0x000218fd   Thumb Code    68  coap_resource.o(i.coap_resource_create)
    coap_resource_get                        0x00021945   Thumb Code   100  coap_resource.o(i.coap_resource_get)
    coap_resource_init                       0x000219ad   Thumb Code     8  coap_resource.o(i.coap_resource_init)
    coap_resource_well_known_generate        0x000219b9   Thumb Code    70  coap_resource.o(i.coap_resource_well_known_generate)
    coap_time_tick                           0x00021a05   Thumb Code   128  coap.o(i.coap_time_tick)
    coap_transport_init                      0x00021a85   Thumb Code    84  coap_transport_ipv6.o(i.coap_transport_init)
    coap_transport_process                   0x00021ae5   Thumb Code     2  coap_transport_ipv6.o(i.coap_transport_process)
    coap_transport_read                      0x00021ae9   Thumb Code   578  coap.o(i.coap_transport_read)
    coap_transport_write                     0x00021d31   Thumb Code   130  coap_transport_ipv6.o(i.coap_transport_write)
    commissioning_adv_params_get             0x00021df9   Thumb Code    28  commissioning.o(i.commissioning_adv_params_get)
    commissioning_ble_evt_handler            0x00021e1d   Thumb Code   232  commissioning.o(i.commissioning_ble_evt_handler)
    commissioning_evt_handler                0x00021f0d   Thumb Code   114  ipv6_medium_ble.o(i.commissioning_evt_handler)
    commissioning_gap_params_get             0x00021f85   Thumb Code    28  commissioning.o(i.commissioning_gap_params_get)
    commissioning_id_mode_cb                 0x00021fa9   Thumb Code    36  main.o(i.commissioning_id_mode_cb)
    commissioning_init                       0x00021fd5   Thumb Code   230  commissioning.o(i.commissioning_init)
    commissioning_joining_mode_timer_ctrl    0x000220dd   Thumb Code    26  commissioning.o(i.commissioning_joining_mode_timer_ctrl)
    commissioning_node_mode_change           0x000220fd   Thumb Code   134  commissioning.o(i.commissioning_node_mode_change)
    commissioning_power_off_cb               0x0002218d   Thumb Code     6  main.o(i.commissioning_power_off_cb)
    commissioning_settings_clear             0x00022199   Thumb Code    38  commissioning.o(i.commissioning_settings_clear)
    commissioning_time_tick                  0x000221c9   Thumb Code    52  commissioning.o(i.commissioning_time_tick)
    icmp6_handler                            0x00022ec9   Thumb Code     4  main.o(i.icmp6_handler)
    icmp6_init                               0x00022ecd   Thumb Code    14  icmp6.o(i.icmp6_init)
    icmp6_input                              0x00022ee1   Thumb Code   222  icmp6.o(i.icmp6_input)
    icmp6_receive_register                   0x00022fc5   Thumb Code    26  icmp6.o(i.icmp6_receive_register)
    icmp6_rs_send                            0x00022fe5   Thumb Code   266  icmp6.o(i.icmp6_rs_send)
    identity_mode_timeout_handler            0x00023109   Thumb Code    24  commissioning.o(i.identity_mode_timeout_handler)
    intern_softdevice_events_execute         0x000231cd   Thumb Code   114  softdevice_handler.o(i.intern_softdevice_events_execute)
    internal_coap_message_send               0x00023245   Thumb Code   262  coap.o(i.internal_coap_message_send)
    iot_context_manager_get_by_addr          0x0002334d   Thumb Code    58  iot_context_manager.o(i.iot_context_manager_get_by_addr)
    iot_context_manager_get_by_cid           0x0002338d   Thumb Code    64  iot_context_manager.o(i.iot_context_manager_get_by_cid)
    iot_context_manager_init                 0x000233d1   Thumb Code    18  iot_context_manager.o(i.iot_context_manager_init)
    iot_context_manager_remove               0x000233e9   Thumb Code    80  iot_context_manager.o(i.iot_context_manager_remove)
    iot_context_manager_table_alloc          0x00023441   Thumb Code    60  iot_context_manager.o(i.iot_context_manager_table_alloc)
    iot_context_manager_table_free           0x00023485   Thumb Code    46  iot_context_manager.o(i.iot_context_manager_table_free)
    iot_context_manager_update               0x000234b9   Thumb Code   236  iot_context_manager.o(i.iot_context_manager_update)
    iot_pbuffer_allocate                     0x000235ad   Thumb Code   110  iot_pbuffer.o(i.iot_pbuffer_allocate)
    iot_pbuffer_free                         0x00023621   Thumb Code    58  iot_pbuffer.o(i.iot_pbuffer_free)
    iot_pbuffer_init                         0x00023661   Thumb Code    36  iot_pbuffer.o(i.iot_pbuffer_init)
    iot_timer_client_list_set                0x0002368d   Thumb Code    68  iot_timer.o(i.iot_timer_client_list_set)
    iot_timer_update                         0x000236ed   Thumb Code    72  iot_timer.o(i.iot_timer_update)
    ipv6_address_find_best_match             0x00024291   Thumb Code   210  ipv6.o(i.ipv6_address_find_best_match)
    ipv6_address_remove                      0x0002436d   Thumb Code   108  ipv6.o(i.ipv6_address_remove)
    ipv6_address_set                         0x000243e1   Thumb Code    28  ipv6.o(i.ipv6_address_set)
    ipv6_checksum_calculate                  0x00024401   Thumb Code    94  ipv6_utils.o(i.ipv6_checksum_calculate)
    ipv6_header_init                         0x0002445f   Thumb Code    22  ipv6_utils.o(i.ipv6_header_init)
    ipv6_init                                0x00024475   Thumb Code   102  ipv6.o(i.ipv6_init)
    ipv6_medium_connectable_mode_enter       0x00024549   Thumb Code    62  ipv6_medium_ble.o(i.ipv6_medium_connectable_mode_enter)
    ipv6_medium_connectable_mode_exit        0x0002458d   Thumb Code    26  ipv6_medium_ble.o(i.ipv6_medium_connectable_mode_exit)
    ipv6_medium_eui48_get                    0x000245ad   Thumb Code    34  ipv6_medium_ble.o(i.ipv6_medium_eui48_get)
    ipv6_medium_eui48_set                    0x000245d5   Thumb Code    42  ipv6_medium_ble.o(i.ipv6_medium_eui48_set)
    ipv6_medium_eui64_get                    0x00024605   Thumb Code    96  ipv6_medium_ble.o(i.ipv6_medium_eui64_get)
    ipv6_medium_init                         0x00024669   Thumb Code    84  ipv6_medium_ble.o(i.ipv6_medium_init)
    ipv6_send                                0x000246c5   Thumb Code    52  ipv6.o(i.ipv6_send)
    joining_mode_timeout_handler             0x00024895   Thumb Code    40  commissioning.o(i.joining_mode_timeout_handler)
    main                                     0x00024b21   Thumb Code   390  main.o(i.main)
    nrf_delay_ms                             0x00024df1   Thumb Code    26  nrf_delay.o(i.nrf_delay_ms)
    nrf_drv_common_irq_enable                0x00024e0b   Thumb Code    56  nrf_drv_common.o(i.nrf_drv_common_irq_enable)
    nrf_drv_gpiote_in_event_enable           0x00024e45   Thumb Code   150  nrf_drv_gpiote.o(i.nrf_drv_gpiote_in_event_enable)
    nrf_drv_gpiote_in_init                   0x00024ee9   Thumb Code   170  nrf_drv_gpiote.o(i.nrf_drv_gpiote_in_init)
    nrf_drv_gpiote_in_is_set                 0x00024fa1   Thumb Code    16  nrf_drv_gpiote.o(i.nrf_drv_gpiote_in_is_set)
    nrf_drv_gpiote_init                      0x00024fb5   Thumb Code    76  nrf_drv_gpiote.o(i.nrf_drv_gpiote_init)
    nrf_drv_gpiote_is_init                   0x00025009   Thumb Code    14  nrf_drv_gpiote.o(i.nrf_drv_gpiote_is_init)
    nrf_free                                 0x0002501d   Thumb Code    56  mem_manager.o(i.nrf_free)
    nrf_mem_init                             0x000250c1   Thumb Code    26  mem_manager.o(i.nrf_mem_init)
    nrf_mem_reserve                          0x000250e1   Thumb Code   168  mem_manager.o(i.nrf_mem_reserve)
    on_ble_ncfgs_evt                         0x00025235   Thumb Code   188  commissioning.o(i.on_ble_ncfgs_evt)
    pstorage_clear                           0x00025451   Thumb Code   148  pstorage.o(i.pstorage_clear)
    pstorage_init                            0x000254f9   Thumb Code    88  pstorage.o(i.pstorage_init)
    pstorage_load                            0x0002555d   Thumb Code   158  pstorage.o(i.pstorage_load)
    pstorage_register                        0x00025605   Thumb Code   172  pstorage.o(i.pstorage_register)
    pstorage_sys_event_handler               0x000256b9   Thumb Code    66  pstorage.o(i.pstorage_sys_event_handler)
    pstorage_update                          0x00025701   Thumb Code   128  pstorage.o(i.pstorage_update)
    softdevice_assertion_handler             0x00025ac9   Thumb Code    12  softdevice_handler.o(i.softdevice_assertion_handler)
    softdevice_ble_evt_handler_set           0x00025ad5   Thumb Code    14  softdevice_handler.o(i.softdevice_ble_evt_handler_set)
    softdevice_handler_init                  0x00025ae9   Thumb Code    38  softdevice_handler.o(i.softdevice_handler_init)
    softdevice_sys_evt_handler_set           0x00025b19   Thumb Code    14  softdevice_handler.o(i.softdevice_sys_evt_handler_set)
    udp6_socket_allocate                     0x00025f5d   Thumb Code    68  udp6.o(i.udp6_socket_allocate)
    udp6_socket_app_data_set                 0x00025fa9   Thumb Code    54  udp6.o(i.udp6_socket_app_data_set)
    udp6_socket_bind                         0x00025fe9   Thumb Code   122  udp6.o(i.udp6_socket_bind)
    udp6_socket_free                         0x0002606d   Thumb Code    56  udp6.o(i.udp6_socket_free)
    udp6_socket_recv                         0x000260ad   Thumb Code    66  udp6.o(i.udp6_socket_recv)
    udp6_socket_sendto                       0x000260f9   Thumb Code   314  udp6.o(i.udp6_socket_sendto)
    udp_init                                 0x00026241   Thumb Code    40  udp6.o(i.udp_init)
    udp_input                                0x00026271   Thumb Code   354  udp6.o(i.udp_input)
    well_known_core_callback                 0x00026541   Thumb Code   216  main.o(i.well_known_core_callback)
    Region$$Table$$Base                      0x00026720   Number         0  anon$$obj.o(Region$$Table)
    Region$$Table$$Limit                     0x00026740   Number         0  anon$$obj.o(Region$$Table)
    eui64_local_iid                          0x2000281c   Data           8  main.o(.data)
    SystemCoreClock                          0x200029ec   Data           4  system_nrf52.o(.data)
    ipv6_addr_any                            0x20003604   Data          16  ipv6.o(.bss)
    __initial_sp                             0x20007e38   Data           0  arm_startup_nrf52.o(STACK)



==============================================================================

Memory Map of the image

  Image Entry point : 0x0001f401

  Load Region LR_IROM1 (Base: 0x0001f000, Size: 0x00007940, Max: 0x00061000, ABSOLUTE, COMPRESSED[0x00007788])

    Execution Region ER_IROM1 (Base: 0x0001f000, Size: 0x00007740, Max: 0x00061000, ABSOLUTE)

    Base Addr    Size         Type   Attr      Idx    E Section Name        Object

    0x0001f000   0x00000400   Data   RO         3099    RESET               arm_startup_nrf52.o
    0x0001f400   0x00000000   Code   RO         3198  * .ARM.Collect$$$$00000000  mc_w.l(entry.o)
    0x0001f400   0x00000004   Code   RO         3482    .ARM.Collect$$$$00000001  mc_w.l(entry2.o)
    0x0001f404   0x00000004   Code   RO         3485    .ARM.Collect$$$$00000004  mc_w.l(entry5.o)
    0x0001f408   0x00000000   Code   RO         3487    .ARM.Collect$$$$00000008  mc_w.l(entry7b.o)
    0x0001f408   0x00000000   Code   RO         3489    .ARM.Collect$$$$0000000A  mc_w.l(entry8b.o)
    0x0001f408   0x00000008   Code   RO         3490    .ARM.Collect$$$$0000000B  mc_w.l(entry9a.o)
    0x0001f410   0x00000000   Code   RO         3492    .ARM.Collect$$$$0000000D  mc_w.l(entry10a.o)
    0x0001f410   0x00000000   Code   RO         3494    .ARM.Collect$$$$0000000F  mc_w.l(entry11a.o)
    0x0001f410   0x00000004   Code   RO         3483    .ARM.Collect$$$$00002712  mc_w.l(entry2.o)
    0x0001f414   0x00000076   Code   RO          751    .emb_text           nrf_delay.o
    0x0001f48a   0x00000002   PAD
    0x0001f48c   0x00000076   Code   RO         2756    .emb_text           app_timer.o
    0x0001f502   0x00000002   PAD
    0x0001f504   0x00000024   Code   RO         3100    .text               arm_startup_nrf52.o
    0x0001f528   0x00000024   Code   RO         3201    .text               mc_w.l(memcpya.o)
    0x0001f54c   0x00000024   Code   RO         3203    .text               mc_w.l(memseta.o)
    0x0001f570   0x00000018   Code   RO         3207    .text               mc_w.l(strncpy.o)
    0x0001f588   0x0000000e   Code   RO         3209    .text               mc_w.l(strlen.o)
    0x0001f596   0x0000001a   Code   RO         3211    .text               mc_w.l(memcmp.o)
    0x0001f5b0   0x0000001e   Code   RO         3213    .text               mc_w.l(strncmp.o)
    0x0001f5ce   0x0000002c   Code   RO         3496    .text               mc_w.l(uidiv.o)
    0x0001f5fa   0x00000002   PAD
    0x0001f5fc   0x00000024   Code   RO         3517    .text               mc_w.l(init.o)
    0x0001f620   0x00000056   Code   RO         3542    .text               mc_w.l(__dczerorl2.o)
    0x0001f676   0x00000002   PAD
    0x0001f678   0x00000104   Code   RO          814    i.GPIOTE_IRQHandler  nrf_drv_gpiote.o
    0x0001f77c   0x00000016   Code   RO         2757    i.NVIC_ClearPendingIRQ  app_timer.o
    0x0001f792   0x00000016   Code   RO         2758    i.NVIC_EnableIRQ    app_timer.o
    0x0001f7a8   0x00000016   Code   RO         2759    i.NVIC_SetPendingIRQ  app_timer.o
    0x0001f7be   0x00000020   Code   RO         2760    i.NVIC_SetPriority  app_timer.o
    0x0001f7de   0x00000002   PAD
    0x0001f7e0   0x00000024   Code   RO         2761    i.RTC1_IRQHandler   app_timer.o
    0x0001f804   0x00000004   Code   RO         2762    i.SWI0_EGU0_IRQHandler  app_timer.o
    0x0001f808   0x00000028   Code   RO         3032    i.SWI2_EGU2_IRQHandler  softdevice_handler.o
    0x0001f830   0x00000120   Code   RO         3108    i.SystemInit        system_nrf52.o
    0x0001f950   0x00000190   Code   RO         1013    i.UARTE0_UART0_IRQHandler  nrf_drv_uart.o
    0x0001fae0   0x00000028   Code   RO         3264    i.__0sprintf$1      mc_w.l(printf1.o)
    0x0001fb08   0x0000000e   Code   RO         3536    i.__scatterload_copy  mc_w.l(handlers.o)
    0x0001fb16   0x00000002   Code   RO         3537    i.__scatterload_null  mc_w.l(handlers.o)
    0x0001fb18   0x0000000e   Code   RO         3538    i.__scatterload_zeroinit  mc_w.l(handlers.o)
    0x0001fb26   0x00000002   PAD
    0x0001fb28   0x00000154   Code   RO         3269    i._printf_core      mc_w.l(printf1.o)
    0x0001fc7c   0x0000000a   Code   RO         3271    i._sputc            mc_w.l(printf1.o)
    0x0001fc86   0x00000002   PAD
    0x0001fc88   0x0000000c   Code   RO         2467    i.action_timeout_handler  commissioning.o
    0x0001fc94   0x000000a0   Code   RO         2417    i.add_ip_cfg_cp_characteristic  ble_ncfgs.o
    0x0001fd34   0x000000a0   Code   RO         2418    i.add_keys_store_characteristic  ble_ncfgs.o
    0x0001fdd4   0x0000001e   Code   RO         1845    i.add_sllao_opt     icmp6.o
    0x0001fdf2   0x00000002   PAD
    0x0001fdf4   0x000000a0   Code   RO         2419    i.add_ssid_characteristic  ble_ncfgs.o
    0x0001fe94   0x00000074   Code   RO         2097    i.addr_check        ipv6.o
    0x0001ff08   0x0000003c   Code   RO         2098    i.addr_free         ipv6.o
    0x0001ff44   0x000000a0   Code   RO         2099    i.addr_set          ipv6.o
    0x0001ffe4   0x00000202   Code   RO          492    i.adv_data_encode   ble_advdata.o
    0x000201e6   0x00000002   PAD
    0x000201e8   0x00000024   Code   RO         2192    i.adv_params_apply  ipv6_medium_ble.o
    0x0002020c   0x00000024   Code   RO         2616    i.app_button_enable  app_button.o
    0x00020230   0x00000070   Code   RO         2617    i.app_button_init   app_button.o
    0x000202a0   0x00000004   Code   RO            5    i.app_coap_time_tick  main.o
    0x000202a4   0x00000070   Code   RO            6    i.app_error_handler  main.o
    0x00020314   0x00000010   Code   RO         1423    i.app_error_notify  coap.o
    0x00020324   0x0000002c   Code   RO         1183    i.app_notify        pstorage.o
    0x00020350   0x00000024   Code   RO         1184    i.app_notify_error_state_transit  pstorage.o
    0x00020374   0x00000024   Code   RO         2765    i.app_timer_create  app_timer.o
    0x00020398   0x00000090   Code   RO         2766    i.app_timer_init    app_timer.o
    0x00020428   0x00000080   Code   RO         2767    i.app_timer_start   app_timer.o
    0x000204a8   0x00000050   Code   RO         2768    i.app_timer_stop    app_timer.o
    0x000204f8   0x00000100   Code   RO         2100    i.ble_6lowpan_evt_handler  ipv6.o
    0x000205f8   0x0000003c   Code   RO         3143    i.ble_6lowpan_init  ble_6lowpan.lib(ble_6lowpan.o)
    0x00020634   0x000000c0   Code   RO         3145    i.ble_6lowpan_interface_send  ble_6lowpan.lib(ble_6lowpan.o)
    0x000206f4   0x00000068   Code   RO          493    i.ble_advdata_set   ble_advdata.o
    0x0002075c   0x0000005e   Code   RO          494    i.ble_device_addr_encode  ble_advdata.o
    0x000207ba   0x00000018   Code   RO         2193    i.ble_evt_dispatch  ipv6_medium_ble.o
    0x000207d2   0x00000002   PAD
    0x000207d4   0x00000058   Code   RO         3179    i.ble_ipsp_disconnect  ble_6lowpan.lib(ble_ipsp.o)
    0x0002082c   0x000002f0   Code   RO         3180    i.ble_ipsp_evt_handler  ble_6lowpan.lib(ble_ipsp.o)
    0x00020b1c   0x00000040   Code   RO         3181    i.ble_ipsp_init     ble_6lowpan.lib(ble_ipsp.o)
    0x00020b5c   0x0000004c   Code   RO         3182    i.ble_ipsp_send     ble_6lowpan.lib(ble_ipsp.o)
    0x00020ba8   0x0000010c   Code   RO         2420    i.ble_ncfgs_ble_evt_handler  ble_ncfgs.o
    0x00020cb4   0x00000054   Code   RO         2421    i.ble_ncfgs_create_database  ble_ncfgs.o
    0x00020d08   0x00000020   Code   RO         2422    i.ble_ncfgs_init    ble_ncfgs.o
    0x00020d28   0x00000050   Code   RO         2194    i.ble_stack_init    ipv6_medium_ble.o
    0x00020d78   0x00000094   Code   RO            8    i.blink_timeout_handler  main.o
    0x00020e0c   0x00000020   Code   RO         2924    i.block_init        mem_manager.o
    0x00020e2c   0x0000000e   Code   RO            9    i.button_event_handler  main.o
    0x00020e3a   0x00000002   PAD
    0x00020e3c   0x0000001c   Code   RO          815    i.channel_free      nrf_drv_gpiote.o
    0x00020e58   0x00000030   Code   RO         3183    i.channel_init      ble_6lowpan.lib(ble_ipsp.o)
    0x00020e88   0x00000048   Code   RO          816    i.channel_port_alloc  nrf_drv_gpiote.o
    0x00020ed0   0x00000010   Code   RO          817    i.channel_port_get  nrf_drv_gpiote.o
    0x00020ee0   0x0000002c   Code   RO         3184    i.channel_search    ble_6lowpan.lib(ble_ipsp.o)
    0x00020f0c   0x000000fc   Code   RO         1185    i.clear_operation_execute  pstorage.o
    0x00021008   0x00000020   Code   RO         1186    i.clear_post_processing_run  pstorage.o
    0x00021028   0x00000034   Code   RO         1187    i.cmd_process       pstorage.o
    0x0002105c   0x00000020   Code   RO         1188    i.cmd_queue_element_init  pstorage.o
    0x0002107c   0x00000054   Code   RO         1189    i.cmd_queue_enqueue  pstorage.o
    0x000210d0   0x0000014c   Code   RO           10    i.coap_endpoints_init  main.o
    0x0002121c   0x00000002   Code   RO           11    i.coap_error_handler  main.o
    0x0002121e   0x00000002   PAD
    0x00021220   0x0000000c   Code   RO         1424    i.coap_error_handler_register  coap.o
    0x0002122c   0x00000030   Code   RO         1425    i.coap_init         coap.o
    0x0002125c   0x0000004c   Code   RO         1560    i.coap_message_accept_mask_get  coap_message.o
    0x000212a8   0x00000052   Code   RO         1561    i.coap_message_create  coap_message.o
    0x000212fa   0x00000072   Code   RO         1563    i.coap_message_ct_match_select  coap_message.o
    0x0002136c   0x000000c6   Code   RO         1564    i.coap_message_decode  coap_message.o
    0x00021432   0x00000014   Code   RO         1427    i.coap_message_delete  coap.o
    0x00021446   0x00000002   PAD
    0x00021448   0x000000f0   Code   RO         1565    i.coap_message_encode  coap_message.o
    0x00021538   0x00000074   Code   RO         1428    i.coap_message_new  coap.o
    0x000215ac   0x00000088   Code   RO         1571    i.coap_message_opt_uint_add  coap_message.o
    0x00021634   0x00000018   Code   RO         1572    i.coap_message_payload_set  coap_message.o
    0x0002164c   0x0000000c   Code   RO         1573    i.coap_message_remote_addr_set  coap_message.o
    0x00021658   0x00000004   Code   RO         1429    i.coap_message_send  coap.o
    0x0002165c   0x00000078   Code   RO         1667    i.coap_opt_uint_decode  coap_option.o
    0x000216d4   0x00000056   Code   RO         1668    i.coap_opt_uint_encode  coap_option.o
    0x0002172a   0x00000002   PAD
    0x0002172c   0x0000005c   Code   RO         1695    i.coap_queue_add    coap_queue.o
    0x00021788   0x00000034   Code   RO         1696    i.coap_queue_init   coap_queue.o
    0x000217bc   0x00000038   Code   RO         1697    i.coap_queue_item_by_mid_get  coap_queue.o
    0x000217f4   0x0000004c   Code   RO         1698    i.coap_queue_item_by_token_get  coap_queue.o
    0x00021840   0x00000054   Code   RO         1699    i.coap_queue_item_next_get  coap_queue.o
    0x00021894   0x00000044   Code   RO         1700    i.coap_queue_remove  coap_queue.o
    0x000218d8   0x00000024   Code   RO         1740    i.coap_resource_child_add  coap_resource.o
    0x000218fc   0x00000048   Code   RO         1741    i.coap_resource_create  coap_resource.o
    0x00021944   0x00000068   Code   RO         1742    i.coap_resource_get  coap_resource.o
    0x000219ac   0x0000000c   Code   RO         1743    i.coap_resource_init  coap_resource.o
    0x000219b8   0x0000004c   Code   RO         1745    i.coap_resource_well_known_generate  coap_resource.o
    0x00021a04   0x00000080   Code   RO         1431    i.coap_time_tick    coap.o
    0x00021a84   0x00000060   Code   RO         1792    i.coap_transport_init  coap_transport_ipv6.o
    0x00021ae4   0x00000002   Code   RO         1793    i.coap_transport_process  coap_transport_ipv6.o
    0x00021ae6   0x00000002   PAD
    0x00021ae8   0x00000248   Code   RO         1432    i.coap_transport_read  coap.o
    0x00021d30   0x00000088   Code   RO         1794    i.coap_transport_write  coap_transport_ipv6.o
    0x00021db8   0x00000040   Code   RO         1190    i.command_end_procedure_run  pstorage.o
    0x00021df8   0x00000024   Code   RO         2468    i.commissioning_adv_params_get  commissioning.o
    0x00021e1c   0x000000f0   Code   RO         2469    i.commissioning_ble_evt_handler  commissioning.o
    0x00021f0c   0x00000078   Code   RO         2195    i.commissioning_evt_handler  ipv6_medium_ble.o
    0x00021f84   0x00000024   Code   RO         2470    i.commissioning_gap_params_get  commissioning.o
    0x00021fa8   0x0000002c   Code   RO           12    i.commissioning_id_mode_cb  main.o
    0x00021fd4   0x00000108   Code   RO         2471    i.commissioning_init  commissioning.o
    0x000220dc   0x00000020   Code   RO         2472    i.commissioning_joining_mode_timer_ctrl  commissioning.o
    0x000220fc   0x00000090   Code   RO         2473    i.commissioning_node_mode_change  commissioning.o
    0x0002218c   0x0000000c   Code   RO           13    i.commissioning_power_off_cb  main.o
    0x00022198   0x00000030   Code   RO         2474    i.commissioning_settings_clear  commissioning.o
    0x000221c8   0x00000038   Code   RO         2475    i.commissioning_time_tick  commissioning.o
    0x00022200   0x00000018   Code   RO         2476    i.commissioning_timer_start  commissioning.o
    0x00022218   0x00000018   Code   RO         2477    i.commissioning_timer_stop_reset  commissioning.o
    0x00022230   0x000000ac   Code   RO         2770    i.compare_reg_update  app_timer.o
    0x000222dc   0x00000064   Code   RO         2478    i.config_mode_adv_params_set  commissioning.o
    0x00022340   0x00000050   Code   RO         2479    i.config_mode_gap_params_set  commissioning.o
    0x00022390   0x00000030   Code   RO         2480    i.config_mode_timeout_handler  commissioning.o
    0x000223c0   0x00000088   Code   RO          495    i.conn_int_encode   ble_advdata.o
    0x00022448   0x00000024   Code   RO           14    i.connectable_mode_enter  main.o
    0x0002246c   0x00000034   Code   RO         1574    i.content_format_to_bit  coap_message.o
    0x000224a0   0x00000044   Code   RO         1924    i.context_find_by_cid  iot_context_manager.o
    0x000224e4   0x000000ac   Code   RO         1925    i.context_find_by_prefix  iot_context_manager.o
    0x00022590   0x00000014   Code   RO         1926    i.context_init      iot_context_manager.o
    0x000225a4   0x00000014   Code   RO         1927    i.context_table_find  iot_context_manager.o
    0x000225b8   0x0000003c   Code   RO         1928    i.context_table_init  iot_context_manager.o
    0x000225f4   0x000000a6   Code   RO         1433    i.create_response   coap.o
    0x0002269a   0x00000002   PAD
    0x0002269c   0x0000006c   Code   RO         2423    i.ctrlp_value_decode  ble_ncfgs.o
    0x00022708   0x00000054   Code   RO         1191    i.data_page_erase_state_run  pstorage.o
    0x0002275c   0x00000020   Code   RO         1192    i.data_to_swap_write_state_run  pstorage.o
    0x0002277c   0x0000007a   Code   RO         1575    i.decode_option     coap_message.o
    0x000227f6   0x00000002   PAD
    0x000227f8   0x00000060   Code   RO         2619    i.detection_delay_timeout_handler  app_button.o
    0x00022858   0x00000126   Code   RO         1846    i.echo_reply_send   icmp6.o
    0x0002297e   0x00000002   PAD
    0x00022980   0x00000040   Code   RO         2771    i.elapsed_ticks_acquire  app_timer.o
    0x000229c0   0x000000c0   Code   RO         1576    i.encode_option     coap_message.o
    0x00022a80   0x0000001c   Code   RO         1193    i.flash_api_err_code_process  pstorage.o
    0x00022a9c   0x0000008c   Code   RO         1194    i.flash_operation_success_run  pstorage.o
    0x00022b28   0x00000006   Code   RO         1195    i.flash_page_erase  pstorage.o
    0x00022b2e   0x00000006   Code   RO         1196    i.flash_write       pstorage.o
    0x00022b34   0x00000044   Code   RO         2196    i.gap_params_apply  ipv6_medium_ble.o
    0x00022b78   0x000000e4   Code   RO         1746    i.generate_path     coap_resource.o
    0x00022c5c   0x0000003c   Code   RO         2925    i.get_block_cat     mem_manager.o
    0x00022c98   0x00000018   Code   RO         2926    i.get_block_size    mem_manager.o
    0x00022cb0   0x00000058   Code   RO         2620    i.gpiote_event_handler  app_button.o
    0x00022d08   0x00000148   Code   RO           15    i.handle_led_request  main.o
    0x00022e50   0x00000078   Code   RO         1197    i.head_restore_state_run  pstorage.o
    0x00022ec8   0x00000004   Code   RO           16    i.icmp6_handler     main.o
    0x00022ecc   0x00000014   Code   RO         1848    i.icmp6_init        icmp6.o
    0x00022ee0   0x000000e4   Code   RO         1849    i.icmp6_input       icmp6.o
    0x00022fc4   0x00000020   Code   RO         1851    i.icmp6_receive_register  icmp6.o
    0x00022fe4   0x00000110   Code   RO         1852    i.icmp6_rs_send     icmp6.o
    0x000230f4   0x00000012   Code   RO         1853    i.icmp_ip_header    icmp6.o
    0x00023106   0x00000002   PAD
    0x00023108   0x0000001c   Code   RO         2481    i.identity_mode_timeout_handler  commissioning.o
    0x00023124   0x0000002c   Code   RO         3146    i.instance_init     ble_6lowpan.lib(ble_6lowpan.o)
    0x00023150   0x00000054   Code   RO         3147    i.interface_add     ble_6lowpan.lib(ble_6lowpan.o)
    0x000231a4   0x00000026   Code   RO         2101    i.interface_reset   ipv6.o
    0x000231ca   0x00000002   PAD
    0x000231cc   0x00000078   Code   RO         3033    i.intern_softdevice_events_execute  softdevice_handler.o
    0x00023244   0x00000106   Code   RO         1434    i.internal_coap_message_send  coap.o
    0x0002334a   0x00000002   PAD
    0x0002334c   0x00000040   Code   RO         1929    i.iot_context_manager_get_by_addr  iot_context_manager.o
    0x0002338c   0x00000044   Code   RO         1930    i.iot_context_manager_get_by_cid  iot_context_manager.o
    0x000233d0   0x00000018   Code   RO         1931    i.iot_context_manager_init  iot_context_manager.o
    0x000233e8   0x00000058   Code   RO         1932    i.iot_context_manager_remove  iot_context_manager.o
    0x00023440   0x00000044   Code   RO         1933    i.iot_context_manager_table_alloc  iot_context_manager.o
    0x00023484   0x00000034   Code   RO         1934    i.iot_context_manager_table_free  iot_context_manager.o
    0x000234b8   0x000000f4   Code   RO         1935    i.iot_context_manager_update  iot_context_manager.o
    0x000235ac   0x00000074   Code   RO         2003    i.iot_pbuffer_allocate  iot_pbuffer.o
    0x00023620   0x00000040   Code   RO         2004    i.iot_pbuffer_free  iot_pbuffer.o
    0x00023660   0x0000002c   Code   RO         2005    i.iot_pbuffer_init  iot_pbuffer.o
    0x0002368c   0x00000048   Code   RO         2065    i.iot_timer_client_list_set  iot_timer.o
    0x000236d4   0x00000018   Code   RO           17    i.iot_timer_tick_callback  main.o
    0x000236ec   0x0000004c   Code   RO         2066    i.iot_timer_update  iot_timer.o
    0x00023738   0x00000068   Code   RO           18    i.ip_app_handler    main.o
    0x000237a0   0x000003d0   Code   RO         3148    i.iphc_decode       ble_6lowpan.lib(ble_6lowpan.o)
    0x00023b70   0x00000460   Code   RO         3149    i.iphc_encode       ble_6lowpan.lib(ble_6lowpan.o)
    0x00023fd0   0x0000009c   Code   RO         3150    i.iphc_nhc_decode   ble_6lowpan.lib(ble_6lowpan.o)
    0x0002406c   0x00000090   Code   RO         3151    i.iphc_nhc_encode   ble_6lowpan.lib(ble_6lowpan.o)
    0x000240fc   0x00000194   Code   RO         3152    i.ipsp_evt_handler  ble_6lowpan.lib(ble_6lowpan.o)
    0x00024290   0x000000dc   Code   RO         2102    i.ipv6_address_find_best_match  ipv6.o
    0x0002436c   0x00000074   Code   RO         2103    i.ipv6_address_remove  ipv6.o
    0x000243e0   0x00000020   Code   RO         2104    i.ipv6_address_set  ipv6.o
    0x00024400   0x0000005e   Code   RO         2322    i.ipv6_checksum_calculate  ipv6_utils.o
    0x0002445e   0x00000016   Code   RO         2323    i.ipv6_header_init  ipv6_utils.o
    0x00024474   0x00000074   Code   RO         2105    i.ipv6_init         ipv6.o
    0x000244e8   0x00000060   Code   RO         2106    i.ipv6_input        ipv6.o
    0x00024548   0x00000044   Code   RO         2197    i.ipv6_medium_connectable_mode_enter  ipv6_medium_ble.o
    0x0002458c   0x00000020   Code   RO         2198    i.ipv6_medium_connectable_mode_exit  ipv6_medium_ble.o
    0x000245ac   0x00000028   Code   RO         2199    i.ipv6_medium_eui48_get  ipv6_medium_ble.o
    0x000245d4   0x00000030   Code   RO         2200    i.ipv6_medium_eui48_set  ipv6_medium_ble.o
    0x00024604   0x00000064   Code   RO         2201    i.ipv6_medium_eui64_get  ipv6_medium_ble.o
    0x00024668   0x0000005c   Code   RO         2203    i.ipv6_medium_init  ipv6_medium_ble.o
    0x000246c4   0x00000038   Code   RO         2107    i.ipv6_send         ipv6.o
    0x000246fc   0x00000016   Code   RO         1435    i.is_ack            coap.o
    0x00024712   0x00000048   Code   RO         3153    i.is_context_cover_iid  ble_6lowpan.lib(ble_6lowpan.o)
    0x0002475a   0x00000002   PAD
    0x0002475c   0x00000044   Code   RO         1198    i.is_page_erase_required  pstorage.o
    0x000247a0   0x0000000e   Code   RO         1436    i.is_request        coap.o
    0x000247ae   0x0000000c   Code   RO         1199    i.is_word_aligned   pstorage.o
    0x000247ba   0x00000002   PAD
    0x000247bc   0x00000084   Code   RO         2482    i.joining_mode_adv_params_set  commissioning.o
    0x00024840   0x00000054   Code   RO         2483    i.joining_mode_gap_params_set  commissioning.o
    0x00024894   0x00000030   Code   RO         2484    i.joining_mode_timeout_handler  commissioning.o
    0x000248c4   0x00000054   Code   RO          496    i.le_role_encode    ble_advdata.o
    0x00024918   0x0000000a   Code   RO           19    i.led3_callback     main.o
    0x00024922   0x0000000a   Code   RO           20    i.led4_callback     main.o
    0x0002492c   0x0000006c   Code   RO           21    i.led_value_get     main.o
    0x00024998   0x000000bc   Code   RO         2772    i.list_deletions_handler  app_timer.o
    0x00024a54   0x000000cc   Code   RO         2773    i.list_insertions_handler  app_timer.o
    0x00024b20   0x000001bc   Code   RO           22    i.main              main.o
    0x00024cdc   0x00000014   Code   RO         1200    i.main_state_err_busy_process  pstorage.o
    0x00024cf0   0x00000064   Code   RO          497    i.manuf_specific_data_encode  ble_advdata.o
    0x00024d54   0x0000009c   Code   RO          498    i.name_encode       ble_advdata.o
    0x00024df0   0x0000001a   Code   RO          752    i.nrf_delay_ms      nrf_delay.o
    0x00024e0a   0x00000038   Code   RO          783    i.nrf_drv_common_irq_enable  nrf_drv_common.o
    0x00024e42   0x00000002   PAD
    0x00024e44   0x000000a4   Code   RO          820    i.nrf_drv_gpiote_in_event_enable  nrf_drv_gpiote.o
    0x00024ee8   0x000000b8   Code   RO          821    i.nrf_drv_gpiote_in_init  nrf_drv_gpiote.o
    0x00024fa0   0x00000014   Code   RO          822    i.nrf_drv_gpiote_in_is_set  nrf_drv_gpiote.o
    0x00024fb4   0x00000054   Code   RO          824    i.nrf_drv_gpiote_init  nrf_drv_gpiote.o
    0x00025008   0x00000014   Code   RO          825    i.nrf_drv_gpiote_is_init  nrf_drv_gpiote.o
    0x0002501c   0x00000040   Code   RO         2928    i.nrf_free          mem_manager.o
    0x0002505c   0x00000022   Code   RO          837    i.nrf_gpio_cfg      nrf_drv_gpiote.o
    0x0002507e   0x0000001c   Code   RO          839    i.nrf_gpio_cfg_sense_set  nrf_drv_gpiote.o
    0x0002509a   0x00000002   PAD
    0x0002509c   0x00000014   Code   RO          840    i.nrf_gpiote_event_clear  nrf_drv_gpiote.o
    0x000250b0   0x00000010   Code   RO          841    i.nrf_gpiote_event_is_set  nrf_drv_gpiote.o
    0x000250c0   0x00000020   Code   RO         2930    i.nrf_mem_init      mem_manager.o
    0x000250e0   0x000000b4   Code   RO         2931    i.nrf_mem_reserve   mem_manager.o
    0x00025194   0x0000000a   Code   RO         1028    i.nrf_uart_event_check  nrf_drv_uart.o
    0x0002519e   0x0000000c   Code   RO         1029    i.nrf_uart_int_enable_check  nrf_drv_uart.o
    0x000251aa   0x0000000a   Code   RO         1030    i.nrf_uarte_event_check  nrf_drv_uart.o
    0x000251b4   0x00000080   Code   RO         2204    i.on_ble_evt        ipv6_medium_ble.o
    0x00025234   0x000000c4   Code   RO         2485    i.on_ble_ncfgs_evt  commissioning.o
    0x000252f8   0x00000002   Code   RO           23    i.on_ipv6_medium_error  main.o
    0x000252fa   0x00000002   PAD
    0x000252fc   0x00000018   Code   RO           24    i.on_ipv6_medium_evt  main.o
    0x00025314   0x00000050   Code   RO         2007    i.pbuffer_allocate  iot_pbuffer.o
    0x00025364   0x00000028   Code   RO         2008    i.pbuffer_find      iot_pbuffer.o
    0x0002538c   0x0000000e   Code   RO         2009    i.pbuffer_init      iot_pbuffer.o
    0x0002539a   0x00000002   PAD
    0x0002539c   0x00000018   Code   RO          842    i.pin_in_use_by_port  nrf_drv_gpiote.o
    0x000253b4   0x00000018   Code   RO          843    i.pin_in_use_by_te  nrf_drv_gpiote.o
    0x000253cc   0x00000048   Code   RO         1795    i.port_data_callback  coap_transport_ipv6.o
    0x00025414   0x00000038   Code   RO         2486    i.print_node_settings  commissioning.o
    0x0002544c   0x00000002   Code   RO         2487    i.pstorage_cb_handler  commissioning.o
    0x0002544e   0x00000002   PAD
    0x00025450   0x0000009c   Code   RO         1203    i.pstorage_clear    pstorage.o
    0x000254ec   0x0000000a   Code   RO         1204    i.pstorage_flash_page_size  pstorage.o
    0x000254f6   0x00000002   PAD
    0x000254f8   0x00000064   Code   RO         1205    i.pstorage_init     pstorage.o
    0x0002555c   0x000000a8   Code   RO         1206    i.pstorage_load     pstorage.o
    0x00025604   0x000000b4   Code   RO         1207    i.pstorage_register  pstorage.o
    0x000256b8   0x00000048   Code   RO         1209    i.pstorage_sys_event_handler  pstorage.o
    0x00025700   0x00000088   Code   RO         1210    i.pstorage_update   pstorage.o
    0x00025788   0x00000136   Code   RO         1854    i.ra_input          icmp6.o
    0x000258be   0x00000002   PAD
    0x000258c0   0x0000007c   Code   RO         2488    i.read_node_settings  commissioning.o
    0x0002593c   0x0000003c   Code   RO         2774    i.rtc1_stop         app_timer.o
    0x00025978   0x00000024   Code   RO         1032    i.rx_byte           nrf_drv_uart.o
    0x0002599c   0x00000024   Code   RO         1033    i.rx_done_event     nrf_drv_uart.o
    0x000259c0   0x00000042   Code   RO         1437    i.send_error_response  coap.o
    0x00025a02   0x00000002   PAD
    0x00025a04   0x00000088   Code   RO          499    i.service_data_encode  ble_advdata.o
    0x00025a8c   0x0000003c   Code   RO         1211    i.sm_state_change   pstorage.o
    0x00025ac8   0x0000000c   Code   RO         3034    i.softdevice_assertion_handler  softdevice_handler.o
    0x00025ad4   0x00000014   Code   RO         3035    i.softdevice_ble_evt_handler_set  softdevice_handler.o
    0x00025ae8   0x00000030   Code   RO         3036    i.softdevice_handler_init  softdevice_handler.o
    0x00025b18   0x00000014   Code   RO         3039    i.softdevice_sys_evt_handler_set  softdevice_handler.o
    0x00025b2c   0x00000068   Code   RO         1212    i.state_data_erase_swap_entry_run  pstorage.o
    0x00025b94   0x0000000c   Code   RO         1213    i.state_erase_data_page_entry_run  pstorage.o
    0x00025ba0   0x00000030   Code   RO         1214    i.state_restore_head_entry_run  pstorage.o
    0x00025bd0   0x00000050   Code   RO         1215    i.state_restore_tail_entry_run  pstorage.o
    0x00025c20   0x00000022   Code   RO         1216    i.state_swap_erase_entry_run  pstorage.o
    0x00025c42   0x00000002   PAD
    0x00025c44   0x00000034   Code   RO         1217    i.state_write_data_swap_entry_run  pstorage.o
    0x00025c78   0x0000005c   Code   RO         1218    i.store_cmd_flash_write_execute  pstorage.o
    0x00025cd4   0x00000018   Code   RO         1219    i.swap_erase_state_run  pstorage.o
    0x00025cec   0x00000014   Code   RO         1220    i.swap_sub_state_err_busy_process  pstorage.o
    0x00025d00   0x00000014   Code   RO         1221    i.swap_sub_state_state_change  pstorage.o
    0x00025d14   0x00000004   Code   RO         2205    i.sys_evt_dispatch  ipv6_medium_ble.o
    0x00025d18   0x00000014   Code   RO         1222    i.tail_restore_state_run  pstorage.o
    0x00025d2c   0x0000008c   Code   RO         2775    i.timer_list_handler  app_timer.o
    0x00025db8   0x0000003c   Code   RO         2776    i.timer_list_insert  app_timer.o
    0x00025df4   0x00000088   Code   RO         2777    i.timer_timeouts_check  app_timer.o
    0x00025e7c   0x00000024   Code   RO         1035    i.tx_byte           nrf_drv_uart.o
    0x00025ea0   0x0000001c   Code   RO         3154    i.tx_complete       ble_6lowpan.lib(ble_6lowpan.o)
    0x00025ebc   0x00000024   Code   RO         1036    i.tx_done_event     nrf_drv_uart.o
    0x00025ee0   0x00000058   Code   RO         3155    i.tx_send           ble_6lowpan.lib(ble_6lowpan.o)
    0x00025f38   0x00000022   Code   RO         2010    i.type_offset_get   iot_pbuffer.o
    0x00025f5a   0x00000002   PAD
    0x00025f5c   0x0000004c   Code   RO         2340    i.udp6_socket_allocate  udp6.o
    0x00025fa8   0x00000040   Code   RO         2341    i.udp6_socket_app_data_set  udp6.o
    0x00025fe8   0x00000084   Code   RO         2342    i.udp6_socket_bind  udp6.o
    0x0002606c   0x00000040   Code   RO         2344    i.udp6_socket_free  udp6.o
    0x000260ac   0x0000004c   Code   RO         2345    i.udp6_socket_recv  udp6.o
    0x000260f8   0x00000148   Code   RO         2347    i.udp6_socket_sendto  udp6.o
    0x00026240   0x00000030   Code   RO         2348    i.udp_init          udp6.o
    0x00026270   0x0000016c   Code   RO         2349    i.udp_input         udp6.o
    0x000263dc   0x0000001c   Code   RO         2350    i.udp_socket_init   udp6.o
    0x000263f8   0x0000000a   Code   RO          500    i.uint16_encode     ble_advdata.o
    0x00026402   0x00000002   PAD
    0x00026404   0x00000044   Code   RO         2778    i.user_id_get       app_timer.o
    0x00026448   0x00000028   Code   RO         2779    i.user_op_alloc     app_timer.o
    0x00026470   0x00000030   Code   RO          501    i.uuid_list_encode  ble_advdata.o
    0x000264a0   0x0000009e   Code   RO          502    i.uuid_list_sized_encode  ble_advdata.o
    0x0002653e   0x00000002   PAD
    0x00026540   0x000000dc   Code   RO           25    i.well_known_core_callback  main.o
    0x0002661c   0x00000034   Data   RO           28    .constdata          main.o
    0x00026650   0x00000018   Data   RO           29    .constdata          main.o
    0x00026668   0x00000028   Data   RO         1224    .constdata          pstorage.o
    0x00026690   0x00000010   Data   RO         2425    .constdata          ble_ncfgs.o
    0x000266a0   0x00000008   Data   RO         2622    .constdata          app_button.o
    0x000266a8   0x00000070   Data   RO         2934    .constdata          mem_manager.o
    0x00026718   0x00000008   Data   RO         3157    .constdata          ble_6lowpan.lib(ble_6lowpan.o)
    0x00026720   0x00000020   Data   RO         3534    Region$$Table       anon$$obj.o


    Execution Region RW_IRAM1 (Base: 0x20002800, Size: 0x00005638, Max: 0x0000d800, ABSOLUTE, COMPRESSED[0x00000048])

    Base Addr    Size         Type   Attr      Idx    E Section Name        Object

    0x20002800   0x00000062   Data   RW           30    .data               main.o
    0x20002862   0x00000002   PAD
    0x20002864   0x00000024   Data   RW         1225    .data               pstorage.o
    0x20002888   0x00000090   Data   RW         1438    .data               coap.o
    0x20002918   0x00000001   Data   RW         1702    .data               coap_queue.o
    0x20002919   0x00000003   PAD
    0x2000291c   0x00000004   Data   RW         1748    .data               coap_resource.o
    0x20002920   0x00000008   Data   RW         1796    .data               coap_transport_ipv6.o
    0x20002928   0x00000008   Data   RW         1855    .data               icmp6.o
    0x20002930   0x00000001   Data   RW         1937    .data               iot_context_manager.o
    0x20002931   0x00000001   Data   RW         2012    .data               iot_pbuffer.o
    0x20002932   0x00000002   PAD
    0x20002934   0x00000008   Data   RW         2069    .data               iot_timer.o
    0x2000293c   0x00000010   Data   RW         2109    .data               ipv6.o
    0x2000294c   0x0000002b   Data   RW         2207    .data               ipv6_medium_ble.o
    0x20002977   0x00000001   Data   RW         2352    .data               udp6.o
    0x20002978   0x00000008   Data   RW         2426    .data               ble_ncfgs.o
    0x20002980   0x0000001c   Data   RW         2490    .data               commissioning.o
    0x2000299c   0x00000014   Data   RW         2623    .data               app_button.o
    0x200029b0   0x00000020   Data   RW         2780    .data               app_timer.o
    0x200029d0   0x00000008   Data   RW         2935    .data               mem_manager.o
    0x200029d8   0x00000014   Data   RW         3040    .data               softdevice_handler.o
    0x200029ec   0x00000004   Data   RW         3109    .data               system_nrf52.o
    0x200029f0   0x0000000c   Data   RW         3158    .data               ble_6lowpan.lib(ble_6lowpan.o)
    0x200029fc   0x00000004   Data   RW         3187    .data               ble_6lowpan.lib(ble_ipsp.o)
    0x20002a00   0x00000020   Zero   RW           26    .bss                main.o
    0x20002a20   0x00000518   Zero   RW           27    .bss                main.o
    0x20002f38   0x00000058   Zero   RW          844    .bss                nrf_drv_gpiote.o
    0x20002f90   0x00000018   Zero   RW         1037    .bss                nrf_drv_uart.o
    0x20002fa8   0x00000274   Zero   RW         1223    .bss                pstorage.o
    0x2000321c   0x000000f0   Zero   RW         1701    .bss                coap_queue.o
    0x2000330c   0x0000006a   Zero   RW         1747    .bss                coap_resource.o
    0x20003376   0x00000002   PAD
    0x20003378   0x00000188   Zero   RW         1936    .bss                iot_context_manager.o
    0x20003500   0x000000c8   Zero   RW         2011    .bss                iot_pbuffer.o
    0x200035c8   0x0000004c   Zero   RW         2108    .bss                ipv6.o
    0x20003614   0x00000048   Zero   RW         2206    .bss                ipv6_medium_ble.o
    0x2000365c   0x00000084   Zero   RW         2351    .bss                udp6.o
    0x200036e0   0x00000061   Zero   RW         2424    .bss                ble_ncfgs.o
    0x20003741   0x00000007   PAD
    0x20003748   0x000001d8   Zero   RW         2489    .bss                commissioning.o
    0x20003920   0x00000020   Zero   RW         2621    .bss                app_button.o
    0x20003940   0x00001000   Zero   RW         2933    .bss                mem_manager.o
    0x20004940   0x000000ec   Zero   RW         3156    .bss                ble_6lowpan.lib(ble_6lowpan.o)
    0x20004a2c   0x0000140c   Zero   RW         3185    .bss                ble_6lowpan.lib(ble_ipsp.o)
    0x20005e38   0x00002000   Zero   RW         3097    STACK               arm_startup_nrf52.o


==============================================================================

Image component sizes


      Code (inc. data)   RO Data    RW Data    ZI Data      Debug   Object Name

       332         34          8         20         32       9134   app_button.o
      1776        100          0         32          0      50679   app_timer.o
        36         10       1024          0       8192        868   arm_startup_nrf52.o
      1540          0          0          0          0      19424   ble_advdata.o
       972         50         16          8         97       7825   ble_ncfgs.o
         0          0          0          0          0       3984   bsp.o
      1458         24          0        144          0      20015   coap.o
      1248          0          0          0          0      12410   coap_message.o
       206          6          0          0          0       2562   coap_option.o
       428         42          0          1        240       6082   coap_queue.o
       528         32          0          4        106       6866   coap_resource.o
       306         22          0          8          0       7502   coap_transport_ipv6.o
      1814        216          0         28        472      23675   commissioning.o
      1204         24          0          8          0      12404   icmp6.o
       948         66          0          1        392      13555   iot_context_manager.o
       392         36          0          1        200       8169   iot_pbuffer.o
       148          8          0          8          0       3419   iot_timer.o
      1266         78          0         16         76      22182   ipv6.o
       840         74          0         43         72      13392   ipv6_medium_ble.o
       116          0          0          0          0       2297   ipv6_utils.o
      1982        186         76         98       1336     151695   main.o
       392         40        112          8       4096      10388   mem_manager.o
       144          0          0          0          0       1863   nrf_delay.o
        56          0          0          0          0      28439   nrf_drv_common.o
       994         94          0          0         88      22888   nrf_drv_gpiote.o
       576         36          0          0         24      18302   nrf_drv_uart.o
      2500        226         40         36        628      35904   pstorage.o
       260         32          0         20          0       6929   softdevice_handler.o
       288         34          0          4          0       2087   system_nrf52.o
      1180         78          0          1        132      11979   udp6.o

    ----------------------------------------------------------------------
     23990       1548       1308        496      16192     536918   Object Totals
         0          0         32          0          0          0   (incl. Generated)
        60          0          0          7          9          0   (incl. Padding)

    ----------------------------------------------------------------------

      Code (inc. data)   RO Data    RW Data    ZI Data      Debug   Library Member Name

      3368         48          8         12        236       1592   ble_6lowpan.o
      1072         40          0          4       5132        776   ble_ipsp.o
        86          0          0          0          0          0   __dczerorl2.o
         0          0          0          0          0          0   entry.o
         0          0          0          0          0          0   entry10a.o
         0          0          0          0          0          0   entry11a.o
         8          4          0          0          0          0   entry2.o
         4          0          0          0          0          0   entry5.o
         0          0          0          0          0          0   entry7b.o
         0          0          0          0          0          0   entry8b.o
         8          4          0          0          0          0   entry9a.o
        30          0          0          0          0          0   handlers.o
        36          8          0          0          0         68   init.o
        26          0          0          0          0         80   memcmp.o
        36          0          0          0          0         68   memcpya.o
        36          0          0          0          0        108   memseta.o
       390         10          0          0          0        252   printf1.o
        14          0          0          0          0         68   strlen.o
        30          0          0          0          0         80   strncmp.o
        24          0          0          0          0         76   strncpy.o
        44          0          0          0          0         80   uidiv.o

    ----------------------------------------------------------------------
      5222        114          8         16       5368       3248   Library Totals
        10          0          0          0          0          0   (incl. Padding)

    ----------------------------------------------------------------------

      Code (inc. data)   RO Data    RW Data    ZI Data      Debug   Library Name

      4440         88          8         16       5368       2368   ble_6lowpan.lib
       772         26          0          0          0        880   mc_w.l

    ----------------------------------------------------------------------
      5222        114          8         16       5368       3248   Library Totals

    ----------------------------------------------------------------------

==============================================================================


      Code (inc. data)   RO Data    RW Data    ZI Data      Debug   

     29212       1662       1316        512      21560     512286   Grand Totals
     29212       1662       1316         72      21560     512286   ELF Image Totals (compressed)
     29212       1662       1316         72          0          0   ROM Totals

==============================================================================

    Total RO  Size (Code + RO Data)                30528 (  29.81kB)
    Total RW  Size (RW Data + ZI Data)             22072 (  21.55kB)
    Total ROM Size (Code + RO Data + RW Data)      30600 (  29.88kB)

==============================================================================

